[2025/09/20 12:53:36.230] - Starting server with initial configuration: {"gasLimit":6721975,"gasPrice":20000000000,"hardfork":"merge","hostname":"127.0.0.1","port":7545,"network_id":5777,"default_balance_ether":100,"total_accounts":10,"unlocked_accounts":[],"locked":false,"vmErrorsOnRPCResponse":true,"verbose":false,"flavor":"ethereum","db_path":"C:\\Users\\akram\\AppData\\Roaming\\Ganache\\ui\\workspaces\\REBCWS\\chaindata","mnemonic":"toward reward before broccoli until dance stem year achieve boring hybrid load","logDirectory":"C:\\Users\\akram\\OneDrive\\Bureau\\real_estate_project\\logs"}
[2025/09/20 12:53:36.365] - eth_subscribe
[2025/09/20 12:53:36.368] - eth_getLogs
[2025/09/20 12:53:36.369] - eth_subscribe
[2025/09/20 12:53:36.369] - eth_subscribe
[2025/09/20 12:53:36.370] - eth_getLogs
[2025/09/20 12:53:36.371] - eth_subscribe
[2025/09/20 12:53:36.391] - eth_gasPrice
[2025/09/20 12:53:36.391] - eth_getBlockByNumber
[2025/09/20 12:53:36.392] - eth_subscribe
[2025/09/20 12:53:36.392] - eth_blockNumber
[2025/09/20 12:53:36.393] - eth_accounts
[2025/09/20 12:53:36.394] - eth_blockNumber
[2025/09/20 12:53:36.395] - eth_accounts
[2025/09/20 12:53:36.395] - eth_gasPrice
[2025/09/20 12:53:36.395] - eth_getBlockByNumber
[2025/09/20 12:53:36.396] - eth_subscribe
[2025/09/20 12:53:36.398] - eth_accounts
[2025/09/20 12:53:36.405] - eth_getBalance
[2025/09/20 12:53:36.406] - eth_getTransactionCount
[2025/09/20 12:53:36.408] - eth_getBalance
[2025/09/20 12:53:36.409] - eth_getTransactionCount
[2025/09/20 12:53:36.410] - eth_getBalance
[2025/09/20 12:53:36.411] - eth_getTransactionCount
[2025/09/20 12:53:36.412] - eth_getBalance
[2025/09/20 12:53:36.413] - eth_getTransactionCount
[2025/09/20 12:53:36.415] - eth_getBalance
[2025/09/20 12:53:36.416] - eth_getTransactionCount
[2025/09/20 12:53:36.418] - eth_getBalance
[2025/09/20 12:53:36.419] - eth_getTransactionCount
[2025/09/20 12:53:36.421] - eth_getBalance
[2025/09/20 12:53:36.422] - eth_getTransactionCount
[2025/09/20 12:53:36.424] - eth_getBalance
[2025/09/20 12:53:36.426] - eth_getTransactionCount
[2025/09/20 12:53:36.427] - eth_getBalance
[2025/09/20 12:53:36.428] - eth_getTransactionCount
[2025/09/20 12:53:36.429] - eth_getBalance
[2025/09/20 12:53:36.430] - eth_getTransactionCount
[2025/09/20 12:53:36.453] - eth_getBalance
[2025/09/20 12:53:36.454] - eth_getTransactionCount
[2025/09/20 12:53:36.455] - eth_getBalance
[2025/09/20 12:53:36.457] - eth_getTransactionCount
[2025/09/20 12:53:36.459] - eth_getBalance
[2025/09/20 12:53:36.460] - eth_getTransactionCount
[2025/09/20 12:53:36.462] - eth_getBalance
[2025/09/20 12:53:36.463] - eth_getTransactionCount
[2025/09/20 12:53:36.465] - eth_getBalance
[2025/09/20 12:53:36.466] - eth_getTransactionCount
[2025/09/20 12:53:36.468] - eth_getBalance
[2025/09/20 12:53:36.470] - eth_getTransactionCount
[2025/09/20 12:53:36.471] - eth_getBalance
[2025/09/20 12:53:36.473] - eth_getTransactionCount
[2025/09/20 12:53:36.474] - eth_getBalance
[2025/09/20 12:53:36.475] - eth_getTransactionCount
[2025/09/20 12:53:36.477] - eth_getBalance
[2025/09/20 12:53:36.478] - eth_getTransactionCount
[2025/09/20 12:53:36.479] - eth_getBalance
[2025/09/20 12:53:36.480] - eth_getTransactionCount
[2025/09/20 12:53:36.483] - eth_getBalance
[2025/09/20 12:53:36.485] - eth_getTransactionCount
[2025/09/20 12:53:36.486] - eth_getBalance
[2025/09/20 12:53:36.488] - eth_getTransactionCount
[2025/09/20 12:53:36.489] - eth_getBalance
[2025/09/20 12:53:36.490] - eth_getTransactionCount
[2025/09/20 12:53:36.492] - eth_getBalance
[2025/09/20 12:53:36.493] - eth_getTransactionCount
[2025/09/20 12:53:36.495] - eth_getBalance
[2025/09/20 12:53:36.496] - eth_getTransactionCount
[2025/09/20 12:53:36.498] - eth_getBalance
[2025/09/20 12:53:36.499] - eth_getTransactionCount
[2025/09/20 12:53:36.500] - eth_getBalance
[2025/09/20 12:53:36.501] - eth_getTransactionCount
[2025/09/20 12:53:36.502] - eth_getBalance
[2025/09/20 12:53:36.504] - eth_getTransactionCount
[2025/09/20 12:53:36.505] - eth_getBalance
[2025/09/20 12:53:36.507] - eth_getTransactionCount
[2025/09/20 12:53:36.508] - eth_getBalance
[2025/09/20 12:53:36.510] - eth_getTransactionCount
[2025/09/20 12:53:36.526] - eth_getBalance
[2025/09/20 12:53:36.527] - eth_getTransactionCount
[2025/09/20 12:53:36.529] - eth_getBalance
[2025/09/20 12:53:36.532] - eth_getTransactionCount
[2025/09/20 12:53:36.534] - eth_getBalance
[2025/09/20 12:53:36.535] - eth_getTransactionCount
[2025/09/20 12:53:36.537] - eth_getBalance
[2025/09/20 12:53:36.540] - eth_getTransactionCount
[2025/09/20 12:53:36.541] - eth_getBalance
[2025/09/20 12:53:36.543] - eth_getTransactionCount
[2025/09/20 12:53:36.545] - eth_getBalance
[2025/09/20 12:53:36.547] - eth_getTransactionCount
[2025/09/20 12:53:36.549] - eth_getBalance
[2025/09/20 12:53:36.550] - eth_getTransactionCount
[2025/09/20 12:53:36.552] - eth_getBalance
[2025/09/20 12:53:36.555] - eth_getTransactionCount
[2025/09/20 12:53:36.557] - eth_getBalance
[2025/09/20 12:53:36.559] - eth_getTransactionCount
[2025/09/20 12:53:36.560] - eth_getBalance
[2025/09/20 12:53:36.562] - eth_getTransactionCount
[2025/09/20 12:54:17.457] - eth_blockNumber
[2025/09/20 12:54:17.468] - net_version
[2025/09/20 12:54:17.473] - eth_accounts
[2025/09/20 12:54:17.500] - eth_getBlockByNumber
[2025/09/20 12:54:17.504] - eth_accounts
[2025/09/20 12:54:17.520] - net_version
[2025/09/20 12:54:17.522] - eth_getBlockByNumber
[2025/09/20 12:54:17.525] - eth_getBlockByNumber
[2025/09/20 12:54:17.528] - net_version
[2025/09/20 12:54:17.532] - eth_getBlockByNumber
[2025/09/20 12:54:17.541] - eth_estimateGas
[2025/09/20 12:54:17.574] - net_version
[2025/09/20 12:54:17.575] - eth_blockNumber
[2025/09/20 12:54:17.578] - eth_getBlockByNumber
[2025/09/20 12:54:17.583] - eth_sendTransaction
[2025/09/20 12:54:17.597] - 
  Transaction: 0x719e64a5ea7b30089a008f9ede6a8dadf164b50b53d6b618a26a44951e1fb8c1
  Contract created: 0xfc2cda1fc0c068d0f64141128a25233460e93b5c
  Gas usage: 6721975
  Block number: 3
  Block time: Sat Sep 20 2025 12:54:17 GMT+0100 (heure normale d’Afrique de l’Ouest)
  Runtime error: invalid opcode

[2025/09/20 12:54:17.602] - eth_getBlockByNumber
[2025/09/20 12:54:17.606] - eth_call
[2025/09/20 12:54:17.609] - eth_getBalance
[2025/09/20 12:54:17.612] - eth_getTransactionCount
[2025/09/20 12:54:17.615] - eth_getBalance
[2025/09/20 12:54:17.619] - eth_getTransactionCount
[2025/09/20 12:54:17.623] - eth_getBalance
[2025/09/20 12:54:17.626] - eth_getTransactionCount
[2025/09/20 12:54:17.630] - eth_getBalance
[2025/09/20 12:54:17.634] - eth_getTransactionCount
[2025/09/20 12:54:17.637] - eth_getBalance
[2025/09/20 12:54:17.640] - eth_getTransactionCount
[2025/09/20 12:54:17.644] - eth_getBalance
[2025/09/20 12:54:17.647] - eth_getTransactionCount
[2025/09/20 12:54:17.650] - eth_getBalance
[2025/09/20 12:54:17.655] - eth_getTransactionCount
[2025/09/20 12:54:17.658] - eth_getBalance
[2025/09/20 12:54:17.661] - eth_getTransactionCount
[2025/09/20 12:54:17.666] - eth_getBalance
[2025/09/20 12:54:17.669] - eth_getTransactionCount
[2025/09/20 12:54:17.672] - eth_getBalance
[2025/09/20 12:54:17.676] - eth_getTransactionCount
[2025/09/20 12:57:50.896] - eth_getBlockByNumber
[2025/09/20 12:57:50.913] - eth_getBlockTransactionCountByHash
[2025/09/20 12:57:50.925] - eth_getBlockByNumber
[2025/09/20 12:57:50.937] - eth_getBlockTransactionCountByHash
[2025/09/20 12:57:50.951] - eth_getBlockByNumber
[2025/09/20 12:57:50.962] - eth_getBlockTransactionCountByHash
[2025/09/20 12:57:50.971] - eth_getBlockByNumber
[2025/09/20 12:57:50.982] - eth_getBlockTransactionCountByHash
[2025/09/20 12:57:59.179] - eth_getBlockByNumber
[2025/09/20 12:57:59.194] - eth_getTransactionReceipt
[2025/09/20 12:58:47.723] - eth_unsubscribe
[2025/09/20 12:58:47.724] - eth_unsubscribe
