[2025/09/20 12:44:36.779] - Starting server with initial configuration: {"gasLimit":6721975,"gasPrice":20000000000,"hardfork":"merge","hostname":"127.0.0.1","port":7545,"network_id":5777,"default_balance_ether":100,"total_accounts":10,"unlocked_accounts":[],"locked":false,"vmErrorsOnRPCResponse":true,"verbose":false,"flavor":"ethereum","db_path":"C:\\Users\\akram\\AppData\\Roaming\\Ganache\\ui\\workspaces\\REBCWS\\chaindata","mnemonic":"toward reward before broccoli until dance stem year achieve boring hybrid load","logDirectory":"C:\\Users\\akram\\OneDrive\\Bureau\\real_estate_project\\logs"}
[2025/09/20 12:44:36.953] - eth_subscribe
[2025/09/20 12:44:36.955] - eth_getLogs
[2025/09/20 12:44:36.956] - eth_subscribe
[2025/09/20 12:44:36.957] - eth_subscribe
[2025/09/20 12:44:36.957] - eth_getLogs
[2025/09/20 12:44:36.958] - eth_subscribe
[2025/09/20 12:44:37.078] - eth_blockNumber
[2025/09/20 12:44:37.079] - eth_accounts
[2025/09/20 12:44:37.080] - eth_gasPrice
[2025/09/20 12:44:37.080] - eth_getBlockByNumber
[2025/09/20 12:44:37.081] - eth_subscribe
[2025/09/20 12:44:37.082] - eth_blockNumber
[2025/09/20 12:44:37.083] - eth_accounts
[2025/09/20 12:44:37.083] - eth_gasPrice
[2025/09/20 12:44:37.083] - eth_getBlockByNumber
[2025/09/20 12:44:37.084] - eth_subscribe
[2025/09/20 12:44:37.095] - eth_accounts
[2025/09/20 12:44:37.127] - eth_getBalance
[2025/09/20 12:44:37.130] - eth_getTransactionCount
[2025/09/20 12:44:37.133] - eth_getBalance
[2025/09/20 12:44:37.138] - eth_getTransactionCount
[2025/09/20 12:44:37.141] - eth_getBalance
[2025/09/20 12:44:37.144] - eth_getTransactionCount
[2025/09/20 12:44:37.152] - eth_getBalance
[2025/09/20 12:44:37.156] - eth_getTransactionCount
[2025/09/20 12:44:37.160] - eth_getBalance
[2025/09/20 12:44:37.165] - eth_getTransactionCount
[2025/09/20 12:44:37.169] - eth_getBalance
[2025/09/20 12:44:37.174] - eth_getTransactionCount
[2025/09/20 12:44:37.179] - eth_getBalance
[2025/09/20 12:44:37.185] - eth_getTransactionCount
[2025/09/20 12:44:37.190] - eth_getBalance
[2025/09/20 12:44:37.194] - eth_getTransactionCount
[2025/09/20 12:44:37.200] - eth_getBalance
[2025/09/20 12:44:37.208] - eth_getTransactionCount
[2025/09/20 12:44:37.212] - eth_getBalance
[2025/09/20 12:44:37.215] - eth_getTransactionCount
[2025/09/20 12:44:37.225] - eth_getBalance
[2025/09/20 12:44:37.228] - eth_getTransactionCount
[2025/09/20 12:44:37.232] - eth_getBalance
[2025/09/20 12:44:37.234] - eth_getTransactionCount
[2025/09/20 12:44:37.237] - eth_getBalance
[2025/09/20 12:44:37.241] - eth_getTransactionCount
[2025/09/20 12:44:37.244] - eth_getBalance
[2025/09/20 12:44:37.247] - eth_getTransactionCount
[2025/09/20 12:44:37.250] - eth_getBalance
[2025/09/20 12:44:37.253] - eth_getTransactionCount
[2025/09/20 12:44:37.257] - eth_getBalance
[2025/09/20 12:44:37.260] - eth_getTransactionCount
[2025/09/20 12:44:37.263] - eth_getBalance
[2025/09/20 12:44:37.266] - eth_getTransactionCount
[2025/09/20 12:44:37.270] - eth_getBalance
[2025/09/20 12:44:37.272] - eth_getTransactionCount
[2025/09/20 12:44:37.275] - eth_getBalance
[2025/09/20 12:44:37.278] - eth_getTransactionCount
[2025/09/20 12:44:37.281] - eth_getBalance
[2025/09/20 12:44:37.284] - eth_getTransactionCount
[2025/09/20 12:44:37.287] - eth_getBalance
[2025/09/20 12:44:37.290] - eth_getTransactionCount
[2025/09/20 12:44:37.293] - eth_getBalance
[2025/09/20 12:44:37.296] - eth_getTransactionCount
[2025/09/20 12:44:37.299] - eth_getBalance
[2025/09/20 12:44:37.302] - eth_getTransactionCount
[2025/09/20 12:44:37.307] - eth_getBalance
[2025/09/20 12:44:37.317] - eth_getTransactionCount
[2025/09/20 12:44:37.321] - eth_getBalance
[2025/09/20 12:44:37.323] - eth_getTransactionCount
[2025/09/20 12:44:37.327] - eth_getBalance
[2025/09/20 12:44:37.331] - eth_getTransactionCount
[2025/09/20 12:44:37.333] - eth_getBalance
[2025/09/20 12:44:37.336] - eth_getTransactionCount
[2025/09/20 12:44:37.339] - eth_getBalance
[2025/09/20 12:44:37.342] - eth_getTransactionCount
[2025/09/20 12:44:37.346] - eth_getBalance
[2025/09/20 12:44:37.349] - eth_getTransactionCount
[2025/09/20 12:44:37.352] - eth_getBalance
[2025/09/20 12:44:37.355] - eth_getTransactionCount
[2025/09/20 12:44:37.406] - eth_getBalance
[2025/09/20 12:44:37.410] - eth_getTransactionCount
[2025/09/20 12:44:37.412] - eth_getBalance
[2025/09/20 12:44:37.416] - eth_getTransactionCount
[2025/09/20 12:44:37.420] - eth_getBalance
[2025/09/20 12:44:37.423] - eth_getTransactionCount
[2025/09/20 12:44:37.426] - eth_getBalance
[2025/09/20 12:44:37.430] - eth_getTransactionCount
[2025/09/20 12:44:37.441] - eth_getBalance
[2025/09/20 12:44:37.442] - eth_getTransactionCount
[2025/09/20 12:44:37.442] - eth_getBalance
[2025/09/20 12:44:37.447] - eth_getTransactionCount
[2025/09/20 12:44:37.450] - eth_getBalance
[2025/09/20 12:44:37.453] - eth_getTransactionCount
[2025/09/20 12:44:37.456] - eth_getBalance
[2025/09/20 12:44:37.460] - eth_getTransactionCount
[2025/09/20 12:44:37.463] - eth_getBalance
[2025/09/20 12:44:37.468] - eth_getTransactionCount
[2025/09/20 12:44:37.471] - eth_getBalance
[2025/09/20 12:44:37.475] - eth_getTransactionCount
[2025/09/20 12:44:50.165] - eth_blockNumber
[2025/09/20 12:44:50.179] - net_version
[2025/09/20 12:44:50.182] - eth_accounts
[2025/09/20 12:44:50.194] - eth_getBlockByNumber
[2025/09/20 12:44:50.199] - eth_accounts
[2025/09/20 12:44:50.214] - net_version
[2025/09/20 12:44:50.216] - eth_getBlockByNumber
[2025/09/20 12:44:50.220] - eth_getBlockByNumber
[2025/09/20 12:44:50.225] - net_version
[2025/09/20 12:44:50.229] - eth_getBlockByNumber
[2025/09/20 12:44:50.236] - eth_estimateGas
[2025/09/20 12:44:50.272] - net_version
[2025/09/20 12:44:50.273] - eth_blockNumber
[2025/09/20 12:44:50.276] - eth_getBlockByNumber
[2025/09/20 12:44:50.279] - eth_sendTransaction
[2025/09/20 12:44:50.301] - 
  Transaction: 0x78696e4c75f29fda0558db3f246221c5ea13500f3d87f8663f8a16783cc60d25
  Contract created: 0x2dad57715c05f3e0411c35a7c0f46e06a5bd7ce8
  Gas usage: 6721975
  Block number: 1
  Block time: Sat Sep 20 2025 12:44:50 GMT+0100 (heure normale d’Afrique de l’Ouest)
  Runtime error: invalid opcode

[2025/09/20 12:44:50.305] - eth_call
[2025/09/20 12:44:50.308] - eth_getBlockByNumber
[2025/09/20 12:44:50.312] - eth_getBalance
[2025/09/20 12:44:50.317] - eth_getTransactionCount
[2025/09/20 12:44:50.323] - eth_getBalance
[2025/09/20 12:44:50.333] - eth_getTransactionCount
[2025/09/20 12:44:50.339] - eth_getBalance
[2025/09/20 12:44:50.344] - eth_getTransactionCount
[2025/09/20 12:44:50.349] - eth_getBalance
[2025/09/20 12:44:50.354] - eth_getTransactionCount
[2025/09/20 12:44:50.359] - eth_getBalance
[2025/09/20 12:44:50.364] - eth_getTransactionCount
[2025/09/20 12:44:50.371] - eth_getBalance
[2025/09/20 12:44:50.378] - eth_getTransactionCount
[2025/09/20 12:44:50.389] - eth_getBalance
[2025/09/20 12:44:50.394] - eth_getTransactionCount
[2025/09/20 12:44:50.398] - eth_getBalance
[2025/09/20 12:44:50.402] - eth_getTransactionCount
[2025/09/20 12:44:50.407] - eth_getBalance
[2025/09/20 12:44:50.410] - eth_getTransactionCount
[2025/09/20 12:44:50.414] - eth_getBalance
[2025/09/20 12:44:50.418] - eth_getTransactionCount
[2025/09/20 12:50:18.070] - eth_blockNumber
[2025/09/20 12:50:18.083] - net_version
[2025/09/20 12:50:18.086] - eth_accounts
[2025/09/20 12:50:18.115] - eth_getBlockByNumber
[2025/09/20 12:50:18.120] - eth_accounts
[2025/09/20 12:50:18.149] - net_version
[2025/09/20 12:50:18.151] - eth_getBlockByNumber
[2025/09/20 12:50:18.154] - eth_getBlockByNumber
[2025/09/20 12:50:18.157] - net_version
[2025/09/20 12:50:18.160] - eth_getBlockByNumber
[2025/09/20 12:50:18.169] - eth_estimateGas
[2025/09/20 12:50:18.205] - net_version
[2025/09/20 12:50:18.206] - eth_blockNumber
[2025/09/20 12:50:18.209] - eth_getBlockByNumber
[2025/09/20 12:50:18.214] - eth_sendTransaction
[2025/09/20 12:50:18.235] - 
  Transaction: 0xbffb5d1e7cbae50487dd1d2b4bd48ea3fcaa44a34f67867bcf5f834cc9b7500e
  Contract created: 0x3cce3fec311b5906353730539cbf854d1a258bce
  Gas usage: 6721975
  Block number: 2
  Block time: Sat Sep 20 2025 12:50:18 GMT+0100 (heure normale d’Afrique de l’Ouest)
  Runtime error: invalid opcode

[2025/09/20 12:50:18.237] - eth_getBlockByNumber
[2025/09/20 12:50:18.247] - eth_getBalance
[2025/09/20 12:50:18.251] - eth_call
[2025/09/20 12:50:18.254] - eth_getTransactionCount
[2025/09/20 12:50:18.257] - eth_getBalance
[2025/09/20 12:50:18.261] - eth_getTransactionCount
[2025/09/20 12:50:18.265] - eth_getBalance
[2025/09/20 12:50:18.270] - eth_getTransactionCount
[2025/09/20 12:50:18.274] - eth_getBalance
[2025/09/20 12:50:18.278] - eth_getTransactionCount
[2025/09/20 12:50:18.282] - eth_getBalance
[2025/09/20 12:50:18.287] - eth_getTransactionCount
[2025/09/20 12:50:18.292] - eth_getBalance
[2025/09/20 12:50:18.303] - eth_getTransactionCount
[2025/09/20 12:50:18.308] - eth_getBalance
[2025/09/20 12:50:18.312] - eth_getTransactionCount
[2025/09/20 12:50:18.318] - eth_getBalance
[2025/09/20 12:50:18.325] - eth_getTransactionCount
[2025/09/20 12:50:18.333] - eth_getBalance
[2025/09/20 12:50:18.343] - eth_getTransactionCount
[2025/09/20 12:50:18.347] - eth_getBalance
[2025/09/20 12:50:18.359] - eth_getTransactionCount
[2025/09/20 12:51:49.424] - eth_unsubscribe
[2025/09/20 12:51:49.425] - eth_unsubscribe
