[2025/09/20 13:14:08.647] - Starting server with initial configuration: {"gasLimit":6721975,"gasPrice":20000000000,"hardfork":"merge","hostname":"127.0.0.1","port":8545,"network_id":5777,"default_balance_ether":100,"total_accounts":10,"unlocked_accounts":[],"locked":false,"vmErrorsOnRPCResponse":true,"verbose":false,"flavor":"ethereum","db_path":"C:\\Users\\akram\\AppData\\Roaming\\Ganache\\ui\\workspaces\\REBCWS\\chaindata","mnemonic":"toward reward before broccoli until dance stem year achieve boring hybrid load","logDirectory":"C:\\Users\\akram\\OneDrive\\Bureau\\real_estate_project\\logs"}
[2025/09/20 13:14:08.765] - eth_subscribe
[2025/09/20 13:14:08.767] - eth_getLogs
[2025/09/20 13:14:08.767] - eth_subscribe
[2025/09/20 13:14:08.768] - eth_subscribe
[2025/09/20 13:14:08.768] - eth_getLogs
[2025/09/20 13:14:08.769] - eth_subscribe
[2025/09/20 13:14:09.044] - eth_blockNumber
[2025/09/20 13:14:09.045] - eth_accounts
[2025/09/20 13:14:09.045] - eth_gasPrice
[2025/09/20 13:14:09.046] - eth_getBlockByNumber
[2025/09/20 13:14:09.046] - eth_subscribe
[2025/09/20 13:14:09.048] - eth_blockNumber
[2025/09/20 13:14:09.049] - eth_accounts
[2025/09/20 13:14:09.049] - eth_gasPrice
[2025/09/20 13:14:09.049] - eth_getBlockByNumber
[2025/09/20 13:14:09.050] - eth_subscribe
[2025/09/20 13:14:09.051] - eth_accounts
[2025/09/20 13:14:09.056] - eth_getBalance
[2025/09/20 13:14:09.058] - eth_getTransactionCount
[2025/09/20 13:14:09.059] - eth_getBalance
[2025/09/20 13:14:09.060] - eth_getTransactionCount
[2025/09/20 13:14:09.061] - eth_getBalance
[2025/09/20 13:14:09.062] - eth_getTransactionCount
[2025/09/20 13:14:09.063] - eth_getBalance
[2025/09/20 13:14:09.064] - eth_getTransactionCount
[2025/09/20 13:14:09.065] - eth_getBalance
[2025/09/20 13:14:09.066] - eth_getTransactionCount
[2025/09/20 13:14:09.066] - eth_getBalance
[2025/09/20 13:14:09.067] - eth_getTransactionCount
[2025/09/20 13:14:09.068] - eth_getBalance
[2025/09/20 13:14:09.069] - eth_getTransactionCount
[2025/09/20 13:14:09.070] - eth_getBalance
[2025/09/20 13:14:09.071] - eth_getTransactionCount
[2025/09/20 13:14:09.072] - eth_getBalance
[2025/09/20 13:14:09.073] - eth_getTransactionCount
[2025/09/20 13:14:09.074] - eth_getBalance
[2025/09/20 13:14:09.077] - eth_getTransactionCount
[2025/09/20 13:14:09.087] - eth_getBalance
[2025/09/20 13:14:09.088] - eth_getTransactionCount
[2025/09/20 13:14:09.089] - eth_getBalance
[2025/09/20 13:14:09.090] - eth_getTransactionCount
[2025/09/20 13:14:09.091] - eth_getBalance
[2025/09/20 13:14:09.092] - eth_getTransactionCount
[2025/09/20 13:14:09.092] - eth_getBalance
[2025/09/20 13:14:09.093] - eth_getTransactionCount
[2025/09/20 13:14:09.094] - eth_getBalance
[2025/09/20 13:14:09.095] - eth_getTransactionCount
[2025/09/20 13:14:09.095] - eth_getBalance
[2025/09/20 13:14:09.096] - eth_getTransactionCount
[2025/09/20 13:14:09.097] - eth_getBalance
[2025/09/20 13:14:09.098] - eth_getTransactionCount
[2025/09/20 13:14:09.099] - eth_getBalance
[2025/09/20 13:14:09.100] - eth_getTransactionCount
[2025/09/20 13:14:09.101] - eth_getBalance
[2025/09/20 13:14:09.101] - eth_getTransactionCount
[2025/09/20 13:14:09.102] - eth_getBalance
[2025/09/20 13:14:09.103] - eth_getTransactionCount
[2025/09/20 13:14:09.104] - eth_getBalance
[2025/09/20 13:14:09.104] - eth_getTransactionCount
[2025/09/20 13:14:09.105] - eth_getBalance
[2025/09/20 13:14:09.106] - eth_getTransactionCount
[2025/09/20 13:14:09.107] - eth_getBalance
[2025/09/20 13:14:09.108] - eth_getTransactionCount
[2025/09/20 13:14:09.109] - eth_getBalance
[2025/09/20 13:14:09.110] - eth_getTransactionCount
[2025/09/20 13:14:09.110] - eth_getBalance
[2025/09/20 13:14:09.112] - eth_getTransactionCount
[2025/09/20 13:14:09.113] - eth_getBalance
[2025/09/20 13:14:09.113] - eth_getTransactionCount
[2025/09/20 13:14:09.114] - eth_getBalance
[2025/09/20 13:14:09.115] - eth_getTransactionCount
[2025/09/20 13:14:09.116] - eth_getBalance
[2025/09/20 13:14:09.116] - eth_getTransactionCount
[2025/09/20 13:14:09.117] - eth_getBalance
[2025/09/20 13:14:09.118] - eth_getTransactionCount
[2025/09/20 13:14:09.119] - eth_getBalance
[2025/09/20 13:14:09.120] - eth_getTransactionCount
[2025/09/20 13:14:09.145] - eth_getTransactionCount
[2025/09/20 13:14:09.145] - eth_getBalance
[2025/09/20 13:14:09.146] - eth_getTransactionCount
[2025/09/20 13:14:09.147] - eth_getBalance
[2025/09/20 13:14:09.148] - eth_getTransactionCount
[2025/09/20 13:14:09.149] - eth_getBalance
[2025/09/20 13:14:09.150] - eth_getTransactionCount
[2025/09/20 13:14:09.151] - eth_getBalance
[2025/09/20 13:14:09.151] - eth_getTransactionCount
[2025/09/20 13:14:09.153] - eth_getBalance
[2025/09/20 13:14:09.153] - eth_getTransactionCount
[2025/09/20 13:14:09.154] - eth_getBalance
[2025/09/20 13:14:09.155] - eth_getTransactionCount
[2025/09/20 13:14:09.156] - eth_getBalance
[2025/09/20 13:14:09.157] - eth_getTransactionCount
[2025/09/20 13:14:09.157] - eth_getBalance
[2025/09/20 13:14:09.158] - eth_getTransactionCount
[2025/09/20 13:14:46.458] - eth_blockNumber
[2025/09/20 13:14:46.469] - net_version
[2025/09/20 13:14:46.473] - eth_accounts
[2025/09/20 13:14:46.493] - eth_getBlockByNumber
[2025/09/20 13:14:46.497] - eth_accounts
[2025/09/20 13:14:46.525] - net_version
[2025/09/20 13:14:46.530] - eth_getBlockByNumber
[2025/09/20 13:14:46.533] - eth_getBlockByNumber
[2025/09/20 13:14:46.537] - net_version
[2025/09/20 13:14:46.540] - eth_getBlockByNumber
[2025/09/20 13:14:46.548] - eth_estimateGas
[2025/09/20 13:14:46.607] - net_version
[2025/09/20 13:14:46.608] - eth_blockNumber
[2025/09/20 13:14:46.610] - eth_getBlockByNumber
[2025/09/20 13:14:46.614] - eth_sendTransaction
[2025/09/20 13:14:46.631] - 
  Transaction: 0x2368219a819e6b4a3ae8d869d0fac6b9d427afcec1b733e5e82af91daac1bf8a
  Contract created: 0x23d38338eb5961d5e0f25fd8f447f58cd844d7ec
  Gas usage: 837677
  Block number: 8
  Block time: Sat Sep 20 2025 13:14:46 GMT+0100 (heure normale d’Afrique de l’Ouest)

[2025/09/20 13:14:46.636] - eth_getTransactionReceipt
[2025/09/20 13:14:46.637] - eth_getBlockByNumber
[2025/09/20 13:14:46.641] - eth_getCode
[2025/09/20 13:14:46.645] - eth_getTransactionByHash
[2025/09/20 13:14:46.648] - eth_getBlockByNumber
[2025/09/20 13:14:46.650] - eth_getBalance
[2025/09/20 13:14:46.654] - eth_getBalance
[2025/09/20 13:14:46.658] - eth_getTransactionCount
[2025/09/20 13:14:46.662] - eth_getBalance
[2025/09/20 13:14:46.667] - eth_getTransactionCount
[2025/09/20 13:14:46.673] - eth_getBalance
[2025/09/20 13:14:46.676] - eth_getTransactionCount
[2025/09/20 13:14:46.682] - eth_getBalance
[2025/09/20 13:14:46.687] - eth_getTransactionCount
[2025/09/20 13:14:46.690] - eth_getBalance
[2025/09/20 13:14:46.694] - eth_getTransactionCount
[2025/09/20 13:14:46.697] - eth_getBalance
[2025/09/20 13:14:46.702] - eth_getTransactionCount
[2025/09/20 13:14:46.705] - eth_getBalance
[2025/09/20 13:14:46.710] - eth_getTransactionCount
[2025/09/20 13:14:46.719] - eth_getBalance
[2025/09/20 13:14:46.722] - eth_getTransactionCount
[2025/09/20 13:14:46.727] - eth_getBalance
[2025/09/20 13:14:46.733] - eth_getTransactionCount
[2025/09/20 13:14:46.741] - eth_getBalance
[2025/09/20 13:14:46.748] - eth_getTransactionCount
[2025/09/20 13:15:34.011] - eth_getBlockByNumber
[2025/09/20 13:15:34.038] - eth_getBlockTransactionCountByHash
[2025/09/20 13:15:34.053] - eth_getBlockByNumber
[2025/09/20 13:15:34.067] - eth_getBlockTransactionCountByHash
[2025/09/20 13:15:34.081] - eth_getBlockByNumber
[2025/09/20 13:15:34.101] - eth_getBlockTransactionCountByHash
[2025/09/20 13:15:34.115] - eth_getBlockByNumber
[2025/09/20 13:15:34.128] - eth_getBlockTransactionCountByHash
[2025/09/20 13:15:34.154] - eth_getBlockByNumber
[2025/09/20 13:15:34.172] - eth_getBlockTransactionCountByHash
[2025/09/20 13:15:34.186] - eth_getBlockByNumber
[2025/09/20 13:15:34.201] - eth_getBlockTransactionCountByHash
[2025/09/20 13:15:34.213] - eth_getBlockByNumber
[2025/09/20 13:15:34.227] - eth_getBlockTransactionCountByHash
[2025/09/20 13:15:34.242] - eth_getBlockByNumber
[2025/09/20 13:15:34.256] - eth_getBlockTransactionCountByHash
[2025/09/20 13:15:34.269] - eth_getBlockByNumber
[2025/09/20 13:15:34.282] - eth_getBlockTransactionCountByHash
[2025/09/20 13:23:07.197] - eth_blockNumber
[2025/09/20 13:23:07.209] - net_version
[2025/09/20 13:23:07.213] - eth_accounts
[2025/09/20 13:23:07.222] - eth_blockNumber
[2025/09/20 13:23:07.225] - net_version
[2025/09/20 13:23:49.557] - eth_getBlockByNumber
[2025/09/20 13:23:49.593] - eth_getTransactionReceipt
[2025/09/20 13:23:49.617] - eth_getBlockByNumber
[2025/09/20 13:23:49.634] - eth_getTransactionReceipt
[2025/09/20 13:23:49.652] - eth_getBlockByNumber
[2025/09/20 13:23:49.676] - eth_getTransactionReceipt
[2025/09/20 13:23:49.697] - eth_getBlockByNumber
[2025/09/20 13:23:49.712] - eth_getTransactionReceipt
[2025/09/20 13:23:49.731] - eth_getBlockByNumber
[2025/09/20 13:23:49.747] - eth_getTransactionReceipt
[2025/09/20 13:23:49.767] - eth_getBlockByNumber
[2025/09/20 13:23:49.781] - eth_getTransactionReceipt
[2025/09/20 13:23:49.800] - eth_getBlockByNumber
[2025/09/20 13:23:49.813] - eth_getTransactionReceipt
[2025/09/20 13:23:49.830] - eth_getBlockByNumber
[2025/09/20 13:23:49.844] - eth_getTransactionReceipt
[2025/09/20 13:23:49.861] - eth_getBlockByNumber
[2025/09/20 13:23:54.876] - eth_getTransactionByHash
[2025/09/20 13:29:34.671] - eth_unsubscribe
[2025/09/20 13:29:34.672] - eth_unsubscribe
