[2025/09/26 14:12:17.826] - Starting server with initial configuration: {"gasLimit":6721975,"gasPrice":20000000000,"hardfork":"merge","hostname":"127.0.0.1","port":8545,"network_id":5777,"default_balance_ether":100,"total_accounts":10,"unlocked_accounts":[],"locked":false,"vmErrorsOnRPCResponse":true,"verbose":false,"flavor":"ethereum","db_path":"C:\\Users\\akram\\AppData\\Roaming\\Ganache\\ui\\workspaces\\REBCWS\\chaindata","mnemonic":"toward reward before broccoli until dance stem year achieve boring hybrid load","logDirectory":"C:\\Users\\akram\\OneDrive\\Bureau\\real_estate_project\\logs"}
[2025/09/26 14:12:18.147] - eth_getCode
[2025/09/26 14:12:18.149] - eth_subscribe
[2025/09/26 14:12:18.150] - eth_getLogs
[2025/09/26 14:12:18.152] - eth_subscribe
[2025/09/26 14:12:18.155] - eth_getCode
[2025/09/26 14:12:18.156] - eth_subscribe
[2025/09/26 14:12:18.157] - eth_getLogs
[2025/09/26 14:12:18.158] - eth_subscribe
[2025/09/26 14:12:18.583] - eth_blockNumber
[2025/09/26 14:12:18.585] - eth_accounts
[2025/09/26 14:12:18.586] - eth_gasPrice
[2025/09/26 14:12:18.588] - eth_getBlockByNumber
[2025/09/26 14:12:18.589] - eth_subscribe
[2025/09/26 14:12:18.592] - eth_blockNumber
[2025/09/26 14:12:18.593] - eth_accounts
[2025/09/26 14:12:18.594] - eth_gasPrice
[2025/09/26 14:12:18.595] - eth_getBlockByNumber
[2025/09/26 14:12:18.595] - eth_subscribe
[2025/09/26 14:12:18.611] - eth_accounts
[2025/09/26 14:12:18.694] - eth_getBalance
[2025/09/26 14:12:18.702] - eth_getTransactionCount
[2025/09/26 14:12:18.709] - eth_getBalance
[2025/09/26 14:12:18.716] - eth_getTransactionCount
[2025/09/26 14:12:18.723] - eth_getBalance
[2025/09/26 14:12:18.731] - eth_getTransactionCount
[2025/09/26 14:12:18.740] - eth_getBalance
[2025/09/26 14:12:18.749] - eth_getTransactionCount
[2025/09/26 14:12:18.759] - eth_getBalance
[2025/09/26 14:12:18.769] - eth_getTransactionCount
[2025/09/26 14:12:18.781] - eth_getBalance
[2025/09/26 14:12:18.792] - eth_getTransactionCount
[2025/09/26 14:12:18.799] - eth_getBalance
[2025/09/26 14:12:18.806] - eth_getTransactionCount
[2025/09/26 14:12:18.815] - eth_getBalance
[2025/09/26 14:12:18.824] - eth_getTransactionCount
[2025/09/26 14:12:18.831] - eth_getBalance
[2025/09/26 14:12:18.839] - eth_getTransactionCount
[2025/09/26 14:12:18.845] - eth_getBalance
[2025/09/26 14:12:18.854] - eth_getTransactionCount
[2025/09/26 14:12:18.875] - eth_getBalance
[2025/09/26 14:12:18.885] - eth_getTransactionCount
[2025/09/26 14:12:18.894] - eth_getBalance
[2025/09/26 14:12:18.904] - eth_getTransactionCount
[2025/09/26 14:12:18.912] - eth_getBalance
[2025/09/26 14:12:18.918] - eth_getTransactionCount
[2025/09/26 14:12:18.925] - eth_getBalance
[2025/09/26 14:12:18.931] - eth_getTransactionCount
[2025/09/26 14:12:18.938] - eth_getBalance
[2025/09/26 14:12:18.946] - eth_getTransactionCount
[2025/09/26 14:12:18.954] - eth_getBalance
[2025/09/26 14:12:18.962] - eth_getTransactionCount
[2025/09/26 14:12:18.969] - eth_getBalance
[2025/09/26 14:12:18.977] - eth_getTransactionCount
[2025/09/26 14:12:18.983] - eth_getBalance
[2025/09/26 14:12:18.990] - eth_getTransactionCount
[2025/09/26 14:12:18.997] - eth_getBalance
[2025/09/26 14:12:19.007] - eth_getTransactionCount
[2025/09/26 14:12:19.015] - eth_getBalance
[2025/09/26 14:12:19.022] - eth_getTransactionCount
[2025/09/26 14:12:19.029] - eth_getBalance
[2025/09/26 14:12:19.036] - eth_getTransactionCount
[2025/09/26 14:12:19.042] - eth_getBalance
[2025/09/26 14:12:19.049] - eth_getTransactionCount
[2025/09/26 14:12:19.057] - eth_getBalance
[2025/09/26 14:12:19.065] - eth_getTransactionCount
[2025/09/26 14:12:19.073] - eth_getBalance
[2025/09/26 14:12:19.083] - eth_getTransactionCount
[2025/09/26 14:12:19.090] - eth_getBalance
[2025/09/26 14:12:19.100] - eth_getTransactionCount
[2025/09/26 14:12:19.111] - eth_getBalance
[2025/09/26 14:12:19.123] - eth_getTransactionCount
[2025/09/26 14:12:19.133] - eth_getBalance
[2025/09/26 14:12:19.141] - eth_getTransactionCount
[2025/09/26 14:12:19.151] - eth_getBalance
[2025/09/26 14:12:19.163] - eth_getTransactionCount
[2025/09/26 14:12:19.171] - eth_getBalance
[2025/09/26 14:12:19.178] - eth_getTransactionCount
[2025/09/26 14:12:19.185] - eth_getBalance
[2025/09/26 14:12:19.191] - eth_getTransactionCount
[2025/09/26 14:12:19.310] - eth_getBalance
[2025/09/26 14:12:19.316] - eth_getTransactionCount
[2025/09/26 14:12:19.322] - eth_getBalance
[2025/09/26 14:12:19.330] - eth_getTransactionCount
[2025/09/26 14:12:19.336] - eth_getBalance
[2025/09/26 14:12:19.343] - eth_getTransactionCount
[2025/09/26 14:12:19.348] - eth_getBalance
[2025/09/26 14:12:19.355] - eth_getTransactionCount
[2025/09/26 14:12:19.360] - eth_getBalance
[2025/09/26 14:12:19.367] - eth_getTransactionCount
[2025/09/26 14:12:19.373] - eth_getBalance
[2025/09/26 14:12:19.381] - eth_getTransactionCount
[2025/09/26 14:12:19.387] - eth_getBalance
[2025/09/26 14:12:19.392] - eth_getTransactionCount
[2025/09/26 14:12:19.398] - eth_getBalance
[2025/09/26 14:12:19.404] - eth_getTransactionCount
[2025/09/26 14:12:19.411] - eth_getBalance
[2025/09/26 14:12:19.417] - eth_getTransactionCount
[2025/09/26 14:12:19.422] - eth_getBalance
[2025/09/26 14:12:19.430] - eth_getTransactionCount
[2025/09/26 14:24:47.658] - eth_getBlockByNumber
[2025/09/26 14:24:47.690] - eth_getTransactionReceipt
[2025/09/26 14:24:47.716] - eth_getBlockByNumber
[2025/09/26 14:24:47.740] - eth_getTransactionReceipt
[2025/09/26 14:24:47.761] - eth_getBlockByNumber
[2025/09/26 14:24:47.773] - eth_getTransactionReceipt
[2025/09/26 14:24:47.791] - eth_getBlockByNumber
[2025/09/26 14:24:47.801] - eth_getTransactionReceipt
[2025/09/26 14:24:47.817] - eth_getBlockByNumber
[2025/09/26 14:24:47.826] - eth_getTransactionReceipt
[2025/09/26 14:24:47.841] - eth_getBlockByNumber
[2025/09/26 14:24:47.852] - eth_getTransactionReceipt
[2025/09/26 14:24:47.871] - eth_getBlockByNumber
[2025/09/26 14:24:47.882] - eth_getTransactionReceipt
[2025/09/26 14:24:47.915] - eth_getBlockByNumber
[2025/09/26 14:24:47.933] - eth_getTransactionReceipt
[2025/09/26 14:24:47.948] - eth_getBlockByNumber
[2025/09/26 14:24:47.961] - eth_getTransactionReceipt
[2025/09/26 14:24:47.974] - eth_getBlockByNumber
[2025/09/26 14:24:47.984] - eth_getTransactionReceipt
[2025/09/26 14:24:47.996] - eth_getBlockByNumber
[2025/09/26 14:24:48.004] - eth_getTransactionReceipt
[2025/09/26 14:24:50.515] - eth_getBlockByNumber
[2025/09/26 14:24:50.537] - eth_getTransactionReceipt
[2025/09/26 14:24:50.558] - eth_getBlockByNumber
[2025/09/26 14:24:50.578] - eth_getTransactionReceipt
[2025/09/26 14:24:50.593] - eth_getBlockByNumber
[2025/09/26 14:24:50.607] - eth_getTransactionReceipt
[2025/09/26 14:24:50.635] - eth_getBlockByNumber
[2025/09/26 14:24:50.645] - eth_getTransactionReceipt
[2025/09/26 14:24:50.660] - eth_getBlockByNumber
[2025/09/26 14:24:50.672] - eth_getTransactionReceipt
[2025/09/26 14:24:50.690] - eth_getBlockByNumber
[2025/09/26 14:24:50.702] - eth_getTransactionReceipt
[2025/09/26 14:24:50.722] - eth_getBlockByNumber
[2025/09/26 14:24:50.737] - eth_getTransactionReceipt
[2025/09/26 14:24:50.749] - eth_getBlockByNumber
[2025/09/26 14:24:50.762] - eth_getTransactionReceipt
[2025/09/26 14:24:50.774] - eth_getBlockByNumber
[2025/09/26 14:24:50.783] - eth_getTransactionReceipt
[2025/09/26 14:24:50.794] - eth_getBlockByNumber
[2025/09/26 14:24:50.804] - eth_getTransactionReceipt
[2025/09/26 14:24:50.816] - eth_getBlockByNumber
[2025/09/26 14:24:50.825] - eth_getTransactionReceipt
[2025/09/26 14:25:08.164] - eth_getBlockByNumber
[2025/09/26 14:25:08.179] - eth_getBlockTransactionCountByHash
[2025/09/26 14:25:08.190] - eth_getBlockByNumber
[2025/09/26 14:25:08.199] - eth_getBlockTransactionCountByHash
[2025/09/26 14:25:08.210] - eth_getBlockByNumber
[2025/09/26 14:25:08.221] - eth_getBlockTransactionCountByHash
[2025/09/26 14:25:08.231] - eth_getBlockByNumber
[2025/09/26 14:25:08.241] - eth_getBlockTransactionCountByHash
[2025/09/26 14:25:08.251] - eth_getBlockByNumber
[2025/09/26 14:25:08.267] - eth_getBlockTransactionCountByHash
[2025/09/26 14:25:08.280] - eth_getBlockByNumber
[2025/09/26 14:25:08.290] - eth_getBlockTransactionCountByHash
[2025/09/26 14:25:08.300] - eth_getBlockByNumber
[2025/09/26 14:25:08.309] - eth_getBlockTransactionCountByHash
[2025/09/26 14:25:08.318] - eth_getBlockByNumber
[2025/09/26 14:25:08.329] - eth_getBlockTransactionCountByHash
[2025/09/26 14:25:08.338] - eth_getBlockByNumber
[2025/09/26 14:25:08.347] - eth_getBlockTransactionCountByHash
[2025/09/26 14:25:08.359] - eth_getBlockByNumber
[2025/09/26 14:25:08.370] - eth_getBlockTransactionCountByHash
[2025/09/26 14:25:08.382] - eth_getBlockByNumber
[2025/09/26 14:25:08.392] - eth_getBlockTransactionCountByHash
[2025/09/26 14:25:08.399] - eth_getBlockByNumber
[2025/09/26 14:25:08.408] - eth_getBlockTransactionCountByHash
[2025/09/26 14:25:08.415] - eth_getBlockByNumber
[2025/09/26 14:25:08.424] - eth_getBlockTransactionCountByHash
[2025/09/26 14:25:08.439] - eth_getBlockByNumber
[2025/09/26 14:25:08.446] - eth_getBlockTransactionCountByHash
[2025/09/26 14:25:08.454] - eth_getBlockByNumber
[2025/09/26 14:25:08.462] - eth_getBlockTransactionCountByHash
[2025/09/26 14:25:08.469] - eth_getBlockByNumber
[2025/09/26 14:25:08.477] - eth_getBlockTransactionCountByHash
[2025/09/26 14:25:34.022] - eth_getTransactionByHash
[2025/09/26 15:12:40.629] - eth_blockNumber
[2025/09/26 15:12:40.653] - net_version
[2025/09/26 15:12:40.660] - eth_accounts
[2025/09/26 15:12:40.700] - eth_getBlockByNumber
[2025/09/26 15:12:40.709] - eth_accounts
[2025/09/26 15:12:40.759] - eth_getBlockByNumber
[2025/09/26 15:12:40.764] - eth_getBlockByNumber
[2025/09/26 15:12:40.770] - eth_getBlockByNumber
[2025/09/26 15:12:40.786] - eth_estimateGas
[2025/09/26 15:12:40.909] - eth_getBlockByNumber
[2025/09/26 15:12:40.910] - eth_blockNumber
[2025/09/26 15:12:40.917] - eth_sendTransaction
[2025/09/26 15:12:40.953] - 
  Transaction: 0x1bc4c711e54be37b641afc252debd9a5a7f0f004137a0ddc42a549c30e31dde3
  Contract created: 0x66a5f93b73b00a4a74b0c3a3a78deb7eb9d2d0b7
  Gas usage: 852594
  Block number: 43
  Block time: Fri Sep 26 2025 15:12:40 GMT+0100 (heure normale d’Afrique de l’Ouest)

[2025/09/26 15:12:40.960] - eth_getTransactionReceipt
[2025/09/26 15:12:40.962] - eth_getBlockByNumber
[2025/09/26 15:12:40.967] - eth_getCode
[2025/09/26 15:12:40.974] - eth_getTransactionByHash
[2025/09/26 15:12:40.979] - eth_getBlockByNumber
[2025/09/26 15:12:40.983] - eth_getBalance
[2025/09/26 15:12:40.988] - eth_getBalance
[2025/09/26 15:12:40.997] - eth_getTransactionCount
[2025/09/26 15:12:41.009] - eth_getBalance
[2025/09/26 15:12:41.017] - eth_getTransactionCount
[2025/09/26 15:12:41.033] - eth_getBalance
[2025/09/26 15:12:41.040] - eth_getTransactionCount
[2025/09/26 15:12:41.045] - eth_getBalance
[2025/09/26 15:12:41.055] - eth_getTransactionCount
[2025/09/26 15:12:41.066] - eth_getBalance
[2025/09/26 15:12:41.076] - eth_getTransactionCount
[2025/09/26 15:12:41.083] - eth_getBalance
[2025/09/26 15:12:41.089] - eth_getTransactionCount
[2025/09/26 15:12:41.097] - eth_getBalance
[2025/09/26 15:12:41.105] - eth_getTransactionCount
[2025/09/26 15:12:41.112] - eth_getBalance
[2025/09/26 15:12:41.119] - eth_getTransactionCount
[2025/09/26 15:12:41.128] - eth_getBalance
[2025/09/26 15:12:41.134] - eth_getTransactionCount
[2025/09/26 15:12:41.147] - eth_getBalance
[2025/09/26 15:12:41.170] - eth_getTransactionCount
[2025/09/26 16:31:33.576] - eth_unsubscribe
[2025/09/26 16:31:33.578] - eth_unsubscribe
