[2025/09/20 13:05:11.837] - Starting server with initial configuration: {"gasLimit":6721975,"gasPrice":20000000000,"hardfork":"merge","hostname":"127.0.0.1","port":7545,"network_id":5777,"default_balance_ether":100,"total_accounts":10,"unlocked_accounts":[],"locked":false,"vmErrorsOnRPCResponse":true,"verbose":false,"flavor":"ethereum","db_path":"C:\\Users\\akram\\AppData\\Roaming\\Ganache\\ui\\workspaces\\REBCWS\\chaindata","mnemonic":"toward reward before broccoli until dance stem year achieve boring hybrid load","logDirectory":"C:\\Users\\akram\\OneDrive\\Bureau\\real_estate_project\\logs"}
[2025/09/20 13:05:11.952] - eth_subscribe
[2025/09/20 13:05:11.954] - eth_getLogs
[2025/09/20 13:05:11.955] - eth_subscribe
[2025/09/20 13:05:11.956] - eth_subscribe
[2025/09/20 13:05:11.956] - eth_getLogs
[2025/09/20 13:05:11.957] - eth_subscribe
[2025/09/20 13:05:12.058] - eth_blockNumber
[2025/09/20 13:05:12.059] - eth_accounts
[2025/09/20 13:05:12.060] - eth_gasPrice
[2025/09/20 13:05:12.060] - eth_getBlockByNumber
[2025/09/20 13:05:12.061] - eth_subscribe
[2025/09/20 13:05:12.063] - eth_blockNumber
[2025/09/20 13:05:12.063] - eth_accounts
[2025/09/20 13:05:12.064] - eth_gasPrice
[2025/09/20 13:05:12.064] - eth_getBlockByNumber
[2025/09/20 13:05:12.064] - eth_subscribe
[2025/09/20 13:05:12.065] - eth_accounts
[2025/09/20 13:05:12.073] - eth_getBalance
[2025/09/20 13:05:12.075] - eth_getTransactionCount
[2025/09/20 13:05:12.077] - eth_getBalance
[2025/09/20 13:05:12.078] - eth_getTransactionCount
[2025/09/20 13:05:12.079] - eth_getBalance
[2025/09/20 13:05:12.081] - eth_getTransactionCount
[2025/09/20 13:05:12.082] - eth_getBalance
[2025/09/20 13:05:12.084] - eth_getTransactionCount
[2025/09/20 13:05:12.086] - eth_getBalance
[2025/09/20 13:05:12.087] - eth_getTransactionCount
[2025/09/20 13:05:12.088] - eth_getBalance
[2025/09/20 13:05:12.090] - eth_getTransactionCount
[2025/09/20 13:05:12.091] - eth_getBalance
[2025/09/20 13:05:12.092] - eth_getTransactionCount
[2025/09/20 13:05:12.093] - eth_getBalance
[2025/09/20 13:05:12.094] - eth_getTransactionCount
[2025/09/20 13:05:12.095] - eth_getBalance
[2025/09/20 13:05:12.096] - eth_getTransactionCount
[2025/09/20 13:05:12.097] - eth_getBalance
[2025/09/20 13:05:12.098] - eth_getTransactionCount
[2025/09/20 13:05:12.109] - eth_getBalance
[2025/09/20 13:05:12.110] - eth_getTransactionCount
[2025/09/20 13:05:12.112] - eth_getBalance
[2025/09/20 13:05:12.113] - eth_getTransactionCount
[2025/09/20 13:05:12.115] - eth_getBalance
[2025/09/20 13:05:12.116] - eth_getTransactionCount
[2025/09/20 13:05:12.118] - eth_getBalance
[2025/09/20 13:05:12.118] - eth_getTransactionCount
[2025/09/20 13:05:12.119] - eth_getBalance
[2025/09/20 13:05:12.120] - eth_getTransactionCount
[2025/09/20 13:05:12.121] - eth_getBalance
[2025/09/20 13:05:12.122] - eth_getTransactionCount
[2025/09/20 13:05:12.123] - eth_getBalance
[2025/09/20 13:05:12.124] - eth_getTransactionCount
[2025/09/20 13:05:12.125] - eth_getBalance
[2025/09/20 13:05:12.126] - eth_getTransactionCount
[2025/09/20 13:05:12.126] - eth_getBalance
[2025/09/20 13:05:12.128] - eth_getTransactionCount
[2025/09/20 13:05:12.129] - eth_getBalance
[2025/09/20 13:05:12.129] - eth_getTransactionCount
[2025/09/20 13:05:12.130] - eth_getBalance
[2025/09/20 13:05:12.131] - eth_getTransactionCount
[2025/09/20 13:05:12.132] - eth_getBalance
[2025/09/20 13:05:12.133] - eth_getTransactionCount
[2025/09/20 13:05:12.134] - eth_getBalance
[2025/09/20 13:05:12.135] - eth_getTransactionCount
[2025/09/20 13:05:12.136] - eth_getBalance
[2025/09/20 13:05:12.136] - eth_getTransactionCount
[2025/09/20 13:05:12.137] - eth_getBalance
[2025/09/20 13:05:12.138] - eth_getTransactionCount
[2025/09/20 13:05:12.139] - eth_getBalance
[2025/09/20 13:05:12.140] - eth_getTransactionCount
[2025/09/20 13:05:12.141] - eth_getBalance
[2025/09/20 13:05:12.142] - eth_getTransactionCount
[2025/09/20 13:05:12.143] - eth_getBalance
[2025/09/20 13:05:12.144] - eth_getTransactionCount
[2025/09/20 13:05:12.145] - eth_getBalance
[2025/09/20 13:05:12.146] - eth_getTransactionCount
[2025/09/20 13:05:12.146] - eth_getBalance
[2025/09/20 13:05:12.147] - eth_getTransactionCount
[2025/09/20 13:05:12.156] - eth_getBalance
[2025/09/20 13:05:12.157] - eth_getTransactionCount
[2025/09/20 13:05:12.158] - eth_getBalance
[2025/09/20 13:05:12.159] - eth_getTransactionCount
[2025/09/20 13:05:12.160] - eth_getBalance
[2025/09/20 13:05:12.161] - eth_getTransactionCount
[2025/09/20 13:05:12.162] - eth_getBalance
[2025/09/20 13:05:12.163] - eth_getTransactionCount
[2025/09/20 13:05:12.164] - eth_getBalance
[2025/09/20 13:05:12.165] - eth_getTransactionCount
[2025/09/20 13:05:12.166] - eth_getBalance
[2025/09/20 13:05:12.167] - eth_getTransactionCount
[2025/09/20 13:05:12.168] - eth_getBalance
[2025/09/20 13:05:12.169] - eth_getTransactionCount
[2025/09/20 13:05:12.169] - eth_getBalance
[2025/09/20 13:05:12.170] - eth_getTransactionCount
[2025/09/20 13:05:12.171] - eth_getBalance
[2025/09/20 13:05:12.171] - eth_getTransactionCount
[2025/09/20 13:05:12.172] - eth_getBalance
[2025/09/20 13:05:12.174] - eth_getTransactionCount
[2025/09/20 13:05:43.202] - eth_blockNumber
[2025/09/20 13:05:43.213] - net_version
[2025/09/20 13:05:43.216] - eth_accounts
[2025/09/20 13:05:43.237] - eth_getBlockByNumber
[2025/09/20 13:05:43.242] - eth_accounts
[2025/09/20 13:05:43.253] - net_version
[2025/09/20 13:05:43.256] - eth_getBlockByNumber
[2025/09/20 13:05:43.259] - eth_getBlockByNumber
[2025/09/20 13:05:43.263] - net_version
[2025/09/20 13:05:43.266] - eth_getBlockByNumber
[2025/09/20 13:05:43.272] - eth_estimateGas
[2025/09/20 13:05:43.317] - net_version
[2025/09/20 13:05:43.318] - eth_blockNumber
[2025/09/20 13:05:43.323] - eth_getBlockByNumber
[2025/09/20 13:05:43.327] - eth_sendTransaction
[2025/09/20 13:05:43.341] - 
  Transaction: 0x59a2fca68d448efaa9c31075045edc281c09910b6bae9cf4696cc9e3a75ab395
  Contract created: 0xe550c035e7ca2bd6d0de9ca19d8ce5e55e928b46
  Gas usage: 2000000
  Block number: 6
  Block time: Sat Sep 20 2025 13:05:43 GMT+0100 (heure normale d’Afrique de l’Ouest)
  Runtime error: invalid opcode

[2025/09/20 13:05:43.345] - eth_getBlockByNumber
[2025/09/20 13:05:43.349] - eth_getBalance
[2025/09/20 13:05:43.351] - eth_getTransactionCount
[2025/09/20 13:05:43.353] - eth_getBalance
[2025/09/20 13:05:43.354] - eth_call
[2025/09/20 13:05:43.356] - eth_getTransactionCount
[2025/09/20 13:05:43.359] - eth_getBalance
[2025/09/20 13:05:43.360] - eth_getTransactionCount
[2025/09/20 13:05:43.361] - eth_getBalance
[2025/09/20 13:05:43.363] - eth_getTransactionCount
[2025/09/20 13:05:43.365] - eth_getBalance
[2025/09/20 13:05:43.367] - eth_getTransactionCount
[2025/09/20 13:05:43.368] - eth_getBalance
[2025/09/20 13:05:43.371] - eth_getTransactionCount
[2025/09/20 13:05:43.373] - eth_getBalance
[2025/09/20 13:05:43.374] - eth_getTransactionCount
[2025/09/20 13:05:43.376] - eth_getBalance
[2025/09/20 13:05:43.378] - eth_getTransactionCount
[2025/09/20 13:05:43.380] - eth_getBalance
[2025/09/20 13:05:43.381] - eth_getTransactionCount
[2025/09/20 13:05:43.383] - eth_getBalance
[2025/09/20 13:05:43.385] - eth_getTransactionCount
[2025/09/20 13:07:26.384] - eth_unsubscribe
[2025/09/20 13:07:26.385] - eth_unsubscribe
