[2025/09/26 13:45:17.948] - Starting server with initial configuration: {"gasLimit":6721975,"gasPrice":20000000000,"hardfork":"merge","hostname":"127.0.0.1","port":8545,"network_id":5777,"default_balance_ether":100,"total_accounts":10,"unlocked_accounts":[],"locked":false,"vmErrorsOnRPCResponse":true,"verbose":false,"flavor":"ethereum","db_path":"C:\\Users\\akram\\AppData\\Roaming\\Ganache\\ui\\workspaces\\REBCWS\\chaindata","mnemonic":"toward reward before broccoli until dance stem year achieve boring hybrid load","logDirectory":"C:\\Users\\akram\\OneDrive\\Bureau\\real_estate_project\\logs"}
[2025/09/26 13:45:18.250] - eth_subscribe
[2025/09/26 13:45:18.255] - eth_getLogs
[2025/09/26 13:45:18.256] - eth_subscribe
[2025/09/26 13:45:18.258] - eth_getCode
[2025/09/26 13:45:18.438] - eth_getCode
[2025/09/26 13:45:18.439] - eth_subscribe
[2025/09/26 13:45:18.440] - eth_getLogs
[2025/09/26 13:45:18.441] - eth_subscribe
[2025/09/26 13:45:18.561] - eth_blockNumber
[2025/09/26 13:45:18.563] - eth_accounts
[2025/09/26 13:45:18.564] - eth_gasPrice
[2025/09/26 13:45:18.565] - eth_getBlockByNumber
[2025/09/26 13:45:18.566] - eth_subscribe
[2025/09/26 13:45:18.569] - eth_blockNumber
[2025/09/26 13:45:18.570] - eth_accounts
[2025/09/26 13:45:18.571] - eth_gasPrice
[2025/09/26 13:45:18.572] - eth_getBlockByNumber
[2025/09/26 13:45:18.573] - eth_subscribe
[2025/09/26 13:45:18.600] - eth_accounts
[2025/09/26 13:45:18.693] - eth_getBalance
[2025/09/26 13:45:18.701] - eth_getTransactionCount
[2025/09/26 13:45:18.711] - eth_getBalance
[2025/09/26 13:45:18.721] - eth_getTransactionCount
[2025/09/26 13:45:18.727] - eth_getBalance
[2025/09/26 13:45:18.736] - eth_getTransactionCount
[2025/09/26 13:45:18.743] - eth_getBalance
[2025/09/26 13:45:18.753] - eth_getTransactionCount
[2025/09/26 13:45:18.761] - eth_getBalance
[2025/09/26 13:45:18.772] - eth_getTransactionCount
[2025/09/26 13:45:18.779] - eth_getBalance
[2025/09/26 13:45:18.787] - eth_getTransactionCount
[2025/09/26 13:45:18.793] - eth_getBalance
[2025/09/26 13:45:18.801] - eth_getTransactionCount
[2025/09/26 13:45:18.811] - eth_getBalance
[2025/09/26 13:45:18.819] - eth_getTransactionCount
[2025/09/26 13:45:18.826] - eth_getBalance
[2025/09/26 13:45:18.833] - eth_getTransactionCount
[2025/09/26 13:45:18.841] - eth_getBalance
[2025/09/26 13:45:18.847] - eth_getTransactionCount
[2025/09/26 13:45:18.869] - eth_getBalance
[2025/09/26 13:45:18.878] - eth_getTransactionCount
[2025/09/26 13:45:18.886] - eth_getBalance
[2025/09/26 13:45:18.895] - eth_getTransactionCount
[2025/09/26 13:45:18.903] - eth_getBalance
[2025/09/26 13:45:18.909] - eth_getTransactionCount
[2025/09/26 13:45:18.918] - eth_getBalance
[2025/09/26 13:45:18.925] - eth_getTransactionCount
[2025/09/26 13:45:18.932] - eth_getBalance
[2025/09/26 13:45:18.939] - eth_getTransactionCount
[2025/09/26 13:45:18.946] - eth_getBalance
[2025/09/26 13:45:18.953] - eth_getTransactionCount
[2025/09/26 13:45:18.960] - eth_getBalance
[2025/09/26 13:45:18.969] - eth_getTransactionCount
[2025/09/26 13:45:18.978] - eth_getBalance
[2025/09/26 13:45:18.984] - eth_getTransactionCount
[2025/09/26 13:45:18.991] - eth_getBalance
[2025/09/26 13:45:18.997] - eth_getTransactionCount
[2025/09/26 13:45:19.005] - eth_getBalance
[2025/09/26 13:45:19.012] - eth_getTransactionCount
[2025/09/26 13:45:19.020] - eth_getBalance
[2025/09/26 13:45:19.027] - eth_getTransactionCount
[2025/09/26 13:45:19.033] - eth_getBalance
[2025/09/26 13:45:19.040] - eth_getTransactionCount
[2025/09/26 13:45:19.048] - eth_getBalance
[2025/09/26 13:45:19.057] - eth_getTransactionCount
[2025/09/26 13:45:19.065] - eth_getBalance
[2025/09/26 13:45:19.072] - eth_getTransactionCount
[2025/09/26 13:45:19.080] - eth_getBalance
[2025/09/26 13:45:19.089] - eth_getTransactionCount
[2025/09/26 13:45:19.098] - eth_getBalance
[2025/09/26 13:45:19.105] - eth_getTransactionCount
[2025/09/26 13:45:19.113] - eth_getBalance
[2025/09/26 13:45:19.121] - eth_getTransactionCount
[2025/09/26 13:45:19.128] - eth_getBalance
[2025/09/26 13:45:19.135] - eth_getTransactionCount
[2025/09/26 13:45:19.144] - eth_getBalance
[2025/09/26 13:45:19.150] - eth_getTransactionCount
[2025/09/26 13:45:19.156] - eth_getBalance
[2025/09/26 13:45:19.163] - eth_getTransactionCount
[2025/09/26 13:45:19.269] - eth_getBalance
[2025/09/26 13:45:19.276] - eth_getTransactionCount
[2025/09/26 13:45:19.283] - eth_getBalance
[2025/09/26 13:45:19.291] - eth_getTransactionCount
[2025/09/26 13:45:19.298] - eth_getBalance
[2025/09/26 13:45:19.304] - eth_getTransactionCount
[2025/09/26 13:45:19.310] - eth_getBalance
[2025/09/26 13:45:19.317] - eth_getTransactionCount
[2025/09/26 13:45:19.323] - eth_getBalance
[2025/09/26 13:45:19.329] - eth_getTransactionCount
[2025/09/26 13:45:19.336] - eth_getBalance
[2025/09/26 13:45:19.344] - eth_getTransactionCount
[2025/09/26 13:45:19.350] - eth_getBalance
[2025/09/26 13:45:19.356] - eth_getTransactionCount
[2025/09/26 13:45:19.362] - eth_getBalance
[2025/09/26 13:45:19.369] - eth_getTransactionCount
[2025/09/26 13:45:19.376] - eth_getBalance
[2025/09/26 13:45:19.382] - eth_getTransactionCount
[2025/09/26 13:45:19.388] - eth_getBalance
[2025/09/26 13:45:19.396] - eth_getTransactionCount
[2025/09/26 14:06:33.944] - eth_unsubscribe
[2025/09/26 14:06:33.946] - eth_unsubscribe
