[2025/09/20 13:08:43.400] - Starting server with initial configuration: {"gasLimit":6721975,"gasPrice":20000000000,"hardfork":"merge","hostname":"127.0.0.1","port":8545,"network_id":5777,"default_balance_ether":100,"total_accounts":10,"unlocked_accounts":[],"locked":false,"vmErrorsOnRPCResponse":true,"verbose":false,"flavor":"ethereum","db_path":"C:\\Users\\akram\\AppData\\Roaming\\Ganache\\ui\\workspaces\\REBCWS\\chaindata","mnemonic":"toward reward before broccoli until dance stem year achieve boring hybrid load","logDirectory":"C:\\Users\\akram\\OneDrive\\Bureau\\real_estate_project\\logs"}
[2025/09/20 13:08:43.507] - eth_subscribe
[2025/09/20 13:08:43.508] - eth_getLogs
[2025/09/20 13:08:43.509] - eth_subscribe
[2025/09/20 13:08:43.510] - eth_subscribe
[2025/09/20 13:08:43.510] - eth_getLogs
[2025/09/20 13:08:43.510] - eth_subscribe
[2025/09/20 13:08:44.053] - eth_blockNumber
[2025/09/20 13:08:44.054] - eth_accounts
[2025/09/20 13:08:44.055] - eth_gasPrice
[2025/09/20 13:08:44.055] - eth_getBlockByNumber
[2025/09/20 13:08:44.056] - eth_subscribe
[2025/09/20 13:08:44.058] - eth_blockNumber
[2025/09/20 13:08:44.058] - eth_accounts
[2025/09/20 13:08:44.059] - eth_gasPrice
[2025/09/20 13:08:44.060] - eth_getBlockByNumber
[2025/09/20 13:08:44.060] - eth_subscribe
[2025/09/20 13:08:44.061] - eth_accounts
[2025/09/20 13:08:44.066] - eth_getBalance
[2025/09/20 13:08:44.068] - eth_getTransactionCount
[2025/09/20 13:08:44.069] - eth_getBalance
[2025/09/20 13:08:44.071] - eth_getTransactionCount
[2025/09/20 13:08:44.073] - eth_getBalance
[2025/09/20 13:08:44.075] - eth_getTransactionCount
[2025/09/20 13:08:44.077] - eth_getBalance
[2025/09/20 13:08:44.079] - eth_getTransactionCount
[2025/09/20 13:08:44.081] - eth_getBalance
[2025/09/20 13:08:44.083] - eth_getTransactionCount
[2025/09/20 13:08:44.085] - eth_getBalance
[2025/09/20 13:08:44.087] - eth_getTransactionCount
[2025/09/20 13:08:44.088] - eth_getBalance
[2025/09/20 13:08:44.091] - eth_getTransactionCount
[2025/09/20 13:08:44.092] - eth_getBalance
[2025/09/20 13:08:44.093] - eth_getTransactionCount
[2025/09/20 13:08:44.094] - eth_getBalance
[2025/09/20 13:08:44.096] - eth_getTransactionCount
[2025/09/20 13:08:44.097] - eth_getBalance
[2025/09/20 13:08:44.098] - eth_getTransactionCount
[2025/09/20 13:08:44.113] - eth_getBalance
[2025/09/20 13:08:44.114] - eth_getTransactionCount
[2025/09/20 13:08:44.115] - eth_getBalance
[2025/09/20 13:08:44.117] - eth_getTransactionCount
[2025/09/20 13:08:44.119] - eth_getBalance
[2025/09/20 13:08:44.120] - eth_getTransactionCount
[2025/09/20 13:08:44.121] - eth_getBalance
[2025/09/20 13:08:44.122] - eth_getTransactionCount
[2025/09/20 13:08:44.122] - eth_getBalance
[2025/09/20 13:08:44.123] - eth_getTransactionCount
[2025/09/20 13:08:44.124] - eth_getBalance
[2025/09/20 13:08:44.125] - eth_getTransactionCount
[2025/09/20 13:08:44.126] - eth_getBalance
[2025/09/20 13:08:44.127] - eth_getTransactionCount
[2025/09/20 13:08:44.129] - eth_getBalance
[2025/09/20 13:08:44.130] - eth_getTransactionCount
[2025/09/20 13:08:44.131] - eth_getBalance
[2025/09/20 13:08:44.132] - eth_getTransactionCount
[2025/09/20 13:08:44.133] - eth_getBalance
[2025/09/20 13:08:44.134] - eth_getTransactionCount
[2025/09/20 13:08:44.135] - eth_getBalance
[2025/09/20 13:08:44.136] - eth_getTransactionCount
[2025/09/20 13:08:44.137] - eth_getBalance
[2025/09/20 13:08:44.138] - eth_getTransactionCount
[2025/09/20 13:08:44.138] - eth_getBalance
[2025/09/20 13:08:44.139] - eth_getTransactionCount
[2025/09/20 13:08:44.140] - eth_getBalance
[2025/09/20 13:08:44.141] - eth_getTransactionCount
[2025/09/20 13:08:44.142] - eth_getBalance
[2025/09/20 13:08:44.143] - eth_getTransactionCount
[2025/09/20 13:08:44.145] - eth_getBalance
[2025/09/20 13:08:44.145] - eth_getTransactionCount
[2025/09/20 13:08:44.146] - eth_getBalance
[2025/09/20 13:08:44.147] - eth_getTransactionCount
[2025/09/20 13:08:44.148] - eth_getBalance
[2025/09/20 13:08:44.149] - eth_getTransactionCount
[2025/09/20 13:08:44.150] - eth_getBalance
[2025/09/20 13:08:44.151] - eth_getTransactionCount
[2025/09/20 13:08:44.151] - eth_getBalance
[2025/09/20 13:08:44.152] - eth_getTransactionCount
[2025/09/20 13:08:44.160] - eth_getBalance
[2025/09/20 13:08:44.161] - eth_getTransactionCount
[2025/09/20 13:08:44.162] - eth_getBalance
[2025/09/20 13:08:44.163] - eth_getTransactionCount
[2025/09/20 13:08:44.164] - eth_getBalance
[2025/09/20 13:08:44.165] - eth_getTransactionCount
[2025/09/20 13:08:44.167] - eth_getBalance
[2025/09/20 13:08:44.168] - eth_getTransactionCount
[2025/09/20 13:08:44.169] - eth_getBalance
[2025/09/20 13:08:44.170] - eth_getTransactionCount
[2025/09/20 13:08:44.171] - eth_getBalance
[2025/09/20 13:08:44.172] - eth_getTransactionCount
[2025/09/20 13:08:44.173] - eth_getBalance
[2025/09/20 13:08:44.174] - eth_getTransactionCount
[2025/09/20 13:08:44.175] - eth_getBalance
[2025/09/20 13:08:44.176] - eth_getTransactionCount
[2025/09/20 13:08:44.177] - eth_getBalance
[2025/09/20 13:08:44.178] - eth_getTransactionCount
[2025/09/20 13:08:44.179] - eth_getBalance
[2025/09/20 13:08:44.180] - eth_getTransactionCount
[2025/09/20 13:09:10.819] - eth_blockNumber
[2025/09/20 13:09:10.831] - net_version
[2025/09/20 13:09:10.834] - eth_accounts
[2025/09/20 13:09:10.855] - eth_getBlockByNumber
[2025/09/20 13:09:10.860] - eth_accounts
[2025/09/20 13:09:10.871] - net_version
[2025/09/20 13:09:10.874] - eth_getBlockByNumber
[2025/09/20 13:09:10.877] - eth_getBlockByNumber
[2025/09/20 13:09:10.881] - net_version
[2025/09/20 13:09:10.884] - eth_getBlockByNumber
[2025/09/20 13:09:10.890] - eth_estimateGas
[2025/09/20 13:09:10.953] - net_version
[2025/09/20 13:09:10.956] - eth_blockNumber
[2025/09/20 13:09:10.958] - eth_getBlockByNumber
[2025/09/20 13:09:10.961] - eth_sendTransaction
[2025/09/20 13:09:10.975] - 
  Transaction: 0x11a498183365311c13f39393f34da3b857b43e642160c9dc79545d0ac990a16e
  Contract created: 0x125b70f68a188affb9e59395b3e9c4cde6087510
  Gas usage: 261676
  Block number: 7
  Block time: Sat Sep 20 2025 13:09:10 GMT+0100 (heure normale d’Afrique de l’Ouest)

[2025/09/20 13:09:10.980] - eth_getBlockByNumber
[2025/09/20 13:09:10.981] - eth_getTransactionReceipt
[2025/09/20 13:09:10.984] - eth_getBalance
[2025/09/20 13:09:10.985] - eth_getCode
[2025/09/20 13:09:10.986] - eth_getTransactionCount
[2025/09/20 13:09:10.987] - eth_getBalance
[2025/09/20 13:09:10.989] - eth_getTransactionByHash
[2025/09/20 13:09:10.989] - eth_getTransactionCount
[2025/09/20 13:09:10.991] - eth_getBalance
[2025/09/20 13:09:10.992] - eth_getBlockByNumber
[2025/09/20 13:09:10.993] - eth_getTransactionCount
[2025/09/20 13:09:10.995] - eth_getBalance
[2025/09/20 13:09:10.995] - eth_getBalance
[2025/09/20 13:09:10.997] - eth_getTransactionCount
[2025/09/20 13:09:10.999] - eth_getBalance
[2025/09/20 13:09:11.000] - eth_getBlockByNumber
[2025/09/20 13:09:11.001] - eth_getTransactionCount
[2025/09/20 13:09:11.003] - eth_getBalance
[2025/09/20 13:09:11.004] - eth_call
[2025/09/20 13:09:11.006] - eth_getTransactionCount
[2025/09/20 13:09:11.007] - eth_getBalance
[2025/09/20 13:09:11.009] - eth_getTransactionCount
[2025/09/20 13:09:11.011] - eth_getBalance
[2025/09/20 13:09:11.013] - eth_getTransactionCount
[2025/09/20 13:09:11.015] - eth_getBalance
[2025/09/20 13:09:11.016] - eth_call
[2025/09/20 13:09:11.018] - eth_getTransactionCount
[2025/09/20 13:09:11.019] - eth_getBalance
[2025/09/20 13:09:11.020] - eth_getTransactionCount
[2025/09/20 13:14:00.485] - eth_unsubscribe
[2025/09/20 13:14:00.485] - eth_unsubscribe
