[2025/09/20 13:07:26.481] - Starting server with initial configuration: {"gasLimit":6721975,"gasPrice":20000000000,"hardfork":"merge","hostname":"127.0.0.1","port":8545,"network_id":5777,"default_balance_ether":100,"total_accounts":10,"unlocked_accounts":[],"locked":false,"vmErrorsOnRPCResponse":true,"verbose":false,"flavor":"ethereum","db_path":"C:\\Users\\akram\\AppData\\Roaming\\Ganache\\ui\\workspaces\\REBCWS\\chaindata","mnemonic":"toward reward before broccoli until dance stem year achieve boring hybrid load","logDirectory":"C:\\Users\\akram\\OneDrive\\Bureau\\real_estate_project\\logs"}
[2025/09/20 13:07:26.574] - eth_subscribe
[2025/09/20 13:07:26.575] - eth_getLogs
[2025/09/20 13:07:26.575] - eth_subscribe
[2025/09/20 13:07:26.576] - eth_subscribe
[2025/09/20 13:07:26.577] - eth_getLogs
[2025/09/20 13:07:26.577] - eth_subscribe
[2025/09/20 13:07:26.599] - eth_blockNumber
[2025/09/20 13:07:26.600] - eth_accounts
[2025/09/20 13:07:26.600] - eth_gasPrice
[2025/09/20 13:07:26.600] - eth_getBlockByNumber
[2025/09/20 13:07:26.601] - eth_subscribe
[2025/09/20 13:07:26.605] - eth_accounts
[2025/09/20 13:07:26.616] - eth_getBalance
[2025/09/20 13:07:26.618] - eth_getTransactionCount
[2025/09/20 13:07:26.619] - eth_getBalance
[2025/09/20 13:07:26.620] - eth_getTransactionCount
[2025/09/20 13:07:26.622] - eth_getBalance
[2025/09/20 13:07:26.623] - eth_getTransactionCount
[2025/09/20 13:07:26.625] - eth_getBalance
[2025/09/20 13:07:26.627] - eth_getTransactionCount
[2025/09/20 13:07:26.628] - eth_getBalance
[2025/09/20 13:07:26.629] - eth_getTransactionCount
[2025/09/20 13:07:26.631] - eth_getBalance
[2025/09/20 13:07:26.633] - eth_getTransactionCount
[2025/09/20 13:07:26.634] - eth_getBalance
[2025/09/20 13:07:26.635] - eth_getTransactionCount
[2025/09/20 13:07:26.637] - eth_getBalance
[2025/09/20 13:07:26.639] - eth_getTransactionCount
[2025/09/20 13:07:26.640] - eth_getBalance
[2025/09/20 13:07:26.641] - eth_getTransactionCount
[2025/09/20 13:07:26.642] - eth_getBalance
[2025/09/20 13:07:26.644] - eth_getTransactionCount
[2025/09/20 13:07:26.646] - eth_blockNumber
[2025/09/20 13:07:26.646] - eth_accounts
[2025/09/20 13:07:26.647] - eth_gasPrice
[2025/09/20 13:07:26.661] - eth_getTransactionCount
[2025/09/20 13:07:26.662] - eth_getBalance
[2025/09/20 13:07:26.664] - eth_getTransactionCount
[2025/09/20 13:07:26.665] - eth_getBalance
[2025/09/20 13:07:26.666] - eth_getTransactionCount
[2025/09/20 13:07:26.668] - eth_getBalance
[2025/09/20 13:07:26.670] - eth_getTransactionCount
[2025/09/20 13:07:26.671] - eth_getBalance
[2025/09/20 13:07:26.672] - eth_getTransactionCount
[2025/09/20 13:07:26.674] - eth_getBalance
[2025/09/20 13:07:26.676] - eth_getTransactionCount
[2025/09/20 13:07:26.678] - eth_getBalance
[2025/09/20 13:07:26.679] - eth_getTransactionCount
[2025/09/20 13:07:26.682] - eth_getBalance
[2025/09/20 13:07:26.684] - eth_getTransactionCount
[2025/09/20 13:07:26.685] - eth_getBalance
[2025/09/20 13:07:26.687] - eth_getTransactionCount
[2025/09/20 13:07:26.689] - eth_getBalance
[2025/09/20 13:07:26.691] - eth_getTransactionCount
[2025/09/20 13:07:26.695] - eth_getBlockByNumber
[2025/09/20 13:07:26.695] - eth_subscribe
[2025/09/20 13:07:26.795] - eth_getBalance
[2025/09/20 13:07:26.796] - eth_getTransactionCount
[2025/09/20 13:07:26.798] - eth_getBalance
[2025/09/20 13:07:26.800] - eth_getTransactionCount
[2025/09/20 13:07:26.801] - eth_getBalance
[2025/09/20 13:07:26.803] - eth_getTransactionCount
[2025/09/20 13:07:26.805] - eth_getBalance
[2025/09/20 13:07:26.808] - eth_getTransactionCount
[2025/09/20 13:07:26.810] - eth_getBalance
[2025/09/20 13:07:26.811] - eth_getTransactionCount
[2025/09/20 13:07:26.813] - eth_getBalance
[2025/09/20 13:07:26.814] - eth_getTransactionCount
[2025/09/20 13:07:26.815] - eth_getBalance
[2025/09/20 13:07:26.817] - eth_getTransactionCount
[2025/09/20 13:07:26.818] - eth_getBalance
[2025/09/20 13:07:26.820] - eth_getTransactionCount
[2025/09/20 13:07:26.821] - eth_getBalance
[2025/09/20 13:07:26.823] - eth_getTransactionCount
[2025/09/20 13:07:26.824] - eth_getBalance
[2025/09/20 13:07:26.826] - eth_getTransactionCount
[2025/09/20 13:07:26.834] - eth_getBalance
[2025/09/20 13:07:26.835] - eth_getTransactionCount
[2025/09/20 13:07:26.838] - eth_getBalance
[2025/09/20 13:07:26.839] - eth_getTransactionCount
[2025/09/20 13:07:26.841] - eth_getBalance
[2025/09/20 13:07:26.843] - eth_getTransactionCount
[2025/09/20 13:07:26.845] - eth_getBalance
[2025/09/20 13:07:26.847] - eth_getTransactionCount
[2025/09/20 13:07:26.848] - eth_getBalance
[2025/09/20 13:07:26.850] - eth_getTransactionCount
[2025/09/20 13:07:26.852] - eth_getBalance
[2025/09/20 13:07:26.853] - eth_getTransactionCount
[2025/09/20 13:07:26.855] - eth_getBalance
[2025/09/20 13:07:26.856] - eth_getTransactionCount
[2025/09/20 13:07:26.858] - eth_getBalance
[2025/09/20 13:07:26.859] - eth_getTransactionCount
[2025/09/20 13:07:26.861] - eth_getBalance
[2025/09/20 13:07:26.862] - eth_getTransactionCount
[2025/09/20 13:07:26.864] - eth_getBalance
[2025/09/20 13:07:26.866] - eth_getTransactionCount
[2025/09/20 13:08:37.422] - eth_unsubscribe
[2025/09/20 13:08:37.423] - eth_unsubscribe
