[2025/09/20 13:02:00.708] - Starting server with initial configuration: {"gasLimit":6721975,"gasPrice":20000000000,"hardfork":"merge","hostname":"127.0.0.1","port":7545,"network_id":5777,"default_balance_ether":100,"total_accounts":10,"unlocked_accounts":[],"locked":false,"vmErrorsOnRPCResponse":true,"verbose":false,"flavor":"ethereum","db_path":"C:\\Users\\akram\\AppData\\Roaming\\Ganache\\ui\\workspaces\\REBCWS\\chaindata","mnemonic":"toward reward before broccoli until dance stem year achieve boring hybrid load","logDirectory":"C:\\Users\\akram\\OneDrive\\Bureau\\real_estate_project\\logs"}
[2025/09/20 13:02:00.804] - eth_subscribe
[2025/09/20 13:02:00.806] - eth_getLogs
[2025/09/20 13:02:00.807] - eth_subscribe
[2025/09/20 13:02:00.808] - eth_subscribe
[2025/09/20 13:02:00.809] - eth_getLogs
[2025/09/20 13:02:00.809] - eth_subscribe
[2025/09/20 13:02:00.843] - eth_blockNumber
[2025/09/20 13:02:00.844] - eth_accounts
[2025/09/20 13:02:00.845] - eth_gasPrice
[2025/09/20 13:02:00.846] - eth_getBlockByNumber
[2025/09/20 13:02:00.846] - eth_subscribe
[2025/09/20 13:02:00.848] - eth_blockNumber
[2025/09/20 13:02:00.848] - eth_accounts
[2025/09/20 13:02:00.849] - eth_gasPrice
[2025/09/20 13:02:00.849] - eth_getBlockByNumber
[2025/09/20 13:02:00.849] - eth_subscribe
[2025/09/20 13:02:00.850] - eth_accounts
[2025/09/20 13:02:00.855] - eth_getBalance
[2025/09/20 13:02:00.857] - eth_getTransactionCount
[2025/09/20 13:02:00.858] - eth_getBalance
[2025/09/20 13:02:00.859] - eth_getTransactionCount
[2025/09/20 13:02:00.860] - eth_getBalance
[2025/09/20 13:02:00.861] - eth_getTransactionCount
[2025/09/20 13:02:00.863] - eth_getBalance
[2025/09/20 13:02:00.864] - eth_getTransactionCount
[2025/09/20 13:02:00.865] - eth_getBalance
[2025/09/20 13:02:00.866] - eth_getTransactionCount
[2025/09/20 13:02:00.868] - eth_getBalance
[2025/09/20 13:02:00.869] - eth_getTransactionCount
[2025/09/20 13:02:00.871] - eth_getBalance
[2025/09/20 13:02:00.872] - eth_getTransactionCount
[2025/09/20 13:02:00.873] - eth_getBalance
[2025/09/20 13:02:00.874] - eth_getTransactionCount
[2025/09/20 13:02:00.875] - eth_getBalance
[2025/09/20 13:02:00.876] - eth_getTransactionCount
[2025/09/20 13:02:00.877] - eth_getBalance
[2025/09/20 13:02:00.878] - eth_getTransactionCount
[2025/09/20 13:02:00.891] - eth_getBalance
[2025/09/20 13:02:00.892] - eth_getTransactionCount
[2025/09/20 13:02:00.893] - eth_getBalance
[2025/09/20 13:02:00.894] - eth_getTransactionCount
[2025/09/20 13:02:00.895] - eth_getBalance
[2025/09/20 13:02:00.896] - eth_getTransactionCount
[2025/09/20 13:02:00.897] - eth_getBalance
[2025/09/20 13:02:00.898] - eth_getTransactionCount
[2025/09/20 13:02:00.899] - eth_getBalance
[2025/09/20 13:02:00.900] - eth_getTransactionCount
[2025/09/20 13:02:00.900] - eth_getBalance
[2025/09/20 13:02:00.902] - eth_getTransactionCount
[2025/09/20 13:02:00.903] - eth_getBalance
[2025/09/20 13:02:00.904] - eth_getTransactionCount
[2025/09/20 13:02:00.905] - eth_getBalance
[2025/09/20 13:02:00.906] - eth_getTransactionCount
[2025/09/20 13:02:00.907] - eth_getBalance
[2025/09/20 13:02:00.908] - eth_getTransactionCount
[2025/09/20 13:02:00.909] - eth_getBalance
[2025/09/20 13:02:00.910] - eth_getTransactionCount
[2025/09/20 13:02:00.911] - eth_getBalance
[2025/09/20 13:02:00.913] - eth_getTransactionCount
[2025/09/20 13:02:00.913] - eth_getBalance
[2025/09/20 13:02:00.914] - eth_getTransactionCount
[2025/09/20 13:02:00.915] - eth_getBalance
[2025/09/20 13:02:00.916] - eth_getTransactionCount
[2025/09/20 13:02:00.917] - eth_getBalance
[2025/09/20 13:02:00.918] - eth_getTransactionCount
[2025/09/20 13:02:00.919] - eth_getBalance
[2025/09/20 13:02:00.919] - eth_getTransactionCount
[2025/09/20 13:02:00.920] - eth_getBalance
[2025/09/20 13:02:00.921] - eth_getTransactionCount
[2025/09/20 13:02:00.922] - eth_getBalance
[2025/09/20 13:02:00.925] - eth_getTransactionCount
[2025/09/20 13:02:00.926] - eth_getBalance
[2025/09/20 13:02:00.926] - eth_getTransactionCount
[2025/09/20 13:02:00.927] - eth_getBalance
[2025/09/20 13:02:00.927] - eth_getTransactionCount
[2025/09/20 13:02:00.928] - eth_getBalance
[2025/09/20 13:02:00.928] - eth_getTransactionCount
[2025/09/20 13:02:00.939] - eth_getBalance
[2025/09/20 13:02:00.940] - eth_getTransactionCount
[2025/09/20 13:02:00.941] - eth_getBalance
[2025/09/20 13:02:00.942] - eth_getTransactionCount
[2025/09/20 13:02:00.943] - eth_getBalance
[2025/09/20 13:02:00.944] - eth_getTransactionCount
[2025/09/20 13:02:00.945] - eth_getBalance
[2025/09/20 13:02:00.946] - eth_getTransactionCount
[2025/09/20 13:02:00.947] - eth_getBalance
[2025/09/20 13:02:00.948] - eth_getTransactionCount
[2025/09/20 13:02:00.948] - eth_getBalance
[2025/09/20 13:02:00.949] - eth_getTransactionCount
[2025/09/20 13:02:00.950] - eth_getBalance
[2025/09/20 13:02:00.951] - eth_getTransactionCount
[2025/09/20 13:02:00.952] - eth_getBalance
[2025/09/20 13:02:00.952] - eth_getTransactionCount
[2025/09/20 13:02:00.954] - eth_getBalance
[2025/09/20 13:02:00.954] - eth_getTransactionCount
[2025/09/20 13:02:00.955] - eth_getBalance
[2025/09/20 13:02:00.956] - eth_getTransactionCount
[2025/09/20 13:02:19.445] - eth_blockNumber
[2025/09/20 13:02:19.456] - net_version
[2025/09/20 13:02:19.459] - eth_accounts
[2025/09/20 13:02:19.485] - eth_getBlockByNumber
[2025/09/20 13:02:19.490] - eth_accounts
[2025/09/20 13:02:19.522] - net_version
[2025/09/20 13:02:19.525] - eth_getBlockByNumber
[2025/09/20 13:02:19.527] - eth_getBlockByNumber
[2025/09/20 13:02:19.531] - net_version
[2025/09/20 13:02:19.534] - eth_getBlockByNumber
[2025/09/20 13:02:19.542] - eth_estimateGas
[2025/09/20 13:02:19.578] - net_version
[2025/09/20 13:02:19.579] - eth_blockNumber
[2025/09/20 13:02:19.582] - eth_getBlockByNumber
[2025/09/20 13:02:19.587] - eth_sendTransaction
[2025/09/20 13:02:19.604] - 
  Transaction: 0x1c682a0fe343402fee09d827eef301fdcde1d41c3e0136da5a5f7372a36baf9f
  Contract created: 0xa44e7ae357f435b93f6ad2e681d8652069e959a7
  Gas usage: 4000000
  Block number: 5
  Block time: Sat Sep 20 2025 13:02:19 GMT+0100 (heure normale d’Afrique de l’Ouest)
  Runtime error: invalid opcode

[2025/09/20 13:02:19.608] - eth_getBlockByNumber
[2025/09/20 13:02:19.610] - eth_call
[2025/09/20 13:02:19.618] - eth_getBalance
[2025/09/20 13:02:19.624] - eth_getTransactionCount
[2025/09/20 13:02:19.630] - eth_getBalance
[2025/09/20 13:02:19.636] - eth_getTransactionCount
[2025/09/20 13:02:19.641] - eth_getBalance
[2025/09/20 13:02:19.648] - eth_getTransactionCount
[2025/09/20 13:02:19.653] - eth_getBalance
[2025/09/20 13:02:19.658] - eth_getTransactionCount
[2025/09/20 13:02:19.664] - eth_getBalance
[2025/09/20 13:02:19.674] - eth_getTransactionCount
[2025/09/20 13:02:19.680] - eth_getBalance
[2025/09/20 13:02:19.684] - eth_getTransactionCount
[2025/09/20 13:02:19.687] - eth_getBalance
[2025/09/20 13:02:19.691] - eth_getTransactionCount
[2025/09/20 13:02:19.695] - eth_getBalance
[2025/09/20 13:02:19.698] - eth_getTransactionCount
[2025/09/20 13:02:19.703] - eth_getBalance
[2025/09/20 13:02:19.707] - eth_getTransactionCount
[2025/09/20 13:02:19.710] - eth_getBalance
[2025/09/20 13:02:19.714] - eth_getTransactionCount
[2025/09/20 13:05:05.789] - eth_unsubscribe
[2025/09/20 13:05:05.789] - eth_unsubscribe
