[2025/09/20 12:58:54.912] - Starting server with initial configuration: {"gasLimit":6721975,"gasPrice":20000000000,"hardfork":"merge","hostname":"127.0.0.1","port":7545,"network_id":5777,"default_balance_ether":100,"total_accounts":10,"unlocked_accounts":[],"locked":false,"vmErrorsOnRPCResponse":true,"verbose":false,"flavor":"ethereum","db_path":"C:\\Users\\akram\\AppData\\Roaming\\Ganache\\ui\\workspaces\\REBCWS\\chaindata","mnemonic":"toward reward before broccoli until dance stem year achieve boring hybrid load","logDirectory":"C:\\Users\\akram\\OneDrive\\Bureau\\real_estate_project\\logs"}
[2025/09/20 12:58:55.019] - eth_subscribe
[2025/09/20 12:58:55.021] - eth_getLogs
[2025/09/20 12:58:55.022] - eth_subscribe
[2025/09/20 12:58:55.023] - eth_subscribe
[2025/09/20 12:58:55.023] - eth_getLogs
[2025/09/20 12:58:55.024] - eth_subscribe
[2025/09/20 12:58:55.045] - eth_blockNumber
[2025/09/20 12:58:55.046] - eth_accounts
[2025/09/20 12:58:55.046] - eth_gasPrice
[2025/09/20 12:58:55.046] - eth_getBlockByNumber
[2025/09/20 12:58:55.047] - eth_subscribe
[2025/09/20 12:58:55.048] - eth_blockNumber
[2025/09/20 12:58:55.049] - eth_accounts
[2025/09/20 12:58:55.049] - eth_gasPrice
[2025/09/20 12:58:55.050] - eth_getBlockByNumber
[2025/09/20 12:58:55.050] - eth_subscribe
[2025/09/20 12:58:55.051] - eth_accounts
[2025/09/20 12:58:55.060] - eth_getBalance
[2025/09/20 12:58:55.061] - eth_getTransactionCount
[2025/09/20 12:58:55.063] - eth_getBalance
[2025/09/20 12:58:55.065] - eth_getTransactionCount
[2025/09/20 12:58:55.066] - eth_getBalance
[2025/09/20 12:58:55.068] - eth_getTransactionCount
[2025/09/20 12:58:55.069] - eth_getBalance
[2025/09/20 12:58:55.070] - eth_getTransactionCount
[2025/09/20 12:58:55.071] - eth_getBalance
[2025/09/20 12:58:55.072] - eth_getTransactionCount
[2025/09/20 12:58:55.073] - eth_getBalance
[2025/09/20 12:58:55.074] - eth_getTransactionCount
[2025/09/20 12:58:55.075] - eth_getBalance
[2025/09/20 12:58:55.076] - eth_getTransactionCount
[2025/09/20 12:58:55.077] - eth_getBalance
[2025/09/20 12:58:55.078] - eth_getTransactionCount
[2025/09/20 12:58:55.079] - eth_getBalance
[2025/09/20 12:58:55.080] - eth_getTransactionCount
[2025/09/20 12:58:55.081] - eth_getBalance
[2025/09/20 12:58:55.082] - eth_getTransactionCount
[2025/09/20 12:58:55.096] - eth_getBalance
[2025/09/20 12:58:55.097] - eth_getTransactionCount
[2025/09/20 12:58:55.098] - eth_getBalance
[2025/09/20 12:58:55.099] - eth_getTransactionCount
[2025/09/20 12:58:55.100] - eth_getBalance
[2025/09/20 12:58:55.101] - eth_getTransactionCount
[2025/09/20 12:58:55.102] - eth_getBalance
[2025/09/20 12:58:55.103] - eth_getTransactionCount
[2025/09/20 12:58:55.105] - eth_getBalance
[2025/09/20 12:58:55.107] - eth_getTransactionCount
[2025/09/20 12:58:55.109] - eth_getBalance
[2025/09/20 12:58:55.112] - eth_getTransactionCount
[2025/09/20 12:58:55.114] - eth_getBalance
[2025/09/20 12:58:55.115] - eth_getTransactionCount
[2025/09/20 12:58:55.116] - eth_getBalance
[2025/09/20 12:58:55.118] - eth_getTransactionCount
[2025/09/20 12:58:55.120] - eth_getBalance
[2025/09/20 12:58:55.120] - eth_getTransactionCount
[2025/09/20 12:58:55.121] - eth_getBalance
[2025/09/20 12:58:55.122] - eth_getTransactionCount
[2025/09/20 12:58:55.123] - eth_getBalance
[2025/09/20 12:58:55.125] - eth_getTransactionCount
[2025/09/20 12:58:55.126] - eth_getBalance
[2025/09/20 12:58:55.127] - eth_getTransactionCount
[2025/09/20 12:58:55.128] - eth_getBalance
[2025/09/20 12:58:55.129] - eth_getTransactionCount
[2025/09/20 12:58:55.130] - eth_getBalance
[2025/09/20 12:58:55.130] - eth_getTransactionCount
[2025/09/20 12:58:55.131] - eth_getBalance
[2025/09/20 12:58:55.132] - eth_getTransactionCount
[2025/09/20 12:58:55.133] - eth_getBalance
[2025/09/20 12:58:55.134] - eth_getTransactionCount
[2025/09/20 12:58:55.135] - eth_getBalance
[2025/09/20 12:58:55.136] - eth_getTransactionCount
[2025/09/20 12:58:55.137] - eth_getBalance
[2025/09/20 12:58:55.137] - eth_getTransactionCount
[2025/09/20 12:58:55.139] - eth_getBalance
[2025/09/20 12:58:55.140] - eth_getTransactionCount
[2025/09/20 12:58:55.141] - eth_getBalance
[2025/09/20 12:58:55.142] - eth_getTransactionCount
[2025/09/20 12:58:55.155] - eth_getBalance
[2025/09/20 12:58:55.156] - eth_getTransactionCount
[2025/09/20 12:58:55.157] - eth_getBalance
[2025/09/20 12:58:55.158] - eth_getTransactionCount
[2025/09/20 12:58:55.159] - eth_getBalance
[2025/09/20 12:58:55.159] - eth_getTransactionCount
[2025/09/20 12:58:55.160] - eth_getBalance
[2025/09/20 12:58:55.161] - eth_getTransactionCount
[2025/09/20 12:58:55.162] - eth_getBalance
[2025/09/20 12:58:55.163] - eth_getTransactionCount
[2025/09/20 12:58:55.164] - eth_getBalance
[2025/09/20 12:58:55.165] - eth_getTransactionCount
[2025/09/20 12:58:55.166] - eth_getBalance
[2025/09/20 12:58:55.167] - eth_getTransactionCount
[2025/09/20 12:58:55.168] - eth_getBalance
[2025/09/20 12:58:55.169] - eth_getTransactionCount
[2025/09/20 12:58:55.169] - eth_getBalance
[2025/09/20 12:58:55.170] - eth_getTransactionCount
[2025/09/20 12:58:55.171] - eth_getBalance
[2025/09/20 12:58:55.172] - eth_getTransactionCount
[2025/09/20 12:59:15.139] - eth_blockNumber
[2025/09/20 12:59:15.150] - net_version
[2025/09/20 12:59:15.153] - eth_accounts
[2025/09/20 12:59:15.180] - eth_getBlockByNumber
[2025/09/20 12:59:15.186] - eth_accounts
[2025/09/20 12:59:15.201] - net_version
[2025/09/20 12:59:15.203] - eth_getBlockByNumber
[2025/09/20 12:59:15.206] - eth_getBlockByNumber
[2025/09/20 12:59:15.210] - net_version
[2025/09/20 12:59:15.213] - eth_getBlockByNumber
[2025/09/20 12:59:15.222] - eth_estimateGas
[2025/09/20 12:59:15.270] - net_version
[2025/09/20 12:59:15.271] - eth_blockNumber
[2025/09/20 12:59:15.275] - eth_getBlockByNumber
[2025/09/20 12:59:15.279] - eth_sendTransaction
[2025/09/20 12:59:15.294] - 
  Transaction: 0x47d5899631ffac914780c64091aeb15ee0d35f8fe7250e2554f54ac436d9ada3
  Contract created: 0x96be050c26c071f4d08c86c5fc1e797e3c8941e2
  Gas usage: 6721975
  Block number: 4
  Block time: Sat Sep 20 2025 12:59:15 GMT+0100 (heure normale d’Afrique de l’Ouest)
  Runtime error: invalid opcode

[2025/09/20 12:59:15.299] - eth_getBlockByNumber
[2025/09/20 12:59:15.301] - eth_call
[2025/09/20 12:59:15.309] - eth_getBalance
[2025/09/20 12:59:15.313] - eth_getTransactionCount
[2025/09/20 12:59:15.317] - eth_getBalance
[2025/09/20 12:59:15.321] - eth_getTransactionCount
[2025/09/20 12:59:15.325] - eth_getBalance
[2025/09/20 12:59:15.331] - eth_getTransactionCount
[2025/09/20 12:59:15.338] - eth_getBalance
[2025/09/20 12:59:15.343] - eth_getTransactionCount
[2025/09/20 12:59:15.346] - eth_getBalance
[2025/09/20 12:59:15.351] - eth_getTransactionCount
[2025/09/20 12:59:15.354] - eth_getBalance
[2025/09/20 12:59:15.359] - eth_getTransactionCount
[2025/09/20 12:59:15.365] - eth_getBalance
[2025/09/20 12:59:15.369] - eth_getTransactionCount
[2025/09/20 12:59:15.373] - eth_getBalance
[2025/09/20 12:59:15.378] - eth_getTransactionCount
[2025/09/20 12:59:15.381] - eth_getBalance
[2025/09/20 12:59:15.384] - eth_getTransactionCount
[2025/09/20 12:59:15.394] - eth_getBalance
[2025/09/20 12:59:15.399] - eth_getTransactionCount
[2025/09/20 12:59:24.685] - eth_getBlockByNumber
[2025/09/20 12:59:24.701] - eth_getBlockTransactionCountByHash
[2025/09/20 12:59:24.712] - eth_getBlockByNumber
[2025/09/20 12:59:24.723] - eth_getBlockTransactionCountByHash
[2025/09/20 12:59:24.733] - eth_getBlockByNumber
[2025/09/20 12:59:24.744] - eth_getBlockTransactionCountByHash
[2025/09/20 12:59:24.755] - eth_getBlockByNumber
[2025/09/20 12:59:24.766] - eth_getBlockTransactionCountByHash
[2025/09/20 12:59:24.782] - eth_getBlockByNumber
[2025/09/20 12:59:24.795] - eth_getBlockTransactionCountByHash
[2025/09/20 13:00:10.400] - eth_getBlockByNumber
[2025/09/20 13:00:10.416] - eth_getTransactionReceipt
[2025/09/20 13:01:53.573] - eth_unsubscribe
[2025/09/20 13:01:53.574] - eth_unsubscribe
