[2025/09/27 22:26:23.513] - Starting server with initial configuration: {"gasLimit":6721975,"gasPrice":20000000000,"hardfork":"merge","hostname":"127.0.0.1","port":8545,"network_id":5777,"default_balance_ether":100,"total_accounts":10,"unlocked_accounts":[],"locked":false,"vmErrorsOnRPCResponse":true,"verbose":false,"flavor":"ethereum","db_path":"C:\\Users\\akram\\AppData\\Roaming\\Ganache\\ui\\workspaces\\REBCWS\\chaindata","mnemonic":"toward reward before broccoli until dance stem year achieve boring hybrid load","logDirectory":"C:\\Users\\akram\\OneDrive\\Bureau\\real_estate_project\\logs"}
[2025/09/27 22:26:23.934] - eth_subscribe
[2025/09/27 22:26:23.939] - eth_getLogs
[2025/09/27 22:26:23.941] - eth_subscribe
[2025/09/27 22:26:23.944] - eth_getCode
[2025/09/27 22:26:24.039] - eth_getCode
[2025/09/27 22:26:24.042] - eth_subscribe
[2025/09/27 22:26:24.044] - eth_getLogs
[2025/09/27 22:26:24.046] - eth_subscribe
[2025/09/27 22:26:24.697] - eth_blockNumber
[2025/09/27 22:26:24.699] - eth_accounts
[2025/09/27 22:26:24.700] - eth_gasPrice
[2025/09/27 22:26:24.702] - eth_getBlockByNumber
[2025/09/27 22:26:24.703] - eth_subscribe
[2025/09/27 22:26:24.709] - eth_blockNumber
[2025/09/27 22:26:24.710] - eth_accounts
[2025/09/27 22:26:24.712] - eth_gasPrice
[2025/09/27 22:26:24.713] - eth_getBlockByNumber
[2025/09/27 22:26:24.714] - eth_subscribe
[2025/09/27 22:26:24.750] - eth_accounts
[2025/09/27 22:26:24.887] - eth_getBalance
[2025/09/27 22:26:24.899] - eth_getTransactionCount
[2025/09/27 22:26:24.911] - eth_getBalance
[2025/09/27 22:26:24.924] - eth_getTransactionCount
[2025/09/27 22:26:24.956] - eth_getBalance
[2025/09/27 22:26:24.973] - eth_getTransactionCount
[2025/09/27 22:26:24.986] - eth_getBalance
[2025/09/27 22:26:24.997] - eth_getTransactionCount
[2025/09/27 22:26:25.014] - eth_getBalance
[2025/09/27 22:26:25.030] - eth_getTransactionCount
[2025/09/27 22:26:25.039] - eth_getBalance
[2025/09/27 22:26:25.049] - eth_getTransactionCount
[2025/09/27 22:26:25.063] - eth_getBalance
[2025/09/27 22:26:25.072] - eth_getTransactionCount
[2025/09/27 22:26:25.085] - eth_getBalance
[2025/09/27 22:26:25.095] - eth_getTransactionCount
[2025/09/27 22:26:25.105] - eth_getBalance
[2025/09/27 22:26:25.114] - eth_getTransactionCount
[2025/09/27 22:26:25.123] - eth_getBalance
[2025/09/27 22:26:25.135] - eth_getTransactionCount
[2025/09/27 22:26:25.160] - eth_getBalance
[2025/09/27 22:26:25.174] - eth_getTransactionCount
[2025/09/27 22:26:25.186] - eth_getBalance
[2025/09/27 22:26:25.198] - eth_getTransactionCount
[2025/09/27 22:26:25.209] - eth_getBalance
[2025/09/27 22:26:25.218] - eth_getTransactionCount
[2025/09/27 22:26:25.227] - eth_getBalance
[2025/09/27 22:26:25.236] - eth_getTransactionCount
[2025/09/27 22:26:25.247] - eth_getBalance
[2025/09/27 22:26:25.256] - eth_getTransactionCount
[2025/09/27 22:26:25.265] - eth_getBalance
[2025/09/27 22:26:25.278] - eth_getTransactionCount
[2025/09/27 22:26:25.287] - eth_getBalance
[2025/09/27 22:26:25.295] - eth_getTransactionCount
[2025/09/27 22:26:25.309] - eth_getBalance
[2025/09/27 22:26:25.319] - eth_getTransactionCount
[2025/09/27 22:26:25.327] - eth_getBalance
[2025/09/27 22:26:25.337] - eth_getTransactionCount
[2025/09/27 22:26:25.346] - eth_getBalance
[2025/09/27 22:26:25.356] - eth_getTransactionCount
[2025/09/27 22:26:25.365] - eth_getBalance
[2025/09/27 22:26:25.377] - eth_getTransactionCount
[2025/09/27 22:26:25.395] - eth_getBalance
[2025/09/27 22:26:25.404] - eth_getTransactionCount
[2025/09/27 22:26:25.413] - eth_getBalance
[2025/09/27 22:26:25.422] - eth_getTransactionCount
[2025/09/27 22:26:25.433] - eth_getBalance
[2025/09/27 22:26:25.443] - eth_getTransactionCount
[2025/09/27 22:26:25.452] - eth_getBalance
[2025/09/27 22:26:25.470] - eth_getTransactionCount
[2025/09/27 22:26:25.481] - eth_getBalance
[2025/09/27 22:26:25.493] - eth_getTransactionCount
[2025/09/27 22:26:25.505] - eth_getBalance
[2025/09/27 22:26:25.515] - eth_getTransactionCount
[2025/09/27 22:26:25.524] - eth_getBalance
[2025/09/27 22:26:25.533] - eth_getTransactionCount
[2025/09/27 22:26:25.545] - eth_getBalance
[2025/09/27 22:26:25.556] - eth_getTransactionCount
[2025/09/27 22:26:25.568] - eth_getBalance
[2025/09/27 22:26:25.584] - eth_getTransactionCount
[2025/09/27 22:26:25.716] - eth_getBalance
[2025/09/27 22:26:25.727] - eth_getTransactionCount
[2025/09/27 22:26:25.735] - eth_getBalance
[2025/09/27 22:26:25.746] - eth_getTransactionCount
[2025/09/27 22:26:25.758] - eth_getBalance
[2025/09/27 22:26:25.766] - eth_getTransactionCount
[2025/09/27 22:26:25.775] - eth_getBalance
[2025/09/27 22:26:25.784] - eth_getTransactionCount
[2025/09/27 22:26:25.793] - eth_getBalance
[2025/09/27 22:26:25.802] - eth_getTransactionCount
[2025/09/27 22:26:25.812] - eth_getBalance
[2025/09/27 22:26:25.831] - eth_getTransactionCount
[2025/09/27 22:26:25.854] - eth_getBalance
[2025/09/27 22:26:25.864] - eth_getTransactionCount
[2025/09/27 22:26:25.873] - eth_getBalance
[2025/09/27 22:26:25.884] - eth_getTransactionCount
[2025/09/27 22:26:25.896] - eth_getBalance
[2025/09/27 22:26:25.903] - eth_getTransactionCount
[2025/09/27 22:26:25.915] - eth_getBalance
[2025/09/27 22:26:25.924] - eth_getTransactionCount
[2025/09/27 22:27:12.309] - eth_unsubscribe
[2025/09/27 22:27:12.311] - eth_unsubscribe
