[2025/09/20 12:38:27.772] - Starting server with initial configuration: {"gasLimit":6721975,"gasPrice":20000000000,"hardfork":"merge","hostname":"127.0.0.1","port":7545,"network_id":5777,"default_balance_ether":100,"total_accounts":10,"unlocked_accounts":[],"locked":false,"vmErrorsOnRPCResponse":true,"verbose":false,"flavor":"ethereum","db_path":"C:\\Users\\akram\\AppData\\Roaming\\Ganache\\ui\\workspaces\\peaceful-pickle\\chaindata","mnemonic":"toward reward before broccoli until dance stem year achieve boring hybrid load","logDirectory":"C:\\Users\\akram\\OneDrive\\Bureau\\real_estate_project\\logs"}
[2025/09/20 12:38:27.857] - eth_subscribe
[2025/09/20 12:38:27.859] - eth_getLogs
[2025/09/20 12:38:27.860] - eth_subscribe
[2025/09/20 12:38:27.868] - eth_subscribe
[2025/09/20 12:38:27.869] - eth_getLogs
[2025/09/20 12:38:27.869] - eth_subscribe
[2025/09/20 12:38:27.891] - eth_blockNumber
[2025/09/20 12:38:27.892] - eth_accounts
[2025/09/20 12:38:27.892] - eth_gasPrice
[2025/09/20 12:38:27.893] - eth_getBlockByNumber
[2025/09/20 12:38:27.893] - eth_subscribe
[2025/09/20 12:38:27.898] - eth_accounts
[2025/09/20 12:38:27.901] - eth_blockNumber
[2025/09/20 12:38:27.905] - eth_getBlockByNumber
[2025/09/20 12:38:27.919] - eth_getBalance
[2025/09/20 12:38:27.920] - eth_getTransactionCount
[2025/09/20 12:38:27.923] - eth_getBalance
[2025/09/20 12:38:27.924] - eth_getTransactionCount
[2025/09/20 12:38:27.927] - eth_getBalance
[2025/09/20 12:38:27.929] - eth_getTransactionCount
[2025/09/20 12:38:27.931] - eth_getBalance
[2025/09/20 12:38:27.933] - eth_getTransactionCount
[2025/09/20 12:38:27.936] - eth_getBalance
[2025/09/20 12:38:27.938] - eth_getTransactionCount
[2025/09/20 12:38:27.941] - eth_getBalance
[2025/09/20 12:38:27.943] - eth_getTransactionCount
[2025/09/20 12:38:27.945] - eth_getBalance
[2025/09/20 12:38:27.947] - eth_getTransactionCount
[2025/09/20 12:38:27.949] - eth_getBalance
[2025/09/20 12:38:27.950] - eth_getTransactionCount
[2025/09/20 12:38:27.951] - eth_getBalance
[2025/09/20 12:38:27.953] - eth_getTransactionCount
[2025/09/20 12:38:27.954] - eth_getBalance
[2025/09/20 12:38:27.955] - eth_getTransactionCount
[2025/09/20 12:38:27.957] - eth_blockNumber
[2025/09/20 12:38:27.957] - eth_accounts
[2025/09/20 12:38:27.957] - eth_gasPrice
[2025/09/20 12:38:27.963] - eth_getBlockByNumber
[2025/09/20 12:38:27.964] - eth_subscribe
[2025/09/20 12:38:27.973] - eth_getTransactionCount
[2025/09/20 12:38:27.974] - eth_getBalance
[2025/09/20 12:38:27.975] - eth_getTransactionCount
[2025/09/20 12:38:27.977] - eth_getBalance
[2025/09/20 12:38:27.978] - eth_getTransactionCount
[2025/09/20 12:38:27.979] - eth_getBalance
[2025/09/20 12:38:27.980] - eth_getTransactionCount
[2025/09/20 12:38:27.982] - eth_getBalance
[2025/09/20 12:38:27.983] - eth_getTransactionCount
[2025/09/20 12:38:27.985] - eth_getBalance
[2025/09/20 12:38:27.986] - eth_getTransactionCount
[2025/09/20 12:38:27.987] - eth_getBalance
[2025/09/20 12:38:27.988] - eth_getTransactionCount
[2025/09/20 12:38:27.989] - eth_getBalance
[2025/09/20 12:38:27.990] - eth_getTransactionCount
[2025/09/20 12:38:27.992] - eth_getBalance
[2025/09/20 12:38:27.993] - eth_getTransactionCount
[2025/09/20 12:38:27.994] - eth_getBalance
[2025/09/20 12:38:27.995] - eth_getTransactionCount
[2025/09/20 12:38:28.083] - eth_getBalance
[2025/09/20 12:38:28.085] - eth_getTransactionCount
[2025/09/20 12:38:28.086] - eth_getBalance
[2025/09/20 12:38:28.087] - eth_getTransactionCount
[2025/09/20 12:38:28.089] - eth_getBalance
[2025/09/20 12:38:28.090] - eth_getTransactionCount
[2025/09/20 12:38:28.091] - eth_getBalance
[2025/09/20 12:38:28.092] - eth_getTransactionCount
[2025/09/20 12:38:28.093] - eth_getBalance
[2025/09/20 12:38:28.095] - eth_getTransactionCount
[2025/09/20 12:38:28.096] - eth_getBalance
[2025/09/20 12:38:28.098] - eth_getTransactionCount
[2025/09/20 12:38:28.099] - eth_getBalance
[2025/09/20 12:38:28.101] - eth_getTransactionCount
[2025/09/20 12:38:28.102] - eth_getBalance
[2025/09/20 12:38:28.104] - eth_getTransactionCount
[2025/09/20 12:38:28.105] - eth_getBalance
[2025/09/20 12:38:28.107] - eth_getTransactionCount
[2025/09/20 12:38:28.108] - eth_getBalance
[2025/09/20 12:38:28.110] - eth_getTransactionCount
[2025/09/20 12:38:28.111] - eth_getBalance
[2025/09/20 12:38:28.114] - eth_getTransactionCount
[2025/09/20 12:38:28.116] - eth_getBalance
[2025/09/20 12:38:28.117] - eth_getTransactionCount
[2025/09/20 12:38:28.119] - eth_getBalance
[2025/09/20 12:38:28.121] - eth_getTransactionCount
[2025/09/20 12:38:28.123] - eth_getBalance
[2025/09/20 12:38:28.125] - eth_getTransactionCount
[2025/09/20 12:38:28.127] - eth_getBalance
[2025/09/20 12:38:28.128] - eth_getTransactionCount
[2025/09/20 12:38:28.129] - eth_getBalance
[2025/09/20 12:38:28.130] - eth_getTransactionCount
[2025/09/20 12:38:28.132] - eth_getBalance
[2025/09/20 12:38:28.133] - eth_getTransactionCount
[2025/09/20 12:38:28.134] - eth_getBalance
[2025/09/20 12:38:28.136] - eth_getTransactionCount
[2025/09/20 12:38:28.137] - eth_getBalance
[2025/09/20 12:38:28.138] - eth_getTransactionCount
[2025/09/20 12:38:28.139] - eth_getBalance
[2025/09/20 12:38:28.140] - eth_getTransactionCount
[2025/09/20 12:39:11.644] - eth_blockNumber
[2025/09/20 12:39:11.656] - net_version
[2025/09/20 12:39:11.659] - eth_accounts
[2025/09/20 12:39:11.670] - eth_getBlockByNumber
[2025/09/20 12:39:11.675] - eth_accounts
[2025/09/20 12:39:11.691] - net_version
[2025/09/20 12:39:11.693] - eth_getBlockByNumber
[2025/09/20 12:39:11.696] - eth_getBlockByNumber
[2025/09/20 12:39:11.701] - net_version
[2025/09/20 12:39:11.705] - eth_getBlockByNumber
[2025/09/20 12:39:11.712] - eth_estimateGas
[2025/09/20 12:39:11.760] - net_version
[2025/09/20 12:39:11.761] - eth_blockNumber
[2025/09/20 12:39:11.764] - eth_getBlockByNumber
[2025/09/20 12:39:11.768] - eth_estimateGas
[2025/09/20 12:44:02.482] - eth_unsubscribe
[2025/09/20 12:44:02.483] - eth_unsubscribe
