[2025/09/26 16:59:00.436] - Starting server with initial configuration: {"gasLimit":6721975,"gasPrice":20000000000,"hardfork":"merge","hostname":"127.0.0.1","port":8545,"network_id":5777,"default_balance_ether":100,"total_accounts":10,"unlocked_accounts":[],"locked":false,"vmErrorsOnRPCResponse":true,"verbose":false,"flavor":"ethereum","db_path":"C:\\Users\\akram\\AppData\\Roaming\\Ganache\\ui\\workspaces\\REBCWS\\chaindata","mnemonic":"toward reward before broccoli until dance stem year achieve boring hybrid load","logDirectory":"C:\\Users\\akram\\OneDrive\\Bureau\\real_estate_project\\logs"}
[2025/09/26 16:59:00.769] - eth_subscribe
[2025/09/26 16:59:00.772] - eth_getLogs
[2025/09/26 16:59:00.774] - eth_subscribe
[2025/09/26 16:59:00.776] - eth_getCode
[2025/09/26 16:59:00.920] - eth_getCode
[2025/09/26 16:59:00.922] - eth_subscribe
[2025/09/26 16:59:00.924] - eth_getLogs
[2025/09/26 16:59:00.925] - eth_subscribe
[2025/09/26 16:59:01.092] - eth_blockNumber
[2025/09/26 16:59:01.094] - eth_accounts
[2025/09/26 16:59:01.095] - eth_gasPrice
[2025/09/26 16:59:01.096] - eth_getBlockByNumber
[2025/09/26 16:59:01.097] - eth_subscribe
[2025/09/26 16:59:01.102] - eth_blockNumber
[2025/09/26 16:59:01.103] - eth_accounts
[2025/09/26 16:59:01.105] - eth_gasPrice
[2025/09/26 16:59:01.106] - eth_getBlockByNumber
[2025/09/26 16:59:01.107] - eth_subscribe
[2025/09/26 16:59:01.132] - eth_accounts
[2025/09/26 16:59:01.258] - eth_getBalance
[2025/09/26 16:59:01.273] - eth_getTransactionCount
[2025/09/26 16:59:01.284] - eth_getBalance
[2025/09/26 16:59:01.294] - eth_getTransactionCount
[2025/09/26 16:59:01.307] - eth_getBalance
[2025/09/26 16:59:01.321] - eth_getTransactionCount
[2025/09/26 16:59:01.332] - eth_getBalance
[2025/09/26 16:59:01.347] - eth_getTransactionCount
[2025/09/26 16:59:01.362] - eth_getBalance
[2025/09/26 16:59:01.374] - eth_getTransactionCount
[2025/09/26 16:59:01.390] - eth_getBalance
[2025/09/26 16:59:01.402] - eth_getTransactionCount
[2025/09/26 16:59:01.413] - eth_getBalance
[2025/09/26 16:59:01.427] - eth_getTransactionCount
[2025/09/26 16:59:01.438] - eth_getBalance
[2025/09/26 16:59:01.452] - eth_getTransactionCount
[2025/09/26 16:59:01.464] - eth_getBalance
[2025/09/26 16:59:01.476] - eth_getTransactionCount
[2025/09/26 16:59:01.485] - eth_getBalance
[2025/09/26 16:59:01.495] - eth_getTransactionCount
[2025/09/26 16:59:01.529] - eth_getBalance
[2025/09/26 16:59:01.541] - eth_getTransactionCount
[2025/09/26 16:59:01.553] - eth_getBalance
[2025/09/26 16:59:01.564] - eth_getTransactionCount
[2025/09/26 16:59:01.575] - eth_getBalance
[2025/09/26 16:59:01.586] - eth_getTransactionCount
[2025/09/26 16:59:01.596] - eth_getBalance
[2025/09/26 16:59:01.606] - eth_getTransactionCount
[2025/09/26 16:59:01.617] - eth_getBalance
[2025/09/26 16:59:01.629] - eth_getTransactionCount
[2025/09/26 16:59:01.641] - eth_getBalance
[2025/09/26 16:59:01.653] - eth_getTransactionCount
[2025/09/26 16:59:01.665] - eth_getBalance
[2025/09/26 16:59:01.676] - eth_getTransactionCount
[2025/09/26 16:59:01.685] - eth_getBalance
[2025/09/26 16:59:01.692] - eth_getTransactionCount
[2025/09/26 16:59:01.704] - eth_getBalance
[2025/09/26 16:59:01.716] - eth_getTransactionCount
[2025/09/26 16:59:01.725] - eth_getBalance
[2025/09/26 16:59:01.734] - eth_getTransactionCount
[2025/09/26 16:59:01.743] - eth_getBalance
[2025/09/26 16:59:01.752] - eth_getTransactionCount
[2025/09/26 16:59:01.761] - eth_getBalance
[2025/09/26 16:59:01.772] - eth_getTransactionCount
[2025/09/26 16:59:01.784] - eth_getBalance
[2025/09/26 16:59:01.798] - eth_getTransactionCount
[2025/09/26 16:59:01.809] - eth_getBalance
[2025/09/26 16:59:01.820] - eth_getTransactionCount
[2025/09/26 16:59:01.831] - eth_getBalance
[2025/09/26 16:59:01.847] - eth_getTransactionCount
[2025/09/26 16:59:01.859] - eth_getBalance
[2025/09/26 16:59:01.870] - eth_getTransactionCount
[2025/09/26 16:59:01.883] - eth_getBalance
[2025/09/26 16:59:01.895] - eth_getTransactionCount
[2025/09/26 16:59:01.905] - eth_getBalance
[2025/09/26 16:59:01.918] - eth_getTransactionCount
[2025/09/26 16:59:01.930] - eth_getBalance
[2025/09/26 16:59:01.940] - eth_getTransactionCount
[2025/09/26 16:59:01.952] - eth_getBalance
[2025/09/26 16:59:01.964] - eth_getTransactionCount
[2025/09/26 16:59:02.144] - eth_getBalance
[2025/09/26 16:59:02.157] - eth_getTransactionCount
[2025/09/26 16:59:02.168] - eth_getBalance
[2025/09/26 16:59:02.178] - eth_getTransactionCount
[2025/09/26 16:59:02.190] - eth_getBalance
[2025/09/26 16:59:02.203] - eth_getTransactionCount
[2025/09/26 16:59:02.215] - eth_getBalance
[2025/09/26 16:59:02.228] - eth_getTransactionCount
[2025/09/26 16:59:02.239] - eth_getBalance
[2025/09/26 16:59:02.249] - eth_getTransactionCount
[2025/09/26 16:59:02.261] - eth_getBalance
[2025/09/26 16:59:02.273] - eth_getTransactionCount
[2025/09/26 16:59:02.285] - eth_getBalance
[2025/09/26 16:59:02.297] - eth_getTransactionCount
[2025/09/26 16:59:02.307] - eth_getBalance
[2025/09/26 16:59:02.322] - eth_getTransactionCount
[2025/09/26 16:59:02.333] - eth_getBalance
[2025/09/26 16:59:02.344] - eth_getTransactionCount
[2025/09/26 16:59:02.355] - eth_getBalance
[2025/09/26 16:59:02.366] - eth_getTransactionCount
[2025/09/26 17:11:08.831] - eth_blockNumber
[2025/09/26 17:11:08.866] - net_version
[2025/09/26 17:11:08.874] - eth_accounts
[2025/09/26 17:11:08.924] - eth_getBlockByNumber
[2025/09/26 17:11:08.935] - eth_accounts
[2025/09/26 17:11:08.969] - eth_getBlockByNumber
[2025/09/26 17:11:08.976] - eth_getBlockByNumber
[2025/09/26 17:11:08.985] - eth_getBlockByNumber
[2025/09/26 17:11:09.008] - eth_estimateGas
[2025/09/26 17:11:09.200] - eth_getBlockByNumber
[2025/09/26 17:11:09.202] - eth_blockNumber
[2025/09/26 17:11:09.211] - eth_sendTransaction
[2025/09/26 17:11:09.266] - 
  Transaction: 0xc1b3d9246f14cb3568e9c72587e74e5af5fe58123062808191824e65c30f0975
  Contract created: 0xddfea68f8edd688f4f6e36057cfe8d316758445c
  Gas usage: 852594
  Block number: 44
  Block time: Fri Sep 26 2025 17:11:09 GMT+0100 (heure normale d’Afrique de l’Ouest)

[2025/09/26 17:11:09.276] - eth_getTransactionReceipt
[2025/09/26 17:11:09.279] - eth_getBlockByNumber
[2025/09/26 17:11:09.285] - eth_getCode
[2025/09/26 17:11:09.295] - eth_getTransactionByHash
[2025/09/26 17:11:09.303] - eth_getBlockByNumber
[2025/09/26 17:11:09.306] - eth_getBalance
[2025/09/26 17:11:09.308] - eth_getBalance
[2025/09/26 17:11:09.318] - eth_getTransactionCount
[2025/09/26 17:11:09.327] - eth_getBalance
[2025/09/26 17:11:09.338] - eth_getTransactionCount
[2025/09/26 17:11:09.352] - eth_getBalance
[2025/09/26 17:11:09.364] - eth_getTransactionCount
[2025/09/26 17:11:09.375] - eth_getBalance
[2025/09/26 17:11:09.382] - eth_getTransactionCount
[2025/09/26 17:11:09.391] - eth_getBalance
[2025/09/26 17:11:09.402] - eth_getTransactionCount
[2025/09/26 17:11:09.410] - eth_getBalance
[2025/09/26 17:11:09.419] - eth_getTransactionCount
[2025/09/26 17:11:09.429] - eth_getBalance
[2025/09/26 17:11:09.441] - eth_getTransactionCount
[2025/09/26 17:11:09.453] - eth_getBalance
[2025/09/26 17:11:09.464] - eth_getTransactionCount
[2025/09/26 17:11:09.475] - eth_getBalance
[2025/09/26 17:11:09.486] - eth_getTransactionCount
[2025/09/26 17:11:09.495] - eth_getBalance
[2025/09/26 17:11:09.502] - eth_getTransactionCount
[2025/09/26 17:45:14.977] - eth_blockNumber
[2025/09/26 17:45:15.012] - net_version
[2025/09/26 17:45:15.021] - eth_accounts
[2025/09/26 17:45:15.050] - eth_getBlockByNumber
[2025/09/26 17:45:15.059] - eth_accounts
[2025/09/26 17:45:15.105] - eth_getBlockByNumber
[2025/09/26 17:45:15.112] - eth_getBlockByNumber
[2025/09/26 17:45:15.120] - eth_getBlockByNumber
[2025/09/26 17:45:15.144] - eth_estimateGas
[2025/09/26 17:45:15.226] - eth_getBlockByNumber
[2025/09/26 17:45:15.228] - eth_blockNumber
[2025/09/26 17:45:15.239] - eth_sendTransaction
[2025/09/26 17:45:15.264] - 
  Transaction: 0x3556957f94c048c2c9280180ea8cbe147b598c40da561fbbf42809df1b94ea71
  Contract created: 0x7d3dd66bef2ea9e5eb2c963951a04e793006c834
  Gas usage: 877393
  Block number: 45
  Block time: Fri Sep 26 2025 17:45:15 GMT+0100 (heure normale d’Afrique de l’Ouest)

[2025/09/26 17:45:15.268] - eth_getBlockByNumber
[2025/09/26 17:45:15.274] - eth_getTransactionReceipt
[2025/09/26 17:45:15.281] - eth_getCode
[2025/09/26 17:45:15.292] - eth_getTransactionByHash
[2025/09/26 17:45:15.298] - eth_getBlockByNumber
[2025/09/26 17:45:15.305] - eth_getBalance
[2025/09/26 17:45:15.331] - eth_getBalance
[2025/09/26 17:45:15.357] - eth_getTransactionCount
[2025/09/26 17:45:15.382] - eth_getBalance
[2025/09/26 17:45:15.399] - eth_getTransactionCount
[2025/09/26 17:45:15.410] - eth_getBalance
[2025/09/26 17:45:15.421] - eth_getTransactionCount
[2025/09/26 17:45:15.433] - eth_getBalance
[2025/09/26 17:45:15.443] - eth_getTransactionCount
[2025/09/26 17:45:15.458] - eth_getBalance
[2025/09/26 17:45:15.485] - eth_getTransactionCount
[2025/09/26 17:45:15.497] - eth_getBalance
[2025/09/26 17:45:15.510] - eth_getTransactionCount
[2025/09/26 17:45:15.525] - eth_getBalance
[2025/09/26 17:45:15.535] - eth_getTransactionCount
[2025/09/26 17:45:15.545] - eth_getBalance
[2025/09/26 17:45:15.556] - eth_getTransactionCount
[2025/09/26 17:45:15.567] - eth_getBalance
[2025/09/26 17:45:15.578] - eth_getTransactionCount
[2025/09/26 17:45:15.587] - eth_getBalance
[2025/09/26 17:45:15.598] - eth_getTransactionCount
[2025/09/26 18:14:13.904] - eth_chainId
[2025/09/26 18:14:19.758] - eth_chainId
[2025/09/26 18:14:20.072] - eth_chainId
[2025/09/26 18:14:20.276] - eth_chainId
[2025/09/26 18:14:20.876] - eth_chainId
[2025/09/26 18:19:32.031] - eth_chainId
[2025/09/26 18:20:52.185] - eth_chainId
[2025/09/26 18:20:53.793] - eth_chainId
[2025/09/26 18:20:54.098] - eth_chainId
[2025/09/26 18:20:54.234] - eth_chainId
[2025/09/26 18:20:54.552] - eth_chainId
[2025/09/26 19:25:15.020] - eth_getBlockByNumber
[2025/09/26 19:25:15.069] - eth_getBlockTransactionCountByHash
[2025/09/26 19:25:15.094] - eth_getBlockByNumber
[2025/09/26 19:25:15.128] - eth_getBlockTransactionCountByHash
[2025/09/26 19:25:15.167] - eth_getBlockByNumber
[2025/09/26 19:25:15.206] - eth_getBlockTransactionCountByHash
[2025/09/26 19:25:15.252] - eth_getBlockByNumber
[2025/09/26 19:25:15.289] - eth_getBlockTransactionCountByHash
[2025/09/26 19:25:15.322] - eth_getBlockByNumber
[2025/09/26 19:25:15.360] - eth_getBlockTransactionCountByHash
[2025/09/26 19:25:15.385] - eth_getBlockByNumber
[2025/09/26 19:25:15.417] - eth_getBlockTransactionCountByHash
[2025/09/26 19:25:15.437] - eth_getBlockByNumber
[2025/09/26 19:25:15.464] - eth_getBlockTransactionCountByHash
[2025/09/26 19:25:15.495] - eth_getBlockByNumber
[2025/09/26 19:25:15.516] - eth_getBlockTransactionCountByHash
[2025/09/26 19:25:15.555] - eth_getBlockByNumber
[2025/09/26 19:25:15.578] - eth_getBlockTransactionCountByHash
[2025/09/26 19:25:15.602] - eth_getBlockByNumber
[2025/09/26 19:25:15.638] - eth_getBlockTransactionCountByHash
[2025/09/26 19:25:15.665] - eth_getBlockByNumber
[2025/09/26 19:25:15.688] - eth_getBlockTransactionCountByHash
[2025/09/26 19:25:15.723] - eth_getBlockByNumber
[2025/09/26 19:25:15.748] - eth_getBlockTransactionCountByHash
[2025/09/26 19:25:15.772] - eth_getBlockByNumber
[2025/09/26 19:25:15.797] - eth_getBlockTransactionCountByHash
[2025/09/26 19:25:15.819] - eth_getBlockByNumber
[2025/09/26 19:25:15.863] - eth_getBlockTransactionCountByHash
[2025/09/26 19:25:15.887] - eth_getBlockByNumber
[2025/09/26 19:25:15.909] - eth_getBlockTransactionCountByHash
[2025/09/26 19:25:15.946] - eth_getBlockByNumber
[2025/09/26 19:25:15.967] - eth_getBlockTransactionCountByHash
[2025/09/26 19:25:17.602] - eth_getBlockByNumber
[2025/09/26 19:25:17.651] - eth_getTransactionReceipt
[2025/09/26 19:25:17.680] - eth_getBlockByNumber
[2025/09/26 19:25:17.717] - eth_getTransactionReceipt
[2025/09/26 19:25:17.750] - eth_getBlockByNumber
[2025/09/26 19:25:17.771] - eth_getTransactionReceipt
[2025/09/26 19:25:17.803] - eth_getBlockByNumber
[2025/09/26 19:25:17.824] - eth_getTransactionReceipt
[2025/09/26 19:25:17.852] - eth_getBlockByNumber
[2025/09/26 19:25:17.873] - eth_getTransactionReceipt
[2025/09/26 19:25:17.899] - eth_getBlockByNumber
[2025/09/26 19:25:17.920] - eth_getTransactionReceipt
[2025/09/26 19:25:17.947] - eth_getBlockByNumber
[2025/09/26 19:25:17.974] - eth_getTransactionReceipt
[2025/09/26 19:25:18.000] - eth_getBlockByNumber
[2025/09/26 19:25:18.020] - eth_getTransactionReceipt
[2025/09/26 19:25:18.045] - eth_getBlockByNumber
[2025/09/26 19:25:18.066] - eth_getTransactionReceipt
[2025/09/26 19:25:18.090] - eth_getBlockByNumber
[2025/09/26 19:25:18.110] - eth_getTransactionReceipt
[2025/09/26 19:25:18.135] - eth_getBlockByNumber
[2025/09/26 19:25:18.157] - eth_getTransactionReceipt
[2025/09/26 19:25:35.304] - eth_getTransactionByHash
[2025/09/26 23:26:21.050] - eth_unsubscribe
[2025/09/26 23:26:21.058] - eth_unsubscribe
