[2025/09/27 22:27:32.882] - Starting server with initial configuration: {"gasLimit":6721975,"gasPrice":20000000000,"hardfork":"merge","hostname":"127.0.0.1","port":8545,"network_id":5777,"default_balance_ether":100,"total_accounts":10,"unlocked_accounts":[],"locked":false,"vmErrorsOnRPCResponse":true,"verbose":false,"flavor":"ethereum","db_path":"C:\\Users\\akram\\AppData\\Roaming\\Ganache\\ui\\workspaces\\REBCWS\\chaindata","mnemonic":"toward reward before broccoli until dance stem year achieve boring hybrid load","logDirectory":"C:\\Users\\akram\\OneDrive\\Bureau\\real_estate_project\\logs"}
[2025/09/27 22:27:33.199] - eth_subscribe
[2025/09/27 22:27:33.203] - eth_getLogs
[2025/09/27 22:27:33.205] - eth_subscribe
[2025/09/27 22:27:33.207] - eth_getCode
[2025/09/27 22:27:33.291] - eth_getCode
[2025/09/27 22:27:33.293] - eth_subscribe
[2025/09/27 22:27:33.294] - eth_getLogs
[2025/09/27 22:27:33.296] - eth_subscribe
[2025/09/27 22:27:33.441] - eth_blockNumber
[2025/09/27 22:27:33.443] - eth_accounts
[2025/09/27 22:27:33.444] - eth_gasPrice
[2025/09/27 22:27:33.446] - eth_getBlockByNumber
[2025/09/27 22:27:33.447] - eth_subscribe
[2025/09/27 22:27:33.451] - eth_blockNumber
[2025/09/27 22:27:33.452] - eth_accounts
[2025/09/27 22:27:33.453] - eth_gasPrice
[2025/09/27 22:27:33.454] - eth_getBlockByNumber
[2025/09/27 22:27:33.455] - eth_subscribe
[2025/09/27 22:27:33.481] - eth_accounts
[2025/09/27 22:27:33.583] - eth_getBalance
[2025/09/27 22:27:33.592] - eth_getTransactionCount
[2025/09/27 22:27:33.601] - eth_getBalance
[2025/09/27 22:27:33.612] - eth_getTransactionCount
[2025/09/27 22:27:33.621] - eth_getBalance
[2025/09/27 22:27:33.633] - eth_getTransactionCount
[2025/09/27 22:27:33.647] - eth_getBalance
[2025/09/27 22:27:33.655] - eth_getTransactionCount
[2025/09/27 22:27:33.668] - eth_getBalance
[2025/09/27 22:27:33.680] - eth_getTransactionCount
[2025/09/27 22:27:33.689] - eth_getBalance
[2025/09/27 22:27:33.700] - eth_getTransactionCount
[2025/09/27 22:27:33.708] - eth_getBalance
[2025/09/27 22:27:33.719] - eth_getTransactionCount
[2025/09/27 22:27:33.727] - eth_getBalance
[2025/09/27 22:27:33.735] - eth_getTransactionCount
[2025/09/27 22:27:33.742] - eth_getBalance
[2025/09/27 22:27:33.751] - eth_getTransactionCount
[2025/09/27 22:27:33.759] - eth_getBalance
[2025/09/27 22:27:33.766] - eth_getTransactionCount
[2025/09/27 22:27:33.787] - eth_getBalance
[2025/09/27 22:27:33.798] - eth_getTransactionCount
[2025/09/27 22:27:33.807] - eth_getBalance
[2025/09/27 22:27:33.818] - eth_getTransactionCount
[2025/09/27 22:27:33.827] - eth_getBalance
[2025/09/27 22:27:33.834] - eth_getTransactionCount
[2025/09/27 22:27:33.841] - eth_getBalance
[2025/09/27 22:27:33.849] - eth_getTransactionCount
[2025/09/27 22:27:33.857] - eth_getBalance
[2025/09/27 22:27:33.864] - eth_getTransactionCount
[2025/09/27 22:27:33.870] - eth_getBalance
[2025/09/27 22:27:33.880] - eth_getTransactionCount
[2025/09/27 22:27:33.886] - eth_getBalance
[2025/09/27 22:27:33.895] - eth_getTransactionCount
[2025/09/27 22:27:33.906] - eth_getBalance
[2025/09/27 22:27:33.915] - eth_getTransactionCount
[2025/09/27 22:27:33.923] - eth_getBalance
[2025/09/27 22:27:33.931] - eth_getTransactionCount
[2025/09/27 22:27:33.938] - eth_getBalance
[2025/09/27 22:27:33.947] - eth_getTransactionCount
[2025/09/27 22:27:33.954] - eth_getBalance
[2025/09/27 22:27:33.963] - eth_getTransactionCount
[2025/09/27 22:27:33.970] - eth_getBalance
[2025/09/27 22:27:33.980] - eth_getTransactionCount
[2025/09/27 22:27:33.986] - eth_getBalance
[2025/09/27 22:27:33.994] - eth_getTransactionCount
[2025/09/27 22:27:34.006] - eth_getBalance
[2025/09/27 22:27:34.014] - eth_getTransactionCount
[2025/09/27 22:27:34.022] - eth_getBalance
[2025/09/27 22:27:34.033] - eth_getTransactionCount
[2025/09/27 22:27:34.041] - eth_getBalance
[2025/09/27 22:27:34.052] - eth_getTransactionCount
[2025/09/27 22:27:34.062] - eth_getBalance
[2025/09/27 22:27:34.070] - eth_getTransactionCount
[2025/09/27 22:27:34.078] - eth_getBalance
[2025/09/27 22:27:34.086] - eth_getTransactionCount
[2025/09/27 22:27:34.094] - eth_getBalance
[2025/09/27 22:27:34.103] - eth_getTransactionCount
[2025/09/27 22:27:34.112] - eth_getBalance
[2025/09/27 22:27:34.124] - eth_getTransactionCount
[2025/09/27 22:27:34.224] - eth_getBalance
[2025/09/27 22:27:34.232] - eth_getTransactionCount
[2025/09/27 22:27:34.240] - eth_getBalance
[2025/09/27 22:27:34.248] - eth_getTransactionCount
[2025/09/27 22:27:34.263] - eth_getBalance
[2025/09/27 22:27:34.265] - eth_getTransactionCount
[2025/09/27 22:27:34.269] - eth_getBalance
[2025/09/27 22:27:34.279] - eth_getTransactionCount
[2025/09/27 22:27:34.285] - eth_getBalance
[2025/09/27 22:27:34.291] - eth_getTransactionCount
[2025/09/27 22:27:34.300] - eth_getBalance
[2025/09/27 22:27:34.306] - eth_getTransactionCount
[2025/09/27 22:27:34.313] - eth_getBalance
[2025/09/27 22:27:34.320] - eth_getTransactionCount
[2025/09/27 22:27:34.327] - eth_getBalance
[2025/09/27 22:27:34.337] - eth_getTransactionCount
[2025/09/27 22:27:34.344] - eth_getBalance
[2025/09/27 22:27:34.352] - eth_getTransactionCount
[2025/09/27 22:27:34.361] - eth_getBalance
[2025/09/27 22:27:34.372] - eth_getTransactionCount
[2025/09/27 22:27:44.396] - eth_blockNumber
[2025/09/27 22:27:53.798] - eth_getBlockByNumber
[2025/09/27 22:27:53.842] - eth_getBlockByNumber
[2025/09/27 22:27:53.903] - eth_getBlockByNumber
[2025/09/27 22:27:53.952] - eth_getBlockByNumber
[2025/09/27 22:27:53.992] - eth_getBlockByNumber
[2025/09/27 22:27:54.039] - eth_getBlockByNumber
[2025/09/27 22:27:54.103] - eth_getBlockByNumber
[2025/09/27 22:27:54.185] - eth_getBlockByNumber
[2025/09/27 22:27:54.239] - eth_getBlockByNumber
[2025/09/27 22:27:54.326] - eth_getBlockByNumber
[2025/09/27 22:27:54.354] - eth_getBlockByNumber
[2025/09/27 22:27:54.387] - eth_getBlockByNumber
[2025/09/27 22:27:54.403] - eth_getBlockByNumber
[2025/09/27 22:27:54.443] - eth_getBlockByNumber
[2025/09/27 22:27:54.478] - eth_getBlockByNumber
[2025/09/27 22:27:54.501] - eth_getBlockByNumber
[2025/09/27 22:27:54.527] - eth_getBlockByNumber
[2025/09/27 22:27:54.550] - eth_getBlockByNumber
[2025/09/27 22:27:54.572] - eth_getBlockByNumber
[2025/09/27 22:27:54.598] - eth_getBlockByNumber
[2025/09/27 22:27:54.615] - eth_getBlockByNumber
[2025/09/27 22:27:54.634] - eth_getBlockByNumber
[2025/09/27 22:27:54.648] - eth_getBlockByNumber
[2025/09/27 22:27:54.669] - eth_getBlockByNumber
[2025/09/27 22:27:54.688] - eth_getBlockByNumber
[2025/09/27 22:27:54.707] - eth_getBlockByNumber
[2025/09/27 22:27:54.724] - eth_getBlockByNumber
[2025/09/27 22:27:57.636] - eth_getBlockByNumber
[2025/09/27 22:27:57.725] - eth_getBlockByNumber
[2025/09/27 22:27:57.833] - eth_getBlockByNumber
[2025/09/27 22:27:58.121] - eth_getBlockByNumber
[2025/09/27 22:27:58.184] - eth_getBlockByNumber
[2025/09/27 22:27:58.232] - eth_getBlockByNumber
[2025/09/27 22:27:58.277] - eth_getBlockByNumber
[2025/09/27 22:27:58.311] - eth_getBlockByNumber
[2025/09/27 22:27:58.335] - eth_getBlockByNumber
[2025/09/27 22:27:58.436] - eth_getBlockByNumber
[2025/09/27 22:27:58.487] - eth_getBlockByNumber
[2025/09/27 22:27:59.487] - eth_getBlockByNumber
[2025/09/27 22:27:59.501] - eth_getBlockByNumber
[2025/09/27 22:27:59.516] - eth_getBlockByNumber
[2025/09/27 22:27:59.532] - eth_getBlockByNumber
[2025/09/27 22:27:59.549] - eth_getBlockByNumber
[2025/09/27 22:27:59.566] - eth_getBlockByNumber
[2025/09/27 22:27:59.584] - eth_getBlockByNumber
[2025/09/27 22:27:59.598] - eth_getBlockByNumber
[2025/09/27 22:27:59.619] - eth_getBlockByNumber
[2025/09/27 22:27:59.633] - eth_getBlockByNumber
[2025/09/27 22:27:59.645] - eth_getBlockByNumber
[2025/09/27 22:27:59.657] - eth_getBlockByNumber
[2025/09/27 22:27:59.669] - eth_getBlockByNumber
[2025/09/27 22:27:59.685] - eth_getBlockByNumber
[2025/09/27 22:27:59.698] - eth_getBlockByNumber
[2025/09/27 22:27:59.710] - eth_getBlockByNumber
[2025/09/27 22:28:08.916] - eth_estimateGas
[2025/09/27 22:28:09.142] - eth_getCode
[2025/09/27 22:28:09.546] - eth_call
[2025/09/27 22:28:09.574] - eth_call
[2025/09/27 22:28:09.725] - eth_call
[2025/09/27 22:28:09.740] - eth_call
[2025/09/27 22:28:11.070] - eth_blockNumber
[2025/09/27 22:28:11.277] - eth_call
[2025/09/27 22:28:11.306] - eth_call
[2025/09/27 22:28:11.336] - eth_call
[2025/09/27 22:28:11.338] - eth_call
[2025/09/27 22:28:15.466] - eth_getTransactionCount
[2025/09/27 22:28:15.520] - eth_sendRawTransaction
[2025/09/27 22:28:15.619] - 
  Transaction: 0x92cf8c38c7734676a0d7a3587d7a6cf0c976636a2ba5cd5a792890bf5aec7bb7
  Gas usage: 170313
  Block number: 101
  Block time: Sat Sep 27 2025 22:28:15 GMT+0100 (heure normale d’Afrique de l’Ouest)

[2025/09/27 22:28:15.632] - eth_getBlockByNumber
[2025/09/27 22:28:15.659] - eth_call
[2025/09/27 22:28:15.673] - eth_getTransactionReceipt
[2025/09/27 22:28:15.677] - eth_getBalance
[2025/09/27 22:28:15.685] - eth_blockNumber
[2025/09/27 22:28:15.692] - eth_getTransactionCount
[2025/09/27 22:28:15.699] - eth_call
[2025/09/27 22:28:15.713] - eth_getBlockByNumber
[2025/09/27 22:28:15.716] - eth_getBalance
[2025/09/27 22:28:15.720] - eth_call
[2025/09/27 22:28:15.734] - eth_getBalance
[2025/09/27 22:28:15.740] - eth_getTransactionCount
[2025/09/27 22:28:15.743] - eth_getBalance
[2025/09/27 22:28:15.745] - eth_getBalance
[2025/09/27 22:28:15.747] - eth_getBalance
[2025/09/27 22:28:15.752] - eth_getBalance
[2025/09/27 22:28:15.772] - eth_getTransactionCount
[2025/09/27 22:28:15.779] - eth_getBalance
[2025/09/27 22:28:15.784] - eth_call
[2025/09/27 22:28:15.785] - eth_call
[2025/09/27 22:28:15.795] - eth_getTransactionCount
[2025/09/27 22:28:15.802] - eth_call
[2025/09/27 22:28:15.818] - eth_getBalance
[2025/09/27 22:28:15.832] - eth_getTransactionCount
[2025/09/27 22:28:15.847] - eth_getBalance
[2025/09/27 22:28:15.861] - eth_getTransactionCount
[2025/09/27 22:28:15.874] - eth_getBalance
[2025/09/27 22:28:15.897] - eth_call
[2025/09/27 22:28:15.900] - eth_getTransactionCount
[2025/09/27 22:28:15.915] - eth_getBalance
[2025/09/27 22:28:15.933] - eth_getTransactionCount
[2025/09/27 22:28:15.948] - eth_getBalance
[2025/09/27 22:28:15.963] - eth_getTransactionCount
[2025/09/27 22:28:15.977] - eth_getBalance
[2025/09/27 22:28:15.992] - eth_getTransactionCount
[2025/09/27 22:28:16.014] - eth_call
[2025/09/27 22:28:16.069] - eth_call
[2025/09/27 22:28:16.111] - eth_call
[2025/09/27 22:28:16.152] - eth_call
[2025/09/27 22:28:16.192] - eth_call
[2025/09/27 22:28:16.232] - eth_call
[2025/09/27 22:28:16.273] - eth_call
[2025/09/27 22:28:16.308] - eth_call
[2025/09/27 22:28:16.345] - eth_call
[2025/09/27 22:28:16.387] - eth_call
[2025/09/27 22:28:16.431] - eth_call
[2025/09/27 22:28:16.472] - eth_call
[2025/09/27 22:28:16.510] - eth_call
[2025/09/27 22:28:16.554] - eth_call
[2025/09/27 22:28:16.589] - eth_call
[2025/09/27 22:28:16.631] - eth_call
[2025/09/27 22:28:16.666] - eth_call
[2025/09/27 22:28:16.699] - eth_call
[2025/09/27 22:28:18.652] - eth_getTransactionReceipt
[2025/09/27 22:28:18.661] - eth_getBlockByHash
[2025/09/27 22:28:18.704] - eth_call
[2025/09/27 22:28:18.728] - eth_call
[2025/09/27 22:28:18.751] - eth_call
[2025/09/27 22:28:18.753] - eth_call
[2025/09/27 22:28:22.151] - eth_call
[2025/09/27 22:28:36.954] - eth_blockNumber
[2025/09/27 22:28:36.961] - eth_blockNumber
[2025/09/27 22:28:36.974] - eth_estimateGas
[2025/09/27 22:28:37.037] - eth_getCode
[2025/09/27 22:28:37.039] - eth_getCode
[2025/09/27 22:28:37.251] - eth_gasPrice
[2025/09/27 22:28:37.276] - eth_call
[2025/09/27 22:28:37.299] - eth_call
[2025/09/27 22:28:37.472] - eth_call
[2025/09/27 22:28:37.492] - eth_call
[2025/09/27 22:28:38.889] - eth_blockNumber
[2025/09/27 22:28:39.037] - eth_call
[2025/09/27 22:28:39.066] - eth_call
[2025/09/27 22:28:39.092] - eth_call
[2025/09/27 22:28:39.093] - eth_call
[2025/09/27 22:28:43.271] - eth_getTransactionCount
[2025/09/27 22:28:43.314] - eth_sendRawTransaction
[2025/09/27 22:28:43.339] - 
  Transaction: 0x992a8a4cea93002bc24303fdc924156f663f0cf99df4c47c4c846ef3680bd5ee
  Gas usage: 52644
  Block number: 102
  Block time: Sat Sep 27 2025 22:28:43 GMT+0100 (heure normale d’Afrique de l’Ouest)

[2025/09/27 22:28:43.345] - eth_getBlockByNumber
[2025/09/27 22:28:43.376] - eth_call
[2025/09/27 22:28:43.385] - eth_getTransactionReceipt
[2025/09/27 22:28:43.396] - eth_blockNumber
[2025/09/27 22:28:43.410] - eth_call
[2025/09/27 22:28:43.416] - eth_getBlockByNumber
[2025/09/27 22:28:43.427] - eth_call
[2025/09/27 22:28:43.436] - eth_getBalance
[2025/09/27 22:28:43.441] - eth_getBalance
[2025/09/27 22:28:43.444] - eth_getBalance
[2025/09/27 22:28:43.451] - eth_getBalance
[2025/09/27 22:28:43.466] - eth_call
[2025/09/27 22:28:43.469] - eth_call
[2025/09/27 22:28:43.488] - eth_call
[2025/09/27 22:28:43.520] - eth_getBalance
[2025/09/27 22:28:43.541] - eth_call
[2025/09/27 22:28:43.542] - eth_getTransactionCount
[2025/09/27 22:28:43.555] - eth_getBalance
[2025/09/27 22:28:43.567] - eth_getTransactionCount
[2025/09/27 22:28:43.576] - eth_call
[2025/09/27 22:28:43.587] - eth_getBalance
[2025/09/27 22:28:43.599] - eth_getTransactionCount
[2025/09/27 22:28:43.611] - eth_call
[2025/09/27 22:28:43.615] - eth_getBalance
[2025/09/27 22:28:43.627] - eth_getTransactionCount
[2025/09/27 22:28:43.640] - eth_getBalance
[2025/09/27 22:28:43.651] - eth_getTransactionCount
[2025/09/27 22:28:43.668] - eth_getBalance
[2025/09/27 22:28:43.681] - eth_getTransactionCount
[2025/09/27 22:28:43.694] - eth_getBalance
[2025/09/27 22:28:43.703] - eth_getTransactionCount
[2025/09/27 22:28:43.714] - eth_getBalance
[2025/09/27 22:28:43.726] - eth_getTransactionCount
[2025/09/27 22:28:43.741] - eth_getBalance
[2025/09/27 22:28:43.754] - eth_call
[2025/09/27 22:28:43.758] - eth_getTransactionCount
[2025/09/27 22:28:43.777] - eth_getBalance
[2025/09/27 22:28:43.794] - eth_getTransactionCount
[2025/09/27 22:28:43.800] - eth_call
[2025/09/27 22:28:43.837] - eth_call
[2025/09/27 22:28:43.868] - eth_call
[2025/09/27 22:28:43.936] - eth_call
[2025/09/27 22:28:43.972] - eth_call
[2025/09/27 22:28:44.006] - eth_call
[2025/09/27 22:28:44.045] - eth_call
[2025/09/27 22:28:44.087] - eth_call
[2025/09/27 22:28:44.119] - eth_call
[2025/09/27 22:28:44.149] - eth_call
[2025/09/27 22:28:44.182] - eth_call
[2025/09/27 22:28:44.214] - eth_call
[2025/09/27 22:28:44.246] - eth_call
[2025/09/27 22:28:44.275] - eth_call
[2025/09/27 22:28:44.306] - eth_call
[2025/09/27 22:28:46.422] - eth_getTransactionReceipt
[2025/09/27 22:28:46.430] - eth_getBlockByHash
[2025/09/27 22:28:46.460] - eth_call
[2025/09/27 22:28:46.481] - eth_call
[2025/09/27 22:28:46.501] - eth_call
[2025/09/27 22:28:46.503] - eth_call
[2025/09/27 22:29:00.143] - eth_blockNumber
[2025/09/27 22:29:01.593] - eth_gasPrice
[2025/09/27 22:29:20.158] - eth_blockNumber
[2025/09/27 22:29:25.296] - eth_getBalance
[2025/09/27 22:29:33.799] - eth_getCode
[2025/09/27 22:29:40.174] - eth_blockNumber
[2025/09/27 22:29:48.459] - eth_blockNumber
[2025/09/27 22:29:48.463] - eth_call
[2025/09/27 22:29:48.495] - eth_getLogs
[2025/09/27 22:29:48.564] - eth_getBlockByNumber
[2025/09/27 22:29:48.616] - eth_getBlockByNumber
[2025/09/27 22:29:48.657] - eth_getBlockByNumber
[2025/09/27 22:29:48.707] - eth_getBlockByNumber
[2025/09/27 22:29:48.759] - eth_getBlockByNumber
[2025/09/27 22:29:48.815] - eth_getBlockByNumber
[2025/09/27 22:29:48.835] - eth_getBlockByNumber
[2025/09/27 22:29:48.865] - eth_getBlockByNumber
[2025/09/27 22:29:48.903] - eth_getBlockByNumber
[2025/09/27 22:29:49.014] - eth_getBlockByNumber
[2025/09/27 22:29:49.219] - eth_getBlockByNumber
[2025/09/27 22:29:49.249] - eth_getBlockByNumber
[2025/09/27 22:29:49.265] - eth_getBlockByNumber
[2025/09/27 22:29:49.281] - eth_getBlockByNumber
[2025/09/27 22:29:49.299] - eth_getBlockByNumber
[2025/09/27 22:29:49.313] - eth_getBlockByNumber
[2025/09/27 22:29:49.324] - eth_getBlockByNumber
[2025/09/27 22:29:49.337] - eth_getBlockByNumber
[2025/09/27 22:29:49.348] - eth_getBlockByNumber
[2025/09/27 22:29:49.359] - eth_getBlockByNumber
[2025/09/27 22:29:49.391] - eth_getLogs
[2025/09/27 22:29:49.415] - eth_getBlockByNumber
[2025/09/27 22:29:49.441] - eth_getBlockByNumber
[2025/09/27 22:29:49.494] - eth_getBlockByNumber
[2025/09/27 22:29:49.556] - eth_getBlockByNumber
[2025/09/27 22:29:49.588] - eth_getBlockByNumber
[2025/09/27 22:29:49.609] - eth_getBlockByNumber
[2025/09/27 22:29:49.625] - eth_getBlockByNumber
[2025/09/27 22:29:49.642] - eth_getBlockByNumber
[2025/09/27 22:29:54.226] - eth_call
[2025/09/27 22:29:54.286] - eth_call
[2025/09/27 22:29:54.300] - eth_call
[2025/09/27 22:29:54.345] - eth_call
[2025/09/27 22:29:54.366] - eth_getBlockByNumber
[2025/09/27 22:29:54.386] - eth_call
[2025/09/27 22:29:54.394] - eth_getBlockByNumber
[2025/09/27 22:29:54.415] - eth_getBlockByNumber
[2025/09/27 22:29:54.436] - eth_call
[2025/09/27 22:29:54.441] - eth_getBlockByNumber
[2025/09/27 22:29:54.483] - eth_getBlockByNumber
[2025/09/27 22:29:54.719] - eth_call
[2025/09/27 22:29:54.721] - eth_getBlockByNumber
[2025/09/27 22:29:54.745] - eth_getBlockByNumber
[2025/09/27 22:29:54.761] - eth_getBlockByNumber
[2025/09/27 22:29:54.774] - eth_call
[2025/09/27 22:29:54.780] - eth_getBlockByNumber
[2025/09/27 22:29:54.792] - eth_getBlockByNumber
[2025/09/27 22:29:54.809] - eth_getBlockByNumber
[2025/09/27 22:29:54.821] - eth_call
[2025/09/27 22:29:54.833] - eth_getBlockByNumber
[2025/09/27 22:29:54.856] - eth_getBlockByNumber
[2025/09/27 22:29:54.883] - eth_call
[2025/09/27 22:29:54.904] - eth_getBlockByNumber
[2025/09/27 22:29:55.013] - eth_call
[2025/09/27 22:29:55.035] - eth_getBlockByNumber
[2025/09/27 22:29:55.087] - eth_call
[2025/09/27 22:29:55.088] - eth_getBlockByNumber
[2025/09/27 22:29:55.103] - eth_getBlockByNumber
[2025/09/27 22:29:55.117] - eth_getBlockByNumber
[2025/09/27 22:29:55.126] - eth_call
[2025/09/27 22:29:55.136] - eth_getBlockByNumber
[2025/09/27 22:29:55.153] - eth_getBlockByNumber
[2025/09/27 22:29:55.165] - eth_call
[2025/09/27 22:29:55.180] - eth_getBlockByNumber
[2025/09/27 22:29:55.194] - eth_getBlockByNumber
[2025/09/27 22:29:56.078] - eth_call
[2025/09/27 22:29:56.118] - eth_getBlockByNumber
[2025/09/27 22:29:56.129] - eth_call
[2025/09/27 22:29:56.136] - eth_getBlockByNumber
[2025/09/27 22:29:56.150] - eth_getBlockByNumber
[2025/09/27 22:29:56.165] - eth_getBlockByNumber
[2025/09/27 22:29:56.168] - eth_call
[2025/09/27 22:29:56.179] - eth_getBlockByNumber
[2025/09/27 22:29:56.192] - eth_getBlockByNumber
[2025/09/27 22:29:56.204] - eth_call
[2025/09/27 22:29:56.232] - eth_call
[2025/09/27 22:29:56.262] - eth_call
[2025/09/27 22:29:56.298] - eth_call
[2025/09/27 22:29:56.324] - eth_call
[2025/09/27 22:29:56.354] - eth_call
[2025/09/27 22:30:13.576] - eth_blockNumber
[2025/09/27 22:30:13.598] - eth_estimateGas
[2025/09/27 22:30:14.221] - eth_getCode
[2025/09/27 22:30:14.443] - eth_call
[2025/09/27 22:30:14.468] - eth_call
[2025/09/27 22:30:14.484] - eth_call
[2025/09/27 22:30:14.487] - eth_call
[2025/09/27 22:30:17.233] - eth_blockNumber
[2025/09/27 22:30:17.465] - eth_call
[2025/09/27 22:30:17.497] - eth_call
[2025/09/27 22:30:17.551] - eth_call
[2025/09/27 22:30:17.553] - eth_call
[2025/09/27 22:30:22.482] - eth_getTransactionCount
[2025/09/27 22:30:22.531] - eth_sendRawTransaction
[2025/09/27 22:30:22.579] - 
  Transaction: 0xdc3f62f68ce51302b3703f86e7ea5828f5e8043119e14f023e880cf210fa5b04
  Gas usage: 114399
  Block number: 103
  Block time: Sat Sep 27 2025 22:30:22 GMT+0100 (heure normale d’Afrique de l’Ouest)

[2025/09/27 22:30:22.585] - eth_getBlockByNumber
[2025/09/27 22:30:22.617] - eth_call
[2025/09/27 22:30:22.636] - eth_getTransactionReceipt
[2025/09/27 22:30:22.649] - eth_blockNumber
[2025/09/27 22:30:22.661] - eth_getBlockByNumber
[2025/09/27 22:30:22.673] - eth_call
[2025/09/27 22:30:22.678] - eth_getBalance
[2025/09/27 22:30:22.680] - eth_getBalance
[2025/09/27 22:30:22.685] - eth_getBalance
[2025/09/27 22:30:22.688] - eth_getBalance
[2025/09/27 22:30:22.690] - eth_getBalance
[2025/09/27 22:30:22.692] - eth_getBalance
[2025/09/27 22:30:22.695] - eth_getTransactionCount
[2025/09/27 22:30:22.706] - eth_call
[2025/09/27 22:30:22.710] - eth_getBalance
[2025/09/27 22:30:22.725] - eth_call
[2025/09/27 22:30:22.726] - eth_call
[2025/09/27 22:30:22.732] - eth_getTransactionCount
[2025/09/27 22:30:22.737] - eth_call
[2025/09/27 22:30:22.745] - eth_getBalance
[2025/09/27 22:30:22.757] - eth_getTransactionCount
[2025/09/27 22:30:22.771] - eth_getBalance
[2025/09/27 22:30:22.783] - eth_getTransactionCount
[2025/09/27 22:30:22.798] - eth_call
[2025/09/27 22:30:22.801] - eth_getBalance
[2025/09/27 22:30:22.815] - eth_getTransactionCount
[2025/09/27 22:30:22.827] - eth_getBalance
[2025/09/27 22:30:22.840] - eth_call
[2025/09/27 22:30:22.841] - eth_getTransactionCount
[2025/09/27 22:30:22.857] - eth_getBalance
[2025/09/27 22:30:22.866] - eth_getTransactionCount
[2025/09/27 22:30:22.869] - eth_call
[2025/09/27 22:30:22.878] - eth_getBalance
[2025/09/27 22:30:22.889] - eth_getTransactionCount
[2025/09/27 22:30:22.898] - eth_call
[2025/09/27 22:30:22.904] - eth_getBalance
[2025/09/27 22:30:22.915] - eth_getTransactionCount
[2025/09/27 22:30:22.925] - eth_call
[2025/09/27 22:30:22.928] - eth_getBalance
[2025/09/27 22:30:22.948] - eth_getTransactionCount
[2025/09/27 22:30:22.955] - eth_call
[2025/09/27 22:30:22.983] - eth_call
[2025/09/27 22:30:23.041] - eth_call
[2025/09/27 22:30:23.134] - eth_call
[2025/09/27 22:30:23.166] - eth_call
[2025/09/27 22:30:23.198] - eth_call
[2025/09/27 22:30:23.380] - eth_call
[2025/09/27 22:30:23.409] - eth_call
[2025/09/27 22:30:23.445] - eth_call
[2025/09/27 22:30:23.578] - eth_call
[2025/09/27 22:30:23.608] - eth_call
[2025/09/27 22:30:23.637] - eth_call
[2025/09/27 22:30:23.671] - eth_call
[2025/09/27 22:30:23.697] - eth_call
[2025/09/27 22:30:25.622] - eth_getTransactionReceipt
[2025/09/27 22:30:25.720] - eth_getBlockByHash
[2025/09/27 22:30:25.752] - eth_call
[2025/09/27 22:30:25.772] - eth_call
[2025/09/27 22:30:25.789] - eth_call
[2025/09/27 22:30:25.791] - eth_call
[2025/09/27 22:30:44.946] - eth_blockNumber
[2025/09/27 22:30:44.960] - eth_blockNumber
[2025/09/27 22:30:44.977] - eth_getLogs
[2025/09/27 22:30:45.027] - eth_getBlockByNumber
[2025/09/27 22:30:45.051] - eth_getBlockByNumber
[2025/09/27 22:30:45.067] - eth_getBlockByNumber
[2025/09/27 22:30:45.083] - eth_getBlockByNumber
[2025/09/27 22:30:45.103] - eth_getBlockByNumber
[2025/09/27 22:30:45.121] - eth_getBlockByNumber
[2025/09/27 22:30:45.137] - eth_getBlockByNumber
[2025/09/27 22:30:45.157] - eth_getBlockByNumber
[2025/09/27 22:30:45.171] - eth_getBlockByNumber
[2025/09/27 22:30:45.186] - eth_getBlockByNumber
[2025/09/27 22:30:45.199] - eth_getBlockByNumber
[2025/09/27 22:30:45.212] - eth_getBlockByNumber
[2025/09/27 22:30:45.229] - eth_getBlockByNumber
[2025/09/27 22:30:45.245] - eth_getBlockByNumber
[2025/09/27 22:30:45.264] - eth_getBlockByNumber
[2025/09/27 22:30:45.279] - eth_getBlockByNumber
[2025/09/27 22:30:45.293] - eth_getBlockByNumber
[2025/09/27 22:30:45.306] - eth_getBlockByNumber
[2025/09/27 22:30:45.323] - eth_getBlockByNumber
[2025/09/27 22:30:45.338] - eth_getBlockByNumber
[2025/09/27 22:30:45.360] - eth_getLogs
[2025/09/27 22:30:45.397] - eth_getBlockByNumber
[2025/09/27 22:30:45.425] - eth_getBlockByNumber
[2025/09/27 22:30:45.439] - eth_getBlockByNumber
[2025/09/27 22:30:45.453] - eth_getBlockByNumber
[2025/09/27 22:30:45.472] - eth_getBlockByNumber
[2025/09/27 22:30:45.487] - eth_getBlockByNumber
[2025/09/27 22:30:45.504] - eth_getBlockByNumber
[2025/09/27 22:30:45.533] - eth_getBlockByNumber
[2025/09/27 22:31:02.729] - eth_call
[2025/09/27 22:31:09.859] - eth_blockNumber
[2025/09/27 22:31:09.875] - eth_estimateGas
[2025/09/27 22:31:09.929] - eth_getCode
[2025/09/27 22:31:09.931] - eth_getCode
[2025/09/27 22:31:10.195] - eth_gasPrice
[2025/09/27 22:31:10.221] - eth_call
[2025/09/27 22:31:10.254] - eth_call
[2025/09/27 22:31:10.417] - eth_call
[2025/09/27 22:31:10.434] - eth_call
[2025/09/27 22:31:12.726] - eth_blockNumber
[2025/09/27 22:31:12.862] - eth_call
[2025/09/27 22:31:12.892] - eth_call
[2025/09/27 22:31:12.919] - eth_call
[2025/09/27 22:31:12.921] - eth_call
[2025/09/27 22:31:15.483] - eth_getTransactionCount
[2025/09/27 22:31:15.538] - eth_sendRawTransaction
[2025/09/27 22:31:15.566] - 
  Transaction: 0x0fc9b7398189bdfef3a34e8e18bbe533752dd61192dfed3734865465887cb6d0
  Gas usage: 35544
  Block number: 104
  Block time: Sat Sep 27 2025 22:31:15 GMT+0100 (heure normale d’Afrique de l’Ouest)

[2025/09/27 22:31:15.571] - eth_getBlockByNumber
[2025/09/27 22:31:15.602] - eth_call
[2025/09/27 22:31:15.604] - eth_getBalance
[2025/09/27 22:31:15.614] - eth_getTransactionReceipt
[2025/09/27 22:31:15.620] - eth_getTransactionCount
[2025/09/27 22:31:15.627] - eth_call
[2025/09/27 22:31:15.628] - eth_blockNumber
[2025/09/27 22:31:15.635] - eth_getBalance
[2025/09/27 22:31:15.638] - eth_getBlockByNumber
[2025/09/27 22:31:15.645] - eth_call
[2025/09/27 22:31:15.653] - eth_getBalance
[2025/09/27 22:31:15.656] - eth_getBalance
[2025/09/27 22:31:15.658] - eth_getTransactionCount
[2025/09/27 22:31:15.662] - eth_getBalance
[2025/09/27 22:31:15.663] - eth_getBalance
[2025/09/27 22:31:15.665] - eth_getBalance
[2025/09/27 22:31:15.668] - eth_call
[2025/09/27 22:31:15.674] - eth_getBalance
[2025/09/27 22:31:15.676] - eth_call
[2025/09/27 22:31:15.683] - eth_call
[2025/09/27 22:31:15.688] - eth_getTransactionCount
[2025/09/27 22:31:15.699] - eth_getBalance
[2025/09/27 22:31:15.714] - eth_getTransactionCount
[2025/09/27 22:31:15.726] - eth_getBalance
[2025/09/27 22:31:15.741] - eth_getTransactionCount
[2025/09/27 22:31:15.750] - eth_getBalance
[2025/09/27 22:31:15.762] - eth_getTransactionCount
[2025/09/27 22:31:15.772] - eth_call
[2025/09/27 22:31:15.778] - eth_getBalance
[2025/09/27 22:31:15.800] - eth_getTransactionCount
[2025/09/27 22:31:15.803] - eth_call
[2025/09/27 22:31:15.822] - eth_getBalance
[2025/09/27 22:31:15.832] - eth_call
[2025/09/27 22:31:15.844] - eth_getTransactionCount
[2025/09/27 22:31:15.860] - eth_call
[2025/09/27 22:31:15.878] - eth_getBalance
[2025/09/27 22:31:15.893] - eth_getTransactionCount
[2025/09/27 22:31:15.908] - eth_getBalance
[2025/09/27 22:31:15.929] - eth_getTransactionCount
[2025/09/27 22:31:16.042] - eth_call
[2025/09/27 22:31:16.199] - eth_call
[2025/09/27 22:31:16.265] - eth_call
[2025/09/27 22:31:16.290] - eth_call
[2025/09/27 22:31:16.324] - eth_call
[2025/09/27 22:31:16.357] - eth_call
[2025/09/27 22:31:16.387] - eth_call
[2025/09/27 22:31:16.420] - eth_call
[2025/09/27 22:31:16.448] - eth_call
[2025/09/27 22:31:16.478] - eth_call
[2025/09/27 22:31:16.510] - eth_call
[2025/09/27 22:31:16.542] - eth_call
[2025/09/27 22:31:16.573] - eth_call
[2025/09/27 22:31:16.605] - eth_call
[2025/09/27 22:31:16.636] - eth_call
[2025/09/27 22:31:18.608] - eth_getTransactionReceipt
[2025/09/27 22:31:18.618] - eth_getBlockByHash
[2025/09/27 22:31:18.654] - eth_call
[2025/09/27 22:31:18.751] - eth_call
[2025/09/27 22:31:18.772] - eth_call
[2025/09/27 22:31:18.774] - eth_call
[2025/09/27 22:31:31.304] - eth_blockNumber
[2025/09/27 22:31:31.685] - eth_gasPrice
[2025/09/27 22:31:40.113] - eth_blockNumber
[2025/09/27 22:31:40.119] - eth_call
[2025/09/27 22:31:40.144] - eth_getLogs
[2025/09/27 22:31:40.197] - eth_getBlockByNumber
[2025/09/27 22:31:40.220] - eth_getBlockByNumber
[2025/09/27 22:31:40.238] - eth_getBlockByNumber
[2025/09/27 22:31:40.257] - eth_getBlockByNumber
[2025/09/27 22:31:40.273] - eth_getBlockByNumber
[2025/09/27 22:31:40.294] - eth_getBlockByNumber
[2025/09/27 22:31:40.310] - eth_getBlockByNumber
[2025/09/27 22:31:40.328] - eth_getBlockByNumber
[2025/09/27 22:31:40.348] - eth_getBlockByNumber
[2025/09/27 22:31:40.426] - eth_getBlockByNumber
[2025/09/27 22:31:40.441] - eth_getBlockByNumber
[2025/09/27 22:31:40.453] - eth_getBlockByNumber
[2025/09/27 22:31:40.466] - eth_getBlockByNumber
[2025/09/27 22:31:40.478] - eth_getBlockByNumber
[2025/09/27 22:31:40.491] - eth_getBlockByNumber
[2025/09/27 22:31:40.503] - eth_getBlockByNumber
[2025/09/27 22:31:40.525] - eth_getBlockByNumber
[2025/09/27 22:31:40.549] - eth_getBlockByNumber
[2025/09/27 22:31:40.560] - eth_getBlockByNumber
[2025/09/27 22:31:40.580] - eth_getBlockByNumber
[2025/09/27 22:31:40.686] - eth_getLogs
[2025/09/27 22:31:41.793] - eth_getBlockByNumber
[2025/09/27 22:31:41.812] - eth_getBlockByNumber
[2025/09/27 22:31:41.824] - eth_getBlockByNumber
[2025/09/27 22:31:41.872] - eth_getBlockByNumber
[2025/09/27 22:31:41.886] - eth_getBlockByNumber
[2025/09/27 22:31:41.900] - eth_getBlockByNumber
[2025/09/27 22:31:41.915] - eth_getBlockByNumber
[2025/09/27 22:31:41.928] - eth_getBlockByNumber
[2025/09/27 22:31:41.940] - eth_getBlockByNumber
[2025/09/27 22:31:46.608] - eth_estimateGas
[2025/09/27 22:31:46.748] - eth_getCode
[2025/09/27 22:31:46.750] - eth_getCode
[2025/09/27 22:31:46.992] - eth_call
[2025/09/27 22:31:47.018] - eth_call
[2025/09/27 22:31:47.167] - eth_call
[2025/09/27 22:31:47.182] - eth_call
[2025/09/27 22:31:48.533] - eth_blockNumber
[2025/09/27 22:31:48.675] - eth_call
[2025/09/27 22:31:48.699] - eth_call
[2025/09/27 22:31:48.725] - eth_call
[2025/09/27 22:31:48.726] - eth_call
[2025/09/27 22:31:48.827] - eth_call
[2025/09/27 22:31:48.847] - eth_call
[2025/09/27 22:31:48.867] - eth_call
[2025/09/27 22:31:48.869] - eth_call
[2025/09/27 22:31:50.763] - eth_getTransactionCount
[2025/09/27 22:31:50.807] - eth_sendRawTransaction
[2025/09/27 22:31:50.848] - 
  Transaction: 0xd4c106552891b250544f3a0c359097ed90d85317176539994a832012c361b9b8
  Gas usage: 111899
  Block number: 105
  Block time: Sat Sep 27 2025 22:31:50 GMT+0100 (heure normale d’Afrique de l’Ouest)

[2025/09/27 22:31:50.854] - eth_getBlockByNumber
[2025/09/27 22:31:50.873] - eth_getBalance
[2025/09/27 22:31:50.882] - eth_call
[2025/09/27 22:31:50.893] - eth_getTransactionCount
[2025/09/27 22:31:50.895] - eth_getTransactionReceipt
[2025/09/27 22:31:50.904] - eth_call
[2025/09/27 22:31:50.908] - eth_blockNumber
[2025/09/27 22:31:50.910] - eth_getBalance
[2025/09/27 22:31:50.918] - eth_getBlockByNumber
[2025/09/27 22:31:50.921] - eth_getTransactionCount
[2025/09/27 22:31:50.929] - eth_call
[2025/09/27 22:31:50.931] - eth_call
[2025/09/27 22:31:50.936] - eth_getBalance
[2025/09/27 22:31:50.938] - eth_getBalance
[2025/09/27 22:31:50.941] - eth_getBalance
[2025/09/27 22:31:50.943] - eth_getBalance
[2025/09/27 22:31:50.946] - eth_getBalance
[2025/09/27 22:31:50.953] - eth_getTransactionCount
[2025/09/27 22:31:50.958] - eth_getBalance
[2025/09/27 22:31:50.959] - eth_call
[2025/09/27 22:31:50.965] - eth_getBalance
[2025/09/27 22:31:50.980] - eth_getTransactionCount
[2025/09/27 22:31:50.994] - eth_getBalance
[2025/09/27 22:31:51.011] - eth_getTransactionCount
[2025/09/27 22:31:51.014] - eth_call
[2025/09/27 22:31:51.026] - eth_getBalance
[2025/09/27 22:31:51.035] - eth_getTransactionCount
[2025/09/27 22:31:51.045] - eth_getBalance
[2025/09/27 22:31:51.052] - eth_call
[2025/09/27 22:31:51.057] - eth_getTransactionCount
[2025/09/27 22:31:51.069] - eth_getBalance
[2025/09/27 22:31:51.080] - eth_getTransactionCount
[2025/09/27 22:31:51.084] - eth_call
[2025/09/27 22:31:51.104] - eth_getBalance
[2025/09/27 22:31:51.115] - eth_call
[2025/09/27 22:31:51.141] - eth_getTransactionCount
[2025/09/27 22:31:51.155] - eth_call
[2025/09/27 22:31:51.162] - eth_getBalance
[2025/09/27 22:31:51.173] - eth_getTransactionCount
[2025/09/27 22:31:51.261] - eth_call
[2025/09/27 22:31:51.307] - eth_call
[2025/09/27 22:31:51.335] - eth_call
[2025/09/27 22:31:51.364] - eth_call
[2025/09/27 22:31:51.388] - eth_call
[2025/09/27 22:31:51.415] - eth_call
[2025/09/27 22:31:51.441] - eth_call
[2025/09/27 22:31:51.468] - eth_call
[2025/09/27 22:31:51.495] - eth_call
[2025/09/27 22:31:51.523] - eth_call
[2025/09/27 22:31:51.557] - eth_call
[2025/09/27 22:31:51.586] - eth_call
[2025/09/27 22:31:51.616] - eth_call
[2025/09/27 22:31:51.646] - eth_call
[2025/09/27 22:31:51.677] - eth_call
[2025/09/27 22:31:53.889] - eth_getTransactionReceipt
[2025/09/27 22:31:53.899] - eth_getBlockByHash
[2025/09/27 22:31:53.928] - eth_call
[2025/09/27 22:31:53.943] - eth_call
[2025/09/27 22:31:53.958] - eth_call
[2025/09/27 22:31:53.959] - eth_call
[2025/09/27 22:32:02.563] - eth_blockNumber
[2025/09/27 22:32:02.577] - eth_getLogs
[2025/09/27 22:32:02.622] - eth_getBlockByNumber
[2025/09/27 22:32:02.644] - eth_getBlockByNumber
[2025/09/27 22:32:02.658] - eth_getBlockByNumber
[2025/09/27 22:32:02.674] - eth_getBlockByNumber
[2025/09/27 22:32:02.687] - eth_getBlockByNumber
[2025/09/27 22:32:02.800] - eth_getBlockByNumber
[2025/09/27 22:32:02.817] - eth_getBlockByNumber
[2025/09/27 22:32:02.836] - eth_getBlockByNumber
[2025/09/27 22:32:02.892] - eth_getBlockByNumber
[2025/09/27 22:32:02.914] - eth_getBlockByNumber
[2025/09/27 22:32:02.931] - eth_getBlockByNumber
[2025/09/27 22:32:02.967] - eth_getBlockByNumber
[2025/09/27 22:32:02.983] - eth_getBlockByNumber
[2025/09/27 22:32:02.998] - eth_getBlockByNumber
[2025/09/27 22:32:03.016] - eth_getBlockByNumber
[2025/09/27 22:32:03.028] - eth_getBlockByNumber
[2025/09/27 22:32:03.042] - eth_getBlockByNumber
[2025/09/27 22:32:03.055] - eth_getBlockByNumber
[2025/09/27 22:32:03.077] - eth_getBlockByNumber
[2025/09/27 22:32:03.109] - eth_getBlockByNumber
[2025/09/27 22:32:03.125] - eth_getLogs
[2025/09/27 22:32:03.154] - eth_getBlockByNumber
[2025/09/27 22:32:03.170] - eth_getBlockByNumber
[2025/09/27 22:32:03.194] - eth_getBlockByNumber
[2025/09/27 22:32:03.228] - eth_getBlockByNumber
[2025/09/27 22:32:03.254] - eth_getBlockByNumber
[2025/09/27 22:32:03.277] - eth_getBlockByNumber
[2025/09/27 22:32:03.295] - eth_getBlockByNumber
[2025/09/27 22:32:03.310] - eth_getBlockByNumber
[2025/09/27 22:32:03.325] - eth_getBlockByNumber
[2025/09/27 22:32:14.013] - eth_blockNumber
[2025/09/27 22:32:14.033] - eth_call
[2025/09/27 22:32:29.075] - eth_getBlockByNumber
[2025/09/27 22:32:29.102] - eth_getBlockByNumber
[2025/09/27 22:32:29.128] - eth_getBlockByNumber
[2025/09/27 22:32:29.152] - eth_getBlockByNumber
[2025/09/27 22:32:29.184] - eth_getBlockByNumber
[2025/09/27 22:32:29.225] - eth_getBlockByNumber
[2025/09/27 22:32:29.294] - eth_getBlockByNumber
[2025/09/27 22:32:29.366] - eth_getBlockByNumber
[2025/09/27 22:32:29.441] - eth_getBlockByNumber
[2025/09/27 22:32:29.548] - eth_getBlockByNumber
[2025/09/27 22:32:29.623] - eth_getBlockByNumber
[2025/09/27 22:32:29.671] - eth_getBlockByNumber
[2025/09/27 22:32:29.696] - eth_getBlockByNumber
[2025/09/27 22:32:29.714] - eth_getBlockByNumber
[2025/09/27 22:32:29.726] - eth_getBlockByNumber
[2025/09/27 22:32:29.739] - eth_getBlockByNumber
[2025/09/27 22:32:29.753] - eth_getBlockByNumber
[2025/09/27 22:32:29.778] - eth_getBlockByNumber
[2025/09/27 22:32:29.791] - eth_getBlockByNumber
[2025/09/27 22:32:29.807] - eth_getBlockByNumber
[2025/09/27 22:32:29.827] - eth_getBlockByNumber
[2025/09/27 22:32:29.842] - eth_getBlockByNumber
[2025/09/27 22:32:29.865] - eth_getBlockByNumber
[2025/09/27 22:32:29.880] - eth_getBlockByNumber
[2025/09/27 22:32:29.893] - eth_getBlockByNumber
[2025/09/27 22:32:29.905] - eth_getBlockByNumber
[2025/09/27 22:32:29.922] - eth_getBlockByNumber
[2025/09/27 22:32:29.936] - eth_getBlockByNumber
[2025/09/27 22:32:29.949] - eth_getBlockByNumber
[2025/09/27 22:32:48.069] - eth_blockNumber
[2025/09/27 22:32:48.119] - eth_call
[2025/09/27 22:32:48.199] - eth_call
[2025/09/27 22:32:48.205] - eth_call
[2025/09/27 22:32:48.256] - eth_getBlockByNumber
[2025/09/27 22:32:48.258] - eth_call
[2025/09/27 22:32:48.274] - eth_getBlockByNumber
[2025/09/27 22:32:48.293] - eth_getBlockByNumber
[2025/09/27 22:32:48.299] - eth_call
[2025/09/27 22:32:48.334] - eth_getBlockByNumber
[2025/09/27 22:32:48.350] - eth_call
[2025/09/27 22:32:48.389] - eth_getBlockByNumber
[2025/09/27 22:32:48.630] - eth_call
[2025/09/27 22:32:48.636] - eth_getBlockByNumber
[2025/09/27 22:32:48.663] - eth_getBlockByNumber
[2025/09/27 22:32:48.676] - eth_call
[2025/09/27 22:32:48.681] - eth_getBlockByNumber
[2025/09/27 22:32:48.697] - eth_getBlockByNumber
[2025/09/27 22:32:48.717] - eth_call
[2025/09/27 22:32:48.730] - eth_getBlockByNumber
[2025/09/27 22:32:48.750] - eth_getBlockByNumber
[2025/09/27 22:32:48.756] - eth_call
[2025/09/27 22:32:48.774] - eth_getBlockByNumber
[2025/09/27 22:32:48.788] - eth_call
[2025/09/27 22:32:48.797] - eth_getBlockByNumber
[2025/09/27 22:32:48.812] - eth_getBlockByNumber
[2025/09/27 22:32:48.825] - eth_call
[2025/09/27 22:32:48.833] - eth_getBlockByNumber
[2025/09/27 22:32:48.849] - eth_getBlockByNumber
[2025/09/27 22:32:48.868] - eth_call
[2025/09/27 22:32:48.880] - eth_getBlockByNumber
[2025/09/27 22:32:48.921] - eth_getBlockByNumber
[2025/09/27 22:32:48.926] - eth_call
[2025/09/27 22:32:48.945] - eth_getBlockByNumber
[2025/09/27 22:32:48.967] - eth_call
[2025/09/27 22:32:48.981] - eth_getBlockByNumber
[2025/09/27 22:32:49.018] - eth_call
[2025/09/27 22:32:49.036] - eth_getBlockByNumber
[2025/09/27 22:32:49.049] - eth_call
[2025/09/27 22:32:49.059] - eth_getBlockByNumber
[2025/09/27 22:32:49.075] - eth_getBlockByNumber
[2025/09/27 22:32:49.084] - eth_call
[2025/09/27 22:32:49.090] - eth_getBlockByNumber
[2025/09/27 22:32:50.065] - eth_getBlockByNumber
[2025/09/27 22:32:50.066] - eth_call
[2025/09/27 22:32:50.081] - eth_getBlockByNumber
[2025/09/27 22:32:50.097] - eth_getBlockByNumber
[2025/09/27 22:32:50.099] - eth_call
[2025/09/27 22:32:50.111] - eth_getBlockByNumber
[2025/09/27 22:32:50.127] - eth_getBlockByNumber
[2025/09/27 22:32:50.132] - eth_call
[2025/09/27 22:32:50.163] - eth_call
[2025/09/27 22:32:50.188] - eth_call
[2025/09/27 22:40:40.498] - eth_unsubscribe
[2025/09/27 22:40:40.501] - eth_unsubscribe
