[2025/09/20 13:29:46.148] - Starting server with initial configuration: {"gasLimit":6721975,"gasPrice":20000000000,"hardfork":"merge","hostname":"127.0.0.1","port":8545,"network_id":5777,"default_balance_ether":100,"total_accounts":10,"unlocked_accounts":[],"locked":false,"vmErrorsOnRPCResponse":true,"verbose":false,"flavor":"ethereum","db_path":"C:\\Users\\akram\\AppData\\Roaming\\Ganache\\ui\\workspaces\\REBCWS\\chaindata","mnemonic":"toward reward before broccoli until dance stem year achieve boring hybrid load","logDirectory":"C:\\Users\\akram\\OneDrive\\Bureau\\real_estate_project\\logs"}
[2025/09/20 13:29:46.287] - eth_getCode
[2025/09/20 13:29:46.288] - eth_subscribe
[2025/09/20 13:29:46.289] - eth_getLogs
[2025/09/20 13:29:46.290] - eth_subscribe
[2025/09/20 13:29:46.316] - eth_getCode
[2025/09/20 13:29:46.317] - eth_subscribe
[2025/09/20 13:29:46.318] - eth_getLogs
[2025/09/20 13:29:46.318] - eth_subscribe
[2025/09/20 13:29:46.364] - eth_getBlockByNumber
[2025/09/20 13:29:46.365] - eth_subscribe
[2025/09/20 13:29:46.390] - eth_blockNumber
[2025/09/20 13:29:46.391] - eth_accounts
[2025/09/20 13:29:46.391] - eth_gasPrice
[2025/09/20 13:29:46.391] - eth_getBlockByNumber
[2025/09/20 13:29:46.392] - eth_subscribe
[2025/09/20 13:29:46.393] - eth_blockNumber
[2025/09/20 13:29:46.393] - eth_accounts
[2025/09/20 13:29:46.393] - eth_gasPrice
[2025/09/20 13:29:46.401] - eth_accounts
[2025/09/20 13:29:46.440] - eth_getBalance
[2025/09/20 13:29:46.444] - eth_getTransactionCount
[2025/09/20 13:29:46.447] - eth_getBalance
[2025/09/20 13:29:46.450] - eth_getTransactionCount
[2025/09/20 13:29:46.453] - eth_getBalance
[2025/09/20 13:29:46.457] - eth_getTransactionCount
[2025/09/20 13:29:46.462] - eth_getBalance
[2025/09/20 13:29:46.465] - eth_getTransactionCount
[2025/09/20 13:29:46.469] - eth_getBalance
[2025/09/20 13:29:46.473] - eth_getTransactionCount
[2025/09/20 13:29:46.478] - eth_getBalance
[2025/09/20 13:29:46.482] - eth_getTransactionCount
[2025/09/20 13:29:46.485] - eth_getBalance
[2025/09/20 13:29:46.487] - eth_getTransactionCount
[2025/09/20 13:29:46.490] - eth_getBalance
[2025/09/20 13:29:46.493] - eth_getTransactionCount
[2025/09/20 13:29:46.496] - eth_getBalance
[2025/09/20 13:29:46.499] - eth_getTransactionCount
[2025/09/20 13:29:46.502] - eth_getBalance
[2025/09/20 13:29:46.505] - eth_getTransactionCount
[2025/09/20 13:29:46.513] - eth_getBalance
[2025/09/20 13:29:46.515] - eth_getTransactionCount
[2025/09/20 13:29:46.518] - eth_getBalance
[2025/09/20 13:29:46.521] - eth_getTransactionCount
[2025/09/20 13:29:46.525] - eth_getBalance
[2025/09/20 13:29:46.528] - eth_getTransactionCount
[2025/09/20 13:29:46.531] - eth_getBalance
[2025/09/20 13:29:46.534] - eth_getTransactionCount
[2025/09/20 13:29:46.536] - eth_getBalance
[2025/09/20 13:29:46.539] - eth_getTransactionCount
[2025/09/20 13:29:46.542] - eth_getBalance
[2025/09/20 13:29:46.544] - eth_getTransactionCount
[2025/09/20 13:29:46.548] - eth_getBalance
[2025/09/20 13:29:46.550] - eth_getTransactionCount
[2025/09/20 13:29:46.553] - eth_getBalance
[2025/09/20 13:29:46.556] - eth_getTransactionCount
[2025/09/20 13:29:46.559] - eth_getBalance
[2025/09/20 13:29:46.561] - eth_getTransactionCount
[2025/09/20 13:29:46.564] - eth_getBalance
[2025/09/20 13:29:46.567] - eth_getTransactionCount
[2025/09/20 13:29:46.570] - eth_getBalance
[2025/09/20 13:29:46.573] - eth_getTransactionCount
[2025/09/20 13:29:46.575] - eth_getBalance
[2025/09/20 13:29:46.578] - eth_getTransactionCount
[2025/09/20 13:29:46.581] - eth_getBalance
[2025/09/20 13:29:46.583] - eth_getTransactionCount
[2025/09/20 13:29:46.586] - eth_getBalance
[2025/09/20 13:29:46.589] - eth_getTransactionCount
[2025/09/20 13:29:46.592] - eth_getBalance
[2025/09/20 13:29:46.596] - eth_getTransactionCount
[2025/09/20 13:29:46.600] - eth_getBalance
[2025/09/20 13:29:46.603] - eth_getTransactionCount
[2025/09/20 13:29:46.606] - eth_getBalance
[2025/09/20 13:29:46.609] - eth_getTransactionCount
[2025/09/20 13:29:46.612] - eth_getBalance
[2025/09/20 13:29:46.616] - eth_getTransactionCount
[2025/09/20 13:29:46.619] - eth_getBalance
[2025/09/20 13:29:46.623] - eth_getTransactionCount
[2025/09/20 13:29:46.626] - eth_getBalance
[2025/09/20 13:29:46.630] - eth_getTransactionCount
[2025/09/20 13:29:46.670] - eth_getTransactionCount
[2025/09/20 13:29:46.673] - eth_getBalance
[2025/09/20 13:29:46.677] - eth_getTransactionCount
[2025/09/20 13:29:46.679] - eth_getBalance
[2025/09/20 13:29:46.682] - eth_getTransactionCount
[2025/09/20 13:29:46.685] - eth_getBalance
[2025/09/20 13:29:46.688] - eth_getTransactionCount
[2025/09/20 13:29:46.691] - eth_getBalance
[2025/09/20 13:29:46.694] - eth_getTransactionCount
[2025/09/20 13:29:46.696] - eth_getBalance
[2025/09/20 13:29:46.700] - eth_getTransactionCount
[2025/09/20 13:29:46.702] - eth_getBalance
[2025/09/20 13:29:46.706] - eth_getTransactionCount
[2025/09/20 13:29:46.708] - eth_getBalance
[2025/09/20 13:29:46.711] - eth_getTransactionCount
[2025/09/20 13:29:46.714] - eth_getBalance
[2025/09/20 13:29:46.717] - eth_getTransactionCount
[2025/09/20 13:29:46.719] - eth_getBalance
[2025/09/20 13:29:46.723] - eth_getTransactionCount
[2025/09/20 13:29:53.237] - eth_blockNumber
[2025/09/20 13:29:53.249] - net_version
[2025/09/20 13:29:53.252] - eth_accounts
[2025/09/20 13:29:53.273] - eth_blockNumber
[2025/09/20 13:29:53.276] - net_version
[2025/09/20 13:29:54.560] - eth_accounts
[2025/09/20 13:29:55.677] - eth_getBlockByNumber
[2025/09/20 13:29:55.682] - eth_accounts
[2025/09/20 13:29:55.696] - eth_getBlockByNumber
[2025/09/20 13:29:55.700] - eth_getBlockByNumber
[2025/09/20 13:29:55.703] - eth_getBlockByNumber
[2025/09/20 13:29:55.711] - eth_estimateGas
[2025/09/20 13:29:55.769] - eth_getBlockByNumber
[2025/09/20 13:29:55.770] - eth_blockNumber
[2025/09/20 13:29:55.774] - eth_sendTransaction
[2025/09/20 13:29:55.790] - 
  Transaction: 0x9cf5911da95af1ed578d68c8c6302cff633f7f008c2cbda112c7a78cf9373216
  Contract created: 0x54af2e12ff2d89d9d992adc020618b543e3d0fbb
  Gas usage: 837677
  Block number: 9
  Block time: Sat Sep 20 2025 13:29:55 GMT+0100 (heure normale d’Afrique de l’Ouest)

[2025/09/20 13:29:55.794] - eth_getTransactionReceipt
[2025/09/20 13:29:55.795] - eth_getBlockByNumber
[2025/09/20 13:29:55.799] - eth_getCode
[2025/09/20 13:29:55.812] - eth_getBalance
[2025/09/20 13:29:55.819] - eth_getTransactionCount
[2025/09/20 13:29:55.826] - eth_getBalance
[2025/09/20 13:29:55.834] - eth_getTransactionCount
[2025/09/20 13:29:55.842] - eth_getBalance
[2025/09/20 13:29:55.849] - eth_getTransactionCount
[2025/09/20 13:29:55.854] - eth_getBalance
[2025/09/20 13:29:55.859] - eth_getTransactionCount
[2025/09/20 13:29:55.864] - eth_getBalance
[2025/09/20 13:29:55.866] - evm_snapshot
[2025/09/20 13:29:55.866] - Saved snapshot #1
[2025/09/20 13:29:55.870] - eth_getTransactionCount
[2025/09/20 13:29:55.875] - eth_getBalance
[2025/09/20 13:29:55.878] - eth_getTransactionCount
[2025/09/20 13:29:55.882] - eth_getBalance
[2025/09/20 13:29:55.892] - eth_getTransactionCount
[2025/09/20 13:29:55.892] - eth_getBalance
[2025/09/20 13:29:55.893] - eth_getTransactionCount
[2025/09/20 13:29:55.897] - eth_getBalance
[2025/09/20 13:29:55.902] - net_version
[2025/09/20 13:29:55.903] - eth_getTransactionCount
[2025/09/20 13:29:55.909] - eth_getBalance
[2025/09/20 13:29:55.912] - eth_getBlockByNumber
[2025/09/20 13:29:55.914] - eth_getTransactionCount
[2025/09/20 13:29:55.916] - eth_blockNumber
[2025/09/20 13:29:55.920] - eth_blockNumber
[2025/09/20 13:29:55.925] - eth_call
[2025/09/20 13:29:55.936] - eth_blockNumber
[2025/09/20 13:29:55.939] - eth_call
[2025/09/20 13:29:55.950] - eth_blockNumber
[2025/09/20 13:29:55.952] - eth_getBlockByNumber
[2025/09/20 13:29:55.956] - eth_sendTransaction
[2025/09/20 13:29:55.982] - 
  Transaction: 0x5ebfe5ac112bd02a3c2922955e6eddc13d9e8462f56027eabeea242d96805380
  Gas usage: 167481
  Block number: 10
  Block time: Sat Sep 20 2025 13:29:55 GMT+0100 (heure normale d’Afrique de l’Ouest)

[2025/09/20 13:29:55.985] - eth_getTransactionReceipt
[2025/09/20 13:29:55.985] - eth_getBlockByNumber
[2025/09/20 13:29:55.990] - eth_call
[2025/09/20 13:29:55.998] - eth_call
[2025/09/20 13:29:56.017] - eth_blockNumber
[2025/09/20 13:29:56.020] - eth_getBlockByNumber
[2025/09/20 13:29:56.022] - eth_sendTransaction
[2025/09/20 13:29:56.033] - 
  Transaction: 0x4e20a50b2438612e7e15ab2679e13cf109f322d57f75ba2149ee29e2ac86975f
  Gas usage: 24660
  Block number: 11
  Block time: Sat Sep 20 2025 13:29:56 GMT+0100 (heure normale d’Afrique de l’Ouest)
  Runtime error: revert
  Revert reason: Seul le notaire peut executer cette action

[2025/09/20 13:29:56.036] - eth_getBlockByNumber
[2025/09/20 13:29:56.049] - eth_call
[2025/09/20 13:29:56.064] - eth_getBalance
[2025/09/20 13:29:56.068] - eth_getTransactionCount
[2025/09/20 13:29:56.072] - eth_getBalance
[2025/09/20 13:29:56.075] - eth_getTransactionCount
[2025/09/20 13:29:56.078] - eth_getBalance
[2025/09/20 13:29:56.084] - eth_getTransactionCount
[2025/09/20 13:29:56.088] - eth_getBalance
[2025/09/20 13:29:56.096] - eth_getTransactionCount
[2025/09/20 13:29:56.105] - eth_getBalance
[2025/09/20 13:29:56.110] - eth_getTransactionCount
[2025/09/20 13:29:56.116] - eth_getBalance
[2025/09/20 13:29:56.123] - eth_getTransactionCount
[2025/09/20 13:29:56.128] - eth_getBalance
[2025/09/20 13:29:56.133] - eth_getTransactionCount
[2025/09/20 13:29:56.137] - eth_getBalance
[2025/09/20 13:29:56.142] - eth_getTransactionCount
[2025/09/20 13:29:56.188] - eth_blockNumber
[2025/09/20 13:29:56.191] - eth_getBlockByNumber
[2025/09/20 13:29:56.194] - eth_sendTransaction
[2025/09/20 13:29:56.202] - 
  Transaction: 0xf68526f358101835f5d16f9bbb7e126736da7ce49ee4550f352a647cdc677e6b
  Gas usage: 25925
  Block number: 12
  Block time: Sat Sep 20 2025 13:29:56 GMT+0100 (heure normale d’Afrique de l’Ouest)
  Runtime error: revert
  Revert reason: Bien non disponible a la vente

[2025/09/20 13:29:56.204] - eth_getBlockByNumber
[2025/09/20 13:29:56.206] - eth_call
[2025/09/20 13:29:56.213] - eth_getBlockByNumber
[2025/09/20 13:29:56.214] - eth_getBalance
[2025/09/20 13:29:56.215] - eth_getLogs
[2025/09/20 13:29:56.217] - eth_getTransactionCount
[2025/09/20 13:29:56.218] - eth_blockNumber
[2025/09/20 13:29:56.220] - eth_getBlockByNumber
[2025/09/20 13:29:56.222] - eth_getBalance
[2025/09/20 13:29:56.223] - eth_sendTransaction
[2025/09/20 13:29:56.228] - eth_getTransactionCount
[2025/09/20 13:29:56.230] - 
  Transaction: 0xf8e8b378fb22987233588cb9353bf75b17f41a4b0c329d1f6807cd36039df375
  Gas usage: 25925
  Block number: 13
  Block time: Sat Sep 20 2025 13:29:56 GMT+0100 (heure normale d’Afrique de l’Ouest)
  Runtime error: revert
  Revert reason: Bien non disponible a la vente

[2025/09/20 13:29:56.231] - eth_getBalance
[2025/09/20 13:29:56.232] - eth_getBlockByNumber
[2025/09/20 13:29:56.236] - eth_getTransactionCount
[2025/09/20 13:29:56.238] - eth_call
[2025/09/20 13:29:56.241] - eth_getBalance
[2025/09/20 13:29:56.245] - eth_getTransactionCount
[2025/09/20 13:29:56.246] - eth_getBlockByNumber
[2025/09/20 13:29:56.248] - eth_getLogs
[2025/09/20 13:29:56.249] - eth_getBalance
[2025/09/20 13:29:56.250] - eth_blockNumber
[2025/09/20 13:29:56.253] - eth_call
[2025/09/20 13:29:56.255] - eth_getTransactionCount
[2025/09/20 13:29:56.260] - eth_getBalance
[2025/09/20 13:29:56.265] - eth_getTransactionCount
[2025/09/20 13:29:56.268] - eth_getBlockByNumber
[2025/09/20 13:29:56.269] - eth_getBalance
[2025/09/20 13:29:56.270] - eth_getLogs
[2025/09/20 13:29:56.272] - eth_getTransactionCount
[2025/09/20 13:29:56.273] - eth_blockNumber
[2025/09/20 13:29:56.275] - eth_getBlockByNumber
[2025/09/20 13:29:56.277] - eth_getBalance
[2025/09/20 13:29:56.278] - eth_sendTransaction
[2025/09/20 13:29:56.284] - eth_getTransactionCount
[2025/09/20 13:29:56.288] - eth_getBalance
[2025/09/20 13:29:56.292] - eth_getTransactionCount
[2025/09/20 13:29:56.296] - eth_getBalance
[2025/09/20 13:29:56.299] - eth_getTransactionCount
[2025/09/20 13:29:56.302] - eth_getBalance
[2025/09/20 13:29:56.307] - 
  Transaction: 0xa08ca7f21c328cd5c8e573902eb7da7c6f4eb322460e12e4c1ac127c61b60c4f
  Gas usage: 150357
  Block number: 14
  Block time: Sat Sep 20 2025 13:29:56 GMT+0100 (heure normale d’Afrique de l’Ouest)

[2025/09/20 13:29:56.309] - eth_getTransactionCount
[2025/09/20 13:29:56.310] - eth_getBlockByNumber
[2025/09/20 13:29:56.311] - eth_getTransactionReceipt
[2025/09/20 13:29:56.313] - eth_getBalance
[2025/09/20 13:29:56.315] - eth_getBlockByNumber
[2025/09/20 13:29:56.317] - eth_getTransactionCount
[2025/09/20 13:29:56.318] - eth_sendTransaction
[2025/09/20 13:29:56.321] - eth_getBalance
[2025/09/20 13:29:56.325] - eth_getTransactionCount
[2025/09/20 13:29:56.326] - 
  Transaction: 0x7a0c07c779ac679e41ed93710a28cdb414d1ac223532ed56b5967e1261bfd9de
  Gas usage: 25925
  Block number: 15
  Block time: Sat Sep 20 2025 13:29:56 GMT+0100 (heure normale d’Afrique de l’Ouest)
  Runtime error: revert
  Revert reason: Bien non disponible a la vente

[2025/09/20 13:29:56.328] - eth_getBlockByNumber
[2025/09/20 13:29:56.330] - eth_getBalance
[2025/09/20 13:29:56.332] - eth_call
[2025/09/20 13:29:56.337] - eth_getTransactionCount
[2025/09/20 13:29:56.339] - eth_blockNumber
[2025/09/20 13:29:56.342] - eth_getBlockByNumber
[2025/09/20 13:29:56.342] - eth_getBalance
[2025/09/20 13:29:56.344] - eth_sendTransaction
[2025/09/20 13:29:56.349] - 
  Transaction: 0x096788e5cba911198b31402fae0c0dab76021cb511b46ee87e3b52473830c5c6
  Gas usage: 23743
  Block number: 16
  Block time: Sat Sep 20 2025 13:29:56 GMT+0100 (heure normale d’Afrique de l’Ouest)
  Runtime error: revert
  Revert reason: Property does not exist

[2025/09/20 13:29:56.350] - eth_getTransactionCount
[2025/09/20 13:29:56.352] - eth_getBlockByNumber
[2025/09/20 13:29:56.356] - eth_getBalance
[2025/09/20 13:29:56.364] - eth_call
[2025/09/20 13:29:56.367] - eth_getTransactionCount
[2025/09/20 13:29:56.372] - eth_getBalance
[2025/09/20 13:29:56.380] - eth_getTransactionCount
[2025/09/20 13:29:56.384] - eth_getBalance
[2025/09/20 13:29:56.387] - eth_getTransactionCount
[2025/09/20 13:29:56.391] - eth_getBalance
[2025/09/20 13:29:56.395] - eth_getTransactionCount
[2025/09/20 13:29:56.399] - eth_getBalance
[2025/09/20 13:29:56.403] - eth_getTransactionCount
[2025/09/20 13:29:56.427] - eth_getTransactionCount
[2025/09/20 13:29:56.433] - eth_getBalance
[2025/09/20 13:29:56.437] - eth_getTransactionCount
[2025/09/20 13:29:56.441] - eth_getBalance
[2025/09/20 13:29:56.445] - eth_getTransactionCount
[2025/09/20 13:29:56.451] - eth_getBalance
[2025/09/20 13:29:56.456] - eth_getTransactionCount
[2025/09/20 13:29:56.461] - eth_getBalance
[2025/09/20 13:29:56.467] - eth_getTransactionCount
[2025/09/20 13:29:56.472] - eth_getBalance
[2025/09/20 13:29:56.478] - eth_getTransactionCount
[2025/09/20 13:29:56.483] - eth_getBalance
[2025/09/20 13:29:56.489] - eth_getTransactionCount
[2025/09/20 13:29:56.494] - eth_getBalance
[2025/09/20 13:29:56.499] - eth_getTransactionCount
[2025/09/20 13:29:56.505] - eth_getBalance
[2025/09/20 13:29:56.507] - eth_getTransactionCount
[2025/09/20 13:29:56.576] - eth_getBalance
[2025/09/20 13:29:56.580] - eth_getTransactionCount
[2025/09/20 13:29:56.584] - eth_getBalance
[2025/09/20 13:29:56.587] - eth_getTransactionCount
[2025/09/20 13:29:56.591] - eth_getBalance
[2025/09/20 13:29:56.595] - eth_getTransactionCount
[2025/09/20 13:29:56.598] - eth_getBalance
[2025/09/20 13:29:56.600] - eth_getTransactionCount
[2025/09/20 13:29:56.604] - eth_getTransactionCount
[2025/09/20 13:29:56.610] - eth_getBalance
[2025/09/20 13:29:56.614] - eth_getTransactionCount
[2025/09/20 13:29:56.617] - eth_getBalance
[2025/09/20 13:29:56.622] - eth_getTransactionCount
[2025/09/20 13:29:56.624] - eth_getBalance
[2025/09/20 13:29:56.627] - eth_getTransactionCount
[2025/09/20 13:29:56.630] - eth_getBalance
[2025/09/20 13:29:56.634] - eth_getTransactionCount
[2025/09/20 13:29:56.639] - eth_getBalance
[2025/09/20 13:29:56.642] - eth_getTransactionCount
[2025/09/20 13:29:56.653] - eth_getBalance
[2025/09/20 13:29:56.656] - eth_getTransactionCount
[2025/09/20 13:29:56.660] - eth_getBalance
[2025/09/20 13:29:56.663] - eth_getTransactionCount
[2025/09/20 13:29:56.666] - eth_getBalance
[2025/09/20 13:29:56.670] - eth_getTransactionCount
[2025/09/20 13:29:56.673] - eth_getBalance
[2025/09/20 13:29:56.676] - eth_getTransactionCount
[2025/09/20 13:29:56.679] - eth_getTransactionCount
[2025/09/20 13:29:56.682] - eth_getBalance
[2025/09/20 13:29:56.686] - eth_getTransactionCount
[2025/09/20 13:29:56.689] - eth_getBalance
[2025/09/20 13:29:56.694] - eth_getTransactionCount
[2025/09/20 13:29:56.696] - eth_getBalance
[2025/09/20 13:29:56.699] - eth_getTransactionCount
[2025/09/20 13:29:56.702] - eth_getBalance
[2025/09/20 13:29:56.705] - eth_getTransactionCount
[2025/09/20 13:29:56.708] - eth_getBalance
[2025/09/20 13:29:56.711] - eth_getTransactionCount
[2025/09/20 13:29:56.744] - eth_getBalance
[2025/09/20 13:29:56.747] - eth_getTransactionCount
[2025/09/20 13:29:56.751] - eth_getBalance
[2025/09/20 13:29:56.755] - eth_getTransactionCount
[2025/09/20 13:29:56.759] - eth_getBalance
[2025/09/20 13:29:56.762] - eth_getTransactionCount
[2025/09/20 13:29:56.765] - eth_getBalance
[2025/09/20 13:29:56.768] - eth_getTransactionCount
[2025/09/20 13:29:56.771] - eth_getBalance
[2025/09/20 13:29:56.776] - eth_getTransactionCount
[2025/09/20 13:29:56.779] - eth_getBalance
[2025/09/20 13:29:56.782] - eth_getTransactionCount
[2025/09/20 13:29:56.785] - eth_getBalance
[2025/09/20 13:29:56.788] - eth_getTransactionCount
[2025/09/20 13:29:56.791] - eth_getBalance
[2025/09/20 13:29:56.794] - eth_getTransactionCount
[2025/09/20 13:29:56.799] - eth_getBalance
[2025/09/20 13:29:56.805] - eth_getBalance
[2025/09/20 13:29:56.809] - eth_getTransactionCount
[2025/09/20 13:29:56.866] - eth_getBalance
[2025/09/20 13:29:56.869] - eth_getTransactionCount
[2025/09/20 13:29:56.872] - eth_getBalance
[2025/09/20 13:29:56.875] - eth_getTransactionCount
[2025/09/20 13:29:56.878] - eth_getBalance
[2025/09/20 13:29:56.881] - eth_getTransactionCount
[2025/09/20 13:29:56.885] - eth_getBalance
[2025/09/20 13:29:56.888] - eth_getTransactionCount
[2025/09/20 13:29:56.891] - eth_getBalance
[2025/09/20 13:29:56.895] - eth_getTransactionCount
[2025/09/20 13:29:56.900] - eth_getBalance
[2025/09/20 13:29:56.904] - eth_getTransactionCount
[2025/09/20 13:29:56.908] - eth_getBalance
[2025/09/20 13:29:56.912] - eth_getTransactionCount
[2025/09/20 13:29:56.916] - eth_getBalance
[2025/09/20 13:29:56.920] - eth_getTransactionCount
[2025/09/20 13:29:56.926] - eth_getBalance
[2025/09/20 13:29:56.929] - eth_getTransactionCount
[2025/09/20 13:29:56.932] - eth_getBalance
[2025/09/20 13:29:56.935] - eth_getTransactionCount
[2025/09/20 13:29:56.939] - eth_getBalance
[2025/09/20 13:29:56.941] - eth_getTransactionCount
[2025/09/20 13:29:56.944] - eth_getBalance
[2025/09/20 13:29:56.948] - eth_getTransactionCount
[2025/09/20 13:29:56.951] - eth_getBalance
[2025/09/20 13:29:56.954] - eth_getTransactionCount
[2025/09/20 13:29:56.957] - eth_getBalance
[2025/09/20 13:29:56.960] - eth_getTransactionCount
[2025/09/20 13:29:56.963] - eth_getBalance
[2025/09/20 13:29:56.966] - eth_getTransactionCount
[2025/09/20 13:29:56.969] - eth_getBalance
[2025/09/20 13:29:56.973] - eth_getTransactionCount
[2025/09/20 13:29:56.976] - eth_getBalance
[2025/09/20 13:29:56.979] - eth_getTransactionCount
[2025/09/20 13:29:56.983] - eth_getBalance
[2025/09/20 13:29:56.986] - eth_getTransactionCount
[2025/09/20 13:29:57.045] - eth_getBalance
[2025/09/20 13:29:57.048] - eth_getTransactionCount
[2025/09/20 13:29:57.051] - eth_getBalance
[2025/09/20 13:29:57.054] - eth_getTransactionCount
[2025/09/20 13:29:57.057] - eth_getBalance
[2025/09/20 13:29:57.062] - eth_getTransactionCount
[2025/09/20 13:29:57.065] - eth_getBalance
[2025/09/20 13:29:57.067] - eth_getTransactionCount
[2025/09/20 13:29:57.070] - eth_getTransactionCount
[2025/09/20 13:29:57.073] - eth_getBalance
[2025/09/20 13:29:57.076] - eth_getTransactionCount
[2025/09/20 13:29:57.079] - eth_getBalance
[2025/09/20 13:29:57.083] - eth_getTransactionCount
[2025/09/20 13:29:57.086] - eth_getBalance
[2025/09/20 13:29:57.089] - eth_getTransactionCount
[2025/09/20 13:29:57.092] - eth_getBalance
[2025/09/20 13:29:57.095] - eth_getTransactionCount
[2025/09/20 13:29:57.105] - eth_getBalance
[2025/09/20 13:29:57.109] - eth_getTransactionCount
[2025/09/20 13:29:57.113] - eth_getBalance
[2025/09/20 13:29:57.116] - eth_getTransactionCount
[2025/09/20 13:29:57.119] - eth_getBalance
[2025/09/20 13:29:57.122] - eth_getTransactionCount
[2025/09/20 13:29:57.125] - eth_getBalance
[2025/09/20 13:29:57.133] - eth_getTransactionCount
[2025/09/20 13:29:57.142] - eth_getTransactionCount
[2025/09/20 13:29:57.146] - eth_getBalance
[2025/09/20 13:29:57.149] - eth_getTransactionCount
[2025/09/20 13:29:57.154] - eth_getBalance
[2025/09/20 13:29:57.158] - eth_getTransactionCount
[2025/09/20 13:29:57.161] - eth_getBalance
[2025/09/20 13:29:57.164] - eth_getTransactionCount
[2025/09/20 13:29:57.167] - eth_getBalance
[2025/09/20 13:29:57.170] - eth_getTransactionCount
[2025/09/20 13:29:57.251] - eth_getBalance
[2025/09/20 13:29:57.255] - eth_getTransactionCount
[2025/09/20 13:29:57.258] - eth_getBalance
[2025/09/20 13:29:57.261] - eth_getTransactionCount
[2025/09/20 13:29:57.264] - eth_getBalance
[2025/09/20 13:29:57.267] - eth_getTransactionCount
[2025/09/20 13:29:57.271] - eth_getBalance
[2025/09/20 13:29:57.274] - eth_getTransactionCount
[2025/09/20 13:29:57.279] - eth_getBalance
[2025/09/20 13:29:57.281] - eth_getTransactionCount
[2025/09/20 13:29:57.284] - eth_getBalance
[2025/09/20 13:29:57.287] - eth_getTransactionCount
[2025/09/20 13:29:57.290] - eth_getBalance
[2025/09/20 13:29:57.293] - eth_getTransactionCount
[2025/09/20 13:29:57.296] - eth_getBalance
[2025/09/20 13:29:57.300] - eth_getTransactionCount
[2025/09/20 13:29:57.303] - eth_getBalance
[2025/09/20 13:29:57.306] - eth_getTransactionCount
[2025/09/20 13:29:57.309] - eth_getBalance
[2025/09/20 13:29:57.311] - eth_getTransactionCount
[2025/09/20 13:29:57.321] - eth_getBalance
[2025/09/20 13:29:57.323] - eth_getTransactionCount
[2025/09/20 13:29:57.326] - eth_getBalance
[2025/09/20 13:29:57.329] - eth_getTransactionCount
[2025/09/20 13:29:57.332] - eth_getBalance
[2025/09/20 13:29:57.334] - eth_getTransactionCount
[2025/09/20 13:29:57.337] - eth_getBalance
[2025/09/20 13:29:57.341] - eth_getTransactionCount
[2025/09/20 13:29:57.345] - eth_getBalance
[2025/09/20 13:29:57.347] - eth_getTransactionCount
[2025/09/20 13:29:57.350] - eth_getBalance
[2025/09/20 13:29:57.354] - eth_getTransactionCount
[2025/09/20 13:29:57.358] - eth_getBalance
[2025/09/20 13:29:57.362] - eth_getTransactionCount
[2025/09/20 13:29:57.366] - eth_getBalance
[2025/09/20 13:29:57.369] - eth_getTransactionCount
[2025/09/20 13:29:57.372] - eth_getBalance
[2025/09/20 13:29:57.374] - eth_getTransactionCount
[2025/09/20 13:29:57.378] - eth_getBalance
[2025/09/20 13:29:57.381] - eth_getTransactionCount
[2025/09/20 13:29:57.434] - eth_getBalance
[2025/09/20 13:29:57.437] - eth_getTransactionCount
[2025/09/20 13:29:57.441] - eth_getBalance
[2025/09/20 13:29:57.443] - eth_getTransactionCount
[2025/09/20 13:29:57.447] - eth_getBalance
[2025/09/20 13:29:57.450] - eth_getTransactionCount
[2025/09/20 13:29:57.453] - eth_getBalance
[2025/09/20 13:29:57.456] - eth_getTransactionCount
[2025/09/20 13:29:57.459] - eth_getBalance
[2025/09/20 13:29:57.463] - eth_getBalance
[2025/09/20 13:29:57.466] - eth_getTransactionCount
[2025/09/20 13:29:57.471] - eth_getBalance
[2025/09/20 13:29:57.474] - eth_getTransactionCount
[2025/09/20 13:29:57.476] - eth_getBalance
[2025/09/20 13:29:57.479] - eth_getTransactionCount
[2025/09/20 13:29:57.483] - eth_getBalance
[2025/09/20 13:29:57.486] - eth_getTransactionCount
[2025/09/20 13:37:08.026] - eth_blockNumber
[2025/09/20 13:37:08.039] - net_version
[2025/09/20 13:37:08.042] - eth_accounts
[2025/09/20 13:37:08.057] - eth_blockNumber
[2025/09/20 13:37:08.061] - net_version
[2025/09/20 13:37:09.287] - eth_accounts
[2025/09/20 13:37:10.395] - eth_getBlockByNumber
[2025/09/20 13:37:10.399] - eth_accounts
[2025/09/20 13:37:11.661] - eth_getBlockByNumber
[2025/09/20 13:37:11.665] - eth_getBlockByNumber
[2025/09/20 13:37:11.668] - eth_getBlockByNumber
[2025/09/20 13:37:11.676] - eth_estimateGas
[2025/09/20 13:37:11.706] - eth_getBlockByNumber
[2025/09/20 13:37:11.707] - eth_blockNumber
[2025/09/20 13:37:11.711] - eth_sendTransaction
[2025/09/20 13:37:11.720] - 
  Transaction: 0x664fbc133603bf26f0bc988c9e8d87af0900e708910f1caeaab1af52ed80d85f
  Contract created: 0x1fb6e152f3a8cbf5d8e460fa8c6fa079e036a3ac
  Gas usage: 839825
  Block number: 17
  Block time: Sat Sep 20 2025 13:37:11 GMT+0100 (heure normale d’Afrique de l’Ouest)

[2025/09/20 13:37:11.722] - eth_getBlockByNumber
[2025/09/20 13:37:11.723] - eth_getTransactionReceipt
[2025/09/20 13:37:11.727] - eth_getCode
[2025/09/20 13:37:11.737] - eth_getBalance
[2025/09/20 13:37:11.744] - eth_getTransactionCount
[2025/09/20 13:37:11.749] - eth_getBalance
[2025/09/20 13:37:11.753] - eth_getTransactionCount
[2025/09/20 13:37:11.758] - eth_getBalance
[2025/09/20 13:37:11.762] - eth_getTransactionCount
[2025/09/20 13:37:11.765] - evm_snapshot
[2025/09/20 13:37:11.765] - Saved snapshot #2
[2025/09/20 13:37:11.768] - eth_getBalance
[2025/09/20 13:37:11.772] - eth_getTransactionCount
[2025/09/20 13:37:11.776] - eth_getBalance
[2025/09/20 13:37:11.780] - eth_getTransactionCount
[2025/09/20 13:37:11.784] - eth_getBalance
[2025/09/20 13:37:11.792] - eth_getTransactionCount
[2025/09/20 13:37:11.797] - eth_getBalance
[2025/09/20 13:37:11.798] - net_version
[2025/09/20 13:37:11.803] - eth_getTransactionCount
[2025/09/20 13:37:11.808] - eth_getBlockByNumber
[2025/09/20 13:37:11.810] - eth_getBalance
[2025/09/20 13:37:11.812] - eth_blockNumber
[2025/09/20 13:37:11.815] - eth_blockNumber
[2025/09/20 13:37:11.816] - eth_getTransactionCount
[2025/09/20 13:37:11.819] - eth_call
[2025/09/20 13:37:11.824] - eth_getBalance
[2025/09/20 13:37:11.828] - eth_blockNumber
[2025/09/20 13:37:11.831] - eth_getTransactionCount
[2025/09/20 13:37:11.831] - eth_call
[2025/09/20 13:37:11.839] - eth_blockNumber
[2025/09/20 13:37:11.841] - eth_getBalance
[2025/09/20 13:37:11.843] - eth_getBlockByNumber
[2025/09/20 13:37:11.848] - eth_sendTransaction
[2025/09/20 13:37:11.851] - eth_getTransactionCount
[2025/09/20 13:37:11.874] - 
  Transaction: 0x2b41be62cd00e9b0373549b36bdebd5e238d98903629f07a6d5f5bdad315342d
  Gas usage: 187502
  Block number: 18
  Block time: Sat Sep 20 2025 13:37:11 GMT+0100 (heure normale d’Afrique de l’Ouest)

[2025/09/20 13:37:11.876] - eth_getBlockByNumber
[2025/09/20 13:37:11.877] - eth_getTransactionReceipt
[2025/09/20 13:37:11.881] - eth_call
[2025/09/20 13:37:11.887] - eth_call
[2025/09/20 13:37:11.897] - eth_blockNumber
[2025/09/20 13:37:11.900] - eth_getBlockByNumber
[2025/09/20 13:37:11.903] - eth_sendTransaction
[2025/09/20 13:37:11.911] - 
  Transaction: 0x236b7848488527ed787a7c4bdf6a9037142d9eb792a3da470e77ce8778e342f7
  Gas usage: 24660
  Block number: 19
  Block time: Sat Sep 20 2025 13:37:11 GMT+0100 (heure normale d’Afrique de l’Ouest)
  Runtime error: revert
  Revert reason: Seul le notaire peut executer cette action

[2025/09/20 13:37:11.913] - eth_getBlockByNumber
[2025/09/20 13:37:11.920] - eth_call
[2025/09/20 13:37:11.935] - eth_getBalance
[2025/09/20 13:37:11.938] - eth_getTransactionCount
[2025/09/20 13:37:11.943] - eth_getBalance
[2025/09/20 13:37:11.947] - eth_getTransactionCount
[2025/09/20 13:37:11.950] - eth_getBalance
[2025/09/20 13:37:11.955] - eth_getTransactionCount
[2025/09/20 13:37:11.959] - eth_getBalance
[2025/09/20 13:37:11.963] - eth_getTransactionCount
[2025/09/20 13:37:11.968] - eth_getBalance
[2025/09/20 13:37:11.976] - eth_getTransactionCount
[2025/09/20 13:37:11.979] - eth_getBalance
[2025/09/20 13:37:11.983] - eth_getTransactionCount
[2025/09/20 13:37:11.988] - eth_getBalance
[2025/09/20 13:37:11.991] - eth_getTransactionCount
[2025/09/20 13:37:11.994] - eth_getBalance
[2025/09/20 13:37:11.997] - eth_getTransactionCount
[2025/09/20 13:37:12.004] - eth_getBalance
[2025/09/20 13:37:12.013] - eth_getTransactionCount
[2025/09/20 13:37:12.047] - eth_getBalance
[2025/09/20 13:37:12.052] - eth_getTransactionCount
[2025/09/20 13:37:12.055] - eth_getBalance
[2025/09/20 13:37:12.056] - eth_blockNumber
[2025/09/20 13:37:12.059] - eth_getBlockByNumber
[2025/09/20 13:37:12.060] - eth_getTransactionCount
[2025/09/20 13:37:12.062] - eth_sendTransaction
[2025/09/20 13:37:12.065] - eth_getBalance
[2025/09/20 13:37:12.068] - eth_getTransactionCount
[2025/09/20 13:37:12.071] - eth_getBalance
[2025/09/20 13:37:12.077] - eth_getTransactionCount
[2025/09/20 13:37:12.080] - eth_getBalance
[2025/09/20 13:37:12.082] - 
  Transaction: 0x3d2515a1f63b7e54f4bef954ac54dbd663ffff3b6414fc7001cd86028e0b5486
  Gas usage: 111899
  Block number: 20
  Block time: Sat Sep 20 2025 13:37:12 GMT+0100 (heure normale d’Afrique de l’Ouest)

[2025/09/20 13:37:12.083] - eth_getTransactionCount
[2025/09/20 13:37:12.085] - eth_getBlockByNumber
[2025/09/20 13:37:12.086] - eth_getTransactionReceipt
[2025/09/20 13:37:12.087] - eth_getBalance
[2025/09/20 13:37:12.089] - eth_getBlockByNumber
[2025/09/20 13:37:12.092] - eth_sendTransaction
[2025/09/20 13:37:12.092] - eth_getTransactionCount
[2025/09/20 13:37:12.096] - eth_getBalance
[2025/09/20 13:37:12.099] - eth_getTransactionCount
[2025/09/20 13:37:12.102] - eth_getBalance
[2025/09/20 13:37:12.103] - 
  Transaction: 0x36fc499b8f83723b6083c671094c6911a5c60f170cb69988cf31abe8bb41b579
  Gas usage: 31278
  Block number: 21
  Block time: Sat Sep 20 2025 13:37:12 GMT+0100 (heure normale d’Afrique de l’Ouest)

[2025/09/20 13:37:12.105] - eth_getBlockByNumber
[2025/09/20 13:37:12.106] - eth_getTransactionReceipt
[2025/09/20 13:37:12.107] - eth_getTransactionCount
[2025/09/20 13:37:12.109] - eth_call
[2025/09/20 13:37:12.120] - eth_blockNumber
[2025/09/20 13:37:12.123] - eth_getBlockByNumber
[2025/09/20 13:37:12.125] - eth_sendTransaction
[2025/09/20 13:37:12.145] - 
  Transaction: 0x997b593b4e5eebe8b29909cd300c1cb5236c103d6a64529795f5ccc2ac9b3c1c
  Gas usage: 114399
  Block number: 22
  Block time: Sat Sep 20 2025 13:37:12 GMT+0100 (heure normale d’Afrique de l’Ouest)

[2025/09/20 13:37:12.147] - eth_getBlockByNumber
[2025/09/20 13:37:12.148] - eth_getTransactionReceipt
[2025/09/20 13:37:12.152] - eth_call
[2025/09/20 13:37:12.164] - eth_blockNumber
[2025/09/20 13:37:12.167] - eth_call
[2025/09/20 13:37:12.181] - eth_blockNumber
[2025/09/20 13:37:12.183] - eth_getBlockByNumber
[2025/09/20 13:37:12.185] - eth_getBalance
[2025/09/20 13:37:12.187] - eth_sendTransaction
[2025/09/20 13:37:12.192] - eth_getTransactionCount
[2025/09/20 13:37:12.197] - eth_getBalance
[2025/09/20 13:37:12.200] - eth_getTransactionCount
[2025/09/20 13:37:12.203] - eth_getBalance
[2025/09/20 13:37:12.206] - eth_getTransactionCount
[2025/09/20 13:37:12.210] - eth_getBalance
[2025/09/20 13:37:12.213] - 
  Transaction: 0x55e186704c2b2f7304e04c4deed4b4296dc353fbdedbfe70139f360f377ffc34
  Gas usage: 170378
  Block number: 23
  Block time: Sat Sep 20 2025 13:37:12 GMT+0100 (heure normale d’Afrique de l’Ouest)

[2025/09/20 13:37:12.213] - eth_getTransactionCount
[2025/09/20 13:37:12.215] - eth_getBlockByNumber
[2025/09/20 13:37:12.216] - eth_getTransactionReceipt
[2025/09/20 13:37:12.218] - eth_getBalance
[2025/09/20 13:37:12.219] - eth_getBlockByNumber
[2025/09/20 13:37:12.222] - eth_sendTransaction
[2025/09/20 13:37:12.224] - eth_getTransactionCount
[2025/09/20 13:37:12.229] - eth_getBalance
[2025/09/20 13:37:12.230] - 
  Transaction: 0xa9f8b820ab1f382f7f540c869af9bf81fe55b4d10b728909946ae07539df2da6
  Gas usage: 28150
  Block number: 24
  Block time: Sat Sep 20 2025 13:37:12 GMT+0100 (heure normale d’Afrique de l’Ouest)
  Runtime error: revert
  Revert reason: Montant incorrect

[2025/09/20 13:37:12.232] - eth_getBlockByNumber
[2025/09/20 13:37:12.233] - eth_getTransactionCount
[2025/09/20 13:37:12.236] - eth_getBalance
[2025/09/20 13:37:12.239] - eth_getTransactionCount
[2025/09/20 13:37:12.242] - eth_getBalance
[2025/09/20 13:37:12.245] - eth_call
[2025/09/20 13:37:12.248] - eth_getTransactionCount
[2025/09/20 13:37:12.250] - eth_getBalance
[2025/09/20 13:37:12.254] - eth_getTransactionCount
[2025/09/20 13:37:12.255] - eth_blockNumber
[2025/09/20 13:37:12.258] - eth_getBlockByNumber
[2025/09/20 13:37:12.259] - eth_getBalance
[2025/09/20 13:37:12.260] - eth_sendTransaction
[2025/09/20 13:37:12.261] - eth_getTransactionCount
[2025/09/20 13:37:12.265] - eth_getBalance
[2025/09/20 13:37:12.268] - eth_getTransactionCount
[2025/09/20 13:37:12.270] - 
  Transaction: 0x4cae4cd4edec0f96a3a83453376daa400225651d8862a14c2dc952f20dfbaece
  Gas usage: 23743
  Block number: 25
  Block time: Sat Sep 20 2025 13:37:12 GMT+0100 (heure normale d’Afrique de l’Ouest)
  Runtime error: revert
  Revert reason: Property does not exist

[2025/09/20 13:37:12.271] - eth_getBalance
[2025/09/20 13:37:12.271] - eth_getBlockByNumber
[2025/09/20 13:37:12.274] - eth_getTransactionCount
[2025/09/20 13:37:12.277] - eth_call
[2025/09/20 13:37:12.279] - eth_getBalance
[2025/09/20 13:37:12.282] - eth_getTransactionCount
[2025/09/20 13:37:12.286] - eth_getBalance
[2025/09/20 13:37:12.290] - eth_getTransactionCount
[2025/09/20 13:37:12.294] - eth_getBalance
[2025/09/20 13:37:12.297] - eth_getTransactionCount
[2025/09/20 13:37:12.303] - eth_getBalance
[2025/09/20 13:37:12.306] - eth_getTransactionCount
[2025/09/20 13:37:12.311] - eth_getBalance
[2025/09/20 13:37:12.315] - eth_getTransactionCount
[2025/09/20 13:37:12.318] - eth_getBalance
[2025/09/20 13:37:12.321] - eth_getTransactionCount
[2025/09/20 13:37:12.323] - eth_getBalance
[2025/09/20 13:37:12.328] - eth_getTransactionCount
[2025/09/20 13:37:12.330] - eth_getBalance
[2025/09/20 13:37:12.333] - eth_getTransactionCount
[2025/09/20 13:37:12.367] - eth_getTransactionCount
[2025/09/20 13:37:12.370] - eth_getBalance
[2025/09/20 13:37:12.375] - eth_getTransactionCount
[2025/09/20 13:37:12.378] - eth_getBalance
[2025/09/20 13:37:12.383] - eth_getTransactionCount
[2025/09/20 13:37:12.388] - eth_getBalance
[2025/09/20 13:37:12.393] - eth_getTransactionCount
[2025/09/20 13:37:12.397] - eth_getBalance
[2025/09/20 13:37:12.400] - eth_getTransactionCount
[2025/09/20 13:37:12.405] - eth_getBalance
[2025/09/20 13:37:12.410] - eth_getTransactionCount
[2025/09/20 13:37:12.414] - eth_getBalance
[2025/09/20 13:37:12.420] - eth_getTransactionCount
[2025/09/20 13:37:12.425] - eth_getBalance
[2025/09/20 13:37:12.430] - eth_getTransactionCount
[2025/09/20 13:37:12.435] - eth_getBalance
[2025/09/20 13:37:12.442] - eth_getTransactionCount
[2025/09/20 13:37:12.446] - eth_getBalance
[2025/09/20 13:37:12.449] - eth_getTransactionCount
[2025/09/20 13:37:12.452] - eth_getTransactionCount
[2025/09/20 13:37:12.456] - eth_getBalance
[2025/09/20 13:37:12.458] - eth_getTransactionCount
[2025/09/20 13:37:12.461] - eth_getBalance
[2025/09/20 13:37:12.466] - eth_getTransactionCount
[2025/09/20 13:37:12.470] - eth_getBalance
[2025/09/20 13:37:12.473] - eth_getTransactionCount
[2025/09/20 13:37:12.476] - eth_getBalance
[2025/09/20 13:37:12.480] - eth_getTransactionCount
[2025/09/20 13:37:12.483] - eth_getBalance
[2025/09/20 13:37:12.486] - eth_getTransactionCount
[2025/09/20 13:37:12.490] - eth_getBalance
[2025/09/20 13:37:12.492] - eth_getTransactionCount
[2025/09/20 13:37:12.495] - eth_getBalance
[2025/09/20 13:37:12.498] - eth_getTransactionCount
[2025/09/20 13:37:12.502] - eth_getBalance
[2025/09/20 13:37:12.505] - eth_getTransactionCount
[2025/09/20 13:37:12.508] - eth_getBalance
[2025/09/20 13:37:12.511] - eth_getTransactionCount
[2025/09/20 13:37:12.560] - eth_getBalance
[2025/09/20 13:37:12.563] - eth_getTransactionCount
[2025/09/20 13:37:12.566] - eth_getBalance
[2025/09/20 13:37:12.571] - eth_getTransactionCount
[2025/09/20 13:37:12.573] - eth_getBalance
[2025/09/20 13:37:12.576] - eth_getTransactionCount
[2025/09/20 13:37:12.579] - eth_getBalance
[2025/09/20 13:37:12.582] - eth_getTransactionCount
[2025/09/20 13:37:12.584] - eth_getTransactionCount
[2025/09/20 13:37:12.587] - eth_getBalance
[2025/09/20 13:37:12.591] - eth_getTransactionCount
[2025/09/20 13:37:12.594] - eth_getBalance
[2025/09/20 13:37:12.597] - eth_getTransactionCount
[2025/09/20 13:37:12.600] - eth_getBalance
[2025/09/20 13:37:12.602] - eth_getTransactionCount
[2025/09/20 13:37:12.605] - eth_getBalance
[2025/09/20 13:37:12.608] - eth_getTransactionCount
[2025/09/20 13:37:12.613] - eth_getBalance
[2025/09/20 13:37:12.616] - eth_getTransactionCount
[2025/09/20 13:37:12.625] - eth_getBalance
[2025/09/20 13:37:12.628] - eth_getTransactionCount
[2025/09/20 13:37:12.633] - eth_getBalance
[2025/09/20 13:37:12.637] - eth_getTransactionCount
[2025/09/20 13:37:12.641] - eth_getBalance
[2025/09/20 13:37:12.645] - eth_getTransactionCount
[2025/09/20 13:37:12.648] - eth_getBalance
[2025/09/20 13:37:12.652] - eth_getTransactionCount
[2025/09/20 13:37:12.663] - eth_getTransactionCount
[2025/09/20 13:37:12.668] - eth_getBalance
[2025/09/20 13:37:12.672] - eth_getTransactionCount
[2025/09/20 13:37:12.676] - eth_getBalance
[2025/09/20 13:37:12.679] - eth_getTransactionCount
[2025/09/20 13:37:12.682] - eth_getBalance
[2025/09/20 13:37:12.687] - eth_getTransactionCount
[2025/09/20 13:37:12.689] - eth_getBalance
[2025/09/20 13:37:12.701] - eth_getTransactionCount
[2025/09/20 13:37:12.702] - eth_getBalance
[2025/09/20 13:37:12.702] - eth_getTransactionCount
[2025/09/20 13:37:12.732] - eth_getBalance
[2025/09/20 13:37:12.735] - eth_getTransactionCount
[2025/09/20 13:37:12.738] - eth_getBalance
[2025/09/20 13:37:12.740] - eth_getTransactionCount
[2025/09/20 13:37:12.745] - eth_getBalance
[2025/09/20 13:37:12.748] - eth_getTransactionCount
[2025/09/20 13:37:12.751] - eth_getBalance
[2025/09/20 13:37:12.754] - eth_getTransactionCount
[2025/09/20 13:37:12.757] - eth_getBalance
[2025/09/20 13:37:12.760] - eth_getTransactionCount
[2025/09/20 13:37:12.763] - eth_getBalance
[2025/09/20 13:37:12.767] - eth_getTransactionCount
[2025/09/20 13:37:12.770] - eth_getBalance
[2025/09/20 13:37:12.772] - eth_getBalance
[2025/09/20 13:37:12.775] - eth_getTransactionCount
[2025/09/20 13:37:12.778] - eth_getBalance
[2025/09/20 13:37:12.781] - eth_getTransactionCount
[2025/09/20 13:37:12.784] - eth_getBalance
[2025/09/20 13:37:12.789] - eth_getTransactionCount
[2025/09/20 13:37:12.830] - eth_getTransactionCount
[2025/09/20 13:37:12.833] - eth_getBalance
[2025/09/20 13:37:12.836] - eth_getTransactionCount
[2025/09/20 13:37:12.839] - eth_getBalance
[2025/09/20 13:37:12.841] - eth_getTransactionCount
[2025/09/20 13:37:12.844] - eth_getBalance
[2025/09/20 13:37:12.848] - eth_getTransactionCount
[2025/09/20 13:37:12.851] - eth_getBalance
[2025/09/20 13:37:12.854] - eth_getTransactionCount
[2025/09/20 13:37:12.856] - eth_getBalance
[2025/09/20 13:37:12.859] - eth_getTransactionCount
[2025/09/20 13:37:12.862] - eth_getBalance
[2025/09/20 13:37:12.865] - eth_getTransactionCount
[2025/09/20 13:37:12.870] - eth_getBalance
[2025/09/20 13:37:12.873] - eth_getTransactionCount
[2025/09/20 13:37:12.876] - eth_getBalance
[2025/09/20 13:37:12.879] - eth_getTransactionCount
[2025/09/20 13:37:12.881] - eth_getBalance
[2025/09/20 13:37:12.985] - eth_getBalance
[2025/09/20 13:37:12.988] - eth_getTransactionCount
[2025/09/20 13:37:12.992] - eth_getBalance
[2025/09/20 13:37:12.995] - eth_getTransactionCount
[2025/09/20 13:37:12.998] - eth_getBalance
[2025/09/20 13:37:13.001] - eth_getTransactionCount
[2025/09/20 13:37:13.004] - eth_getBalance
[2025/09/20 13:37:13.007] - eth_getTransactionCount
[2025/09/20 13:37:13.010] - eth_getBalance
[2025/09/20 13:37:13.012] - eth_getTransactionCount
[2025/09/20 13:37:13.016] - eth_getBalance
[2025/09/20 13:37:13.019] - eth_getTransactionCount
[2025/09/20 13:37:13.022] - eth_getBalance
[2025/09/20 13:37:13.026] - eth_getTransactionCount
[2025/09/20 13:37:13.029] - eth_getBalance
[2025/09/20 13:37:13.032] - eth_getTransactionCount
[2025/09/20 13:37:13.035] - eth_getBalance
[2025/09/20 13:37:13.039] - eth_getTransactionCount
[2025/09/20 13:37:13.042] - eth_getBalance
[2025/09/20 13:37:13.044] - eth_getBalance
[2025/09/20 13:37:13.047] - eth_getTransactionCount
[2025/09/20 13:37:13.050] - eth_getBalance
[2025/09/20 13:37:13.053] - eth_getTransactionCount
[2025/09/20 13:37:13.056] - eth_getBalance
[2025/09/20 13:37:13.061] - eth_getTransactionCount
[2025/09/20 13:37:13.063] - eth_getBalance
[2025/09/20 13:37:13.066] - eth_getTransactionCount
[2025/09/20 13:37:13.068] - eth_getBalance
[2025/09/20 13:37:13.071] - eth_getTransactionCount
[2025/09/20 13:37:13.074] - eth_getBalance
[2025/09/20 13:37:13.077] - eth_getTransactionCount
[2025/09/20 13:37:13.082] - eth_getBalance
[2025/09/20 13:37:13.085] - eth_getTransactionCount
[2025/09/20 13:37:13.087] - eth_getBalance
[2025/09/20 13:37:13.090] - eth_getTransactionCount
[2025/09/20 13:37:13.093] - eth_getBalance
[2025/09/20 13:37:13.096] - eth_getTransactionCount
[2025/09/20 13:37:13.099] - eth_getBalance
[2025/09/20 13:37:13.144] - eth_getTransactionCount
[2025/09/20 13:37:13.147] - eth_getBalance
[2025/09/20 13:37:13.150] - eth_getTransactionCount
[2025/09/20 13:37:13.153] - eth_getBalance
[2025/09/20 13:37:13.156] - eth_getTransactionCount
[2025/09/20 13:37:13.158] - eth_getBalance
[2025/09/20 13:37:13.163] - eth_getTransactionCount
[2025/09/20 13:37:13.166] - eth_getBalance
[2025/09/20 13:37:13.168] - eth_getTransactionCount
[2025/09/20 13:37:13.171] - eth_getBalance
[2025/09/20 13:37:13.174] - eth_getTransactionCount
[2025/09/20 13:37:13.177] - eth_getBalance
[2025/09/20 13:37:13.180] - eth_getTransactionCount
[2025/09/20 13:37:13.255] - eth_getBalance
[2025/09/20 13:37:13.261] - eth_getTransactionCount
[2025/09/20 13:37:13.265] - eth_getBalance
[2025/09/20 13:37:13.270] - eth_getTransactionCount
[2025/09/20 13:37:13.276] - eth_getBalance
[2025/09/20 13:37:13.279] - eth_getTransactionCount
[2025/09/20 13:37:13.282] - eth_getBalance
[2025/09/20 13:37:13.286] - eth_getTransactionCount
[2025/09/20 13:37:13.289] - eth_getBalance
[2025/09/20 13:37:13.293] - eth_getTransactionCount
[2025/09/20 13:37:13.297] - eth_getTransactionCount
[2025/09/20 13:37:13.302] - eth_getBalance
[2025/09/20 13:37:13.304] - eth_getTransactionCount
[2025/09/20 13:37:13.307] - eth_getBalance
[2025/09/20 13:37:13.310] - eth_getTransactionCount
[2025/09/20 13:37:13.314] - eth_getBalance
[2025/09/20 13:37:13.317] - eth_getTransactionCount
[2025/09/20 13:37:13.320] - eth_getBalance
[2025/09/20 13:37:13.324] - eth_getTransactionCount
[2025/09/20 13:37:13.328] - eth_getBalance
[2025/09/20 13:37:13.331] - eth_getTransactionCount
[2025/09/20 13:37:13.334] - eth_getBalance
[2025/09/20 13:37:13.337] - eth_getTransactionCount
[2025/09/20 13:37:13.340] - eth_getBalance
[2025/09/20 13:37:13.343] - eth_getTransactionCount
[2025/09/20 13:37:13.346] - eth_getTransactionCount
[2025/09/20 13:37:13.350] - eth_getBalance
[2025/09/20 13:37:13.352] - eth_getTransactionCount
[2025/09/20 13:37:13.355] - eth_getBalance
[2025/09/20 13:37:13.358] - eth_getTransactionCount
[2025/09/20 13:37:13.405] - eth_getBalance
[2025/09/20 13:37:13.408] - eth_getTransactionCount
[2025/09/20 13:37:13.410] - eth_getTransactionCount
[2025/09/20 13:37:13.413] - eth_getBalance
[2025/09/20 13:37:13.416] - eth_getTransactionCount
[2025/09/20 13:37:13.419] - eth_getBalance
[2025/09/20 13:37:13.422] - eth_getTransactionCount
[2025/09/20 13:37:13.426] - eth_getBalance
[2025/09/20 13:37:13.429] - eth_getTransactionCount
[2025/09/20 13:37:13.431] - eth_getBalance
[2025/09/20 13:37:13.434] - eth_getTransactionCount
[2025/09/20 13:37:13.437] - eth_getBalance
[2025/09/20 13:37:13.440] - eth_getTransactionCount
[2025/09/20 13:37:13.442] - eth_getBalance
[2025/09/20 13:37:13.447] - eth_getTransactionCount
[2025/09/20 13:37:13.449] - eth_getBalance
[2025/09/20 13:37:13.452] - eth_getTransactionCount
[2025/09/20 13:37:13.455] - eth_getBalance
[2025/09/20 13:37:13.457] - eth_getTransactionCount
[2025/09/20 13:41:21.218] - eth_blockNumber
[2025/09/20 13:41:21.233] - net_version
[2025/09/20 13:41:21.236] - eth_accounts
[2025/09/20 13:41:21.258] - eth_blockNumber
[2025/09/20 13:41:21.262] - net_version
[2025/09/20 13:41:22.495] - eth_accounts
[2025/09/20 13:41:23.602] - eth_getBlockByNumber
[2025/09/20 13:41:23.606] - eth_accounts
[2025/09/20 13:41:23.627] - eth_getBlockByNumber
[2025/09/20 13:41:23.631] - eth_getBlockByNumber
[2025/09/20 13:41:23.634] - eth_getBlockByNumber
[2025/09/20 13:41:23.642] - eth_estimateGas
[2025/09/20 13:41:23.673] - eth_getBlockByNumber
[2025/09/20 13:41:23.674] - eth_blockNumber
[2025/09/20 13:41:23.678] - eth_sendTransaction
[2025/09/20 13:41:23.687] - 
  Transaction: 0x41c0280baf8b8da069cadc9e1ce505cd63beee7dede856def2cbebb7301779e8
  Contract created: 0x3c8a5374823e602d476ce1d76a84a6b03d4b11a7
  Gas usage: 852594
  Block number: 26
  Block time: Sat Sep 20 2025 13:41:23 GMT+0100 (heure normale d’Afrique de l’Ouest)

[2025/09/20 13:41:23.688] - eth_getBlockByNumber
[2025/09/20 13:41:23.690] - eth_getTransactionReceipt
[2025/09/20 13:41:23.694] - eth_getCode
[2025/09/20 13:41:23.700] - eth_getBalance
[2025/09/20 13:41:23.706] - eth_getTransactionCount
[2025/09/20 13:41:23.712] - eth_getBalance
[2025/09/20 13:41:23.717] - eth_getTransactionCount
[2025/09/20 13:41:23.724] - eth_getBalance
[2025/09/20 13:41:23.727] - eth_getTransactionCount
[2025/09/20 13:41:23.732] - eth_getBalance
[2025/09/20 13:41:23.736] - eth_getTransactionCount
[2025/09/20 13:41:23.740] - eth_getBalance
[2025/09/20 13:41:23.743] - evm_snapshot
[2025/09/20 13:41:23.743] - Saved snapshot #3
[2025/09/20 13:41:23.744] - eth_getTransactionCount
[2025/09/20 13:41:23.748] - eth_getBalance
[2025/09/20 13:41:23.752] - eth_getTransactionCount
[2025/09/20 13:41:23.754] - eth_getBalance
[2025/09/20 13:41:23.758] - eth_getTransactionCount
[2025/09/20 13:41:23.761] - eth_getBalance
[2025/09/20 13:41:23.765] - eth_getTransactionCount
[2025/09/20 13:41:23.768] - eth_getBalance
[2025/09/20 13:41:23.774] - eth_getTransactionCount
[2025/09/20 13:41:23.777] - net_version
[2025/09/20 13:41:23.781] - eth_getBalance
[2025/09/20 13:41:23.786] - eth_getTransactionCount
[2025/09/20 13:41:23.787] - eth_getBlockByNumber
[2025/09/20 13:41:23.791] - eth_blockNumber
[2025/09/20 13:41:23.794] - eth_blockNumber
[2025/09/20 13:41:23.798] - eth_call
[2025/09/20 13:41:23.805] - eth_blockNumber
[2025/09/20 13:41:23.809] - eth_call
[2025/09/20 13:41:23.816] - eth_blockNumber
[2025/09/20 13:41:23.819] - eth_getBlockByNumber
[2025/09/20 13:41:23.823] - eth_sendTransaction
[2025/09/20 13:41:23.841] - 
  Transaction: 0x4d5fedbe7072b971740e21514f0a18abb924acca009e0b0a6d65c7c28a26daf0
  Gas usage: 227393
  Block number: 27
  Block time: Sat Sep 20 2025 13:41:23 GMT+0100 (heure normale d’Afrique de l’Ouest)

[2025/09/20 13:41:23.844] - eth_getBlockByNumber
[2025/09/20 13:41:23.844] - eth_getTransactionReceipt
[2025/09/20 13:41:23.849] - eth_call
[2025/09/20 13:41:23.856] - eth_call
[2025/09/20 13:41:23.877] - eth_blockNumber
[2025/09/20 13:41:23.879] - eth_getBlockByNumber
[2025/09/20 13:41:23.882] - eth_sendTransaction
[2025/09/20 13:41:23.888] - 
  Transaction: 0x91b7242037805606f4c77f932c8897de358324b825763274ee744e388c2f1e22
  Gas usage: 24660
  Block number: 28
  Block time: Sat Sep 20 2025 13:41:23 GMT+0100 (heure normale d’Afrique de l’Ouest)
  Runtime error: revert
  Revert reason: Seul le notaire peut executer cette action

[2025/09/20 13:41:23.890] - eth_getBlockByNumber
[2025/09/20 13:41:23.904] - eth_call
[2025/09/20 13:41:23.906] - eth_getBalance
[2025/09/20 13:41:23.909] - eth_getTransactionCount
[2025/09/20 13:41:23.913] - eth_getBalance
[2025/09/20 13:41:23.916] - eth_getTransactionCount
[2025/09/20 13:41:23.919] - eth_getBalance
[2025/09/20 13:41:23.923] - eth_getTransactionCount
[2025/09/20 13:41:23.926] - eth_getBalance
[2025/09/20 13:41:23.929] - eth_getTransactionCount
[2025/09/20 13:41:23.932] - eth_getBalance
[2025/09/20 13:41:23.940] - eth_getTransactionCount
[2025/09/20 13:41:23.944] - eth_getBalance
[2025/09/20 13:41:23.948] - eth_getTransactionCount
[2025/09/20 13:41:23.952] - eth_getBalance
[2025/09/20 13:41:23.957] - eth_getTransactionCount
[2025/09/20 13:41:23.961] - eth_getBalance
[2025/09/20 13:41:23.966] - eth_getTransactionCount
[2025/09/20 13:41:24.047] - eth_getBalance
[2025/09/20 13:41:24.051] - eth_getTransactionCount
[2025/09/20 13:41:24.055] - eth_getBalance
[2025/09/20 13:41:24.056] - eth_blockNumber
[2025/09/20 13:41:24.058] - eth_getBlockByNumber
[2025/09/20 13:41:24.059] - eth_getTransactionCount
[2025/09/20 13:41:24.061] - eth_sendTransaction
[2025/09/20 13:41:24.063] - eth_getBalance
[2025/09/20 13:41:24.068] - eth_getTransactionCount
[2025/09/20 13:41:24.072] - eth_getBalance
[2025/09/20 13:41:24.072] - 
  Transaction: 0xc71897859c988fd9435df8454238731cc040387950af7091b5a4cf2b7aec71c4
  Gas usage: 32744
  Block number: 29
  Block time: Sat Sep 20 2025 13:41:24 GMT+0100 (heure normale d’Afrique de l’Ouest)

[2025/09/20 13:41:24.074] - eth_getBlockByNumber
[2025/09/20 13:41:24.075] - eth_getTransactionReceipt
[2025/09/20 13:41:24.076] - eth_getTransactionCount
[2025/09/20 13:41:24.079] - eth_getBalance
[2025/09/20 13:41:24.080] - eth_call
[2025/09/20 13:41:24.089] - eth_getTransactionCount
[2025/09/20 13:41:24.090] - eth_getBalance
[2025/09/20 13:41:24.090] - eth_getTransactionCount
[2025/09/20 13:41:24.094] - eth_getBalance
[2025/09/20 13:41:24.097] - eth_getTransactionCount
[2025/09/20 13:41:24.100] - eth_getBalance
[2025/09/20 13:41:24.102] - eth_blockNumber
[2025/09/20 13:41:24.104] - eth_getTransactionCount
[2025/09/20 13:41:24.105] - eth_getBlockByNumber
[2025/09/20 13:41:24.107] - eth_sendTransaction
[2025/09/20 13:41:24.109] - eth_getBalance
[2025/09/20 13:41:24.111] - eth_getTransactionCount
[2025/09/20 13:41:24.114] - eth_getBalance
[2025/09/20 13:41:24.121] - eth_getTransactionCount
[2025/09/20 13:41:24.127] - 
  Transaction: 0xc37914f34c12f3242fa42cb9c50fb1f00216fac9b59b0904cbeebb574f0ffd6f
  Gas usage: 114399
  Block number: 30
  Block time: Sat Sep 20 2025 13:41:24 GMT+0100 (heure normale d’Afrique de l’Ouest)

[2025/09/20 13:41:24.129] - eth_getBlockByNumber
[2025/09/20 13:41:24.130] - eth_getTransactionReceipt
[2025/09/20 13:41:24.131] - eth_getBalance
[2025/09/20 13:41:24.134] - eth_call
[2025/09/20 13:41:24.136] - eth_getTransactionCount
[2025/09/20 13:41:24.138] - eth_getBalance
[2025/09/20 13:41:24.143] - eth_getTransactionCount
[2025/09/20 13:41:24.145] - eth_blockNumber
[2025/09/20 13:41:24.148] - eth_getBalance
[2025/09/20 13:41:24.149] - eth_call
[2025/09/20 13:41:24.153] - eth_getTransactionCount
[2025/09/20 13:41:24.158] - eth_getBalance
[2025/09/20 13:41:24.161] - eth_blockNumber
[2025/09/20 13:41:24.161] - eth_getTransactionCount
[2025/09/20 13:41:24.163] - eth_getBlockByNumber
[2025/09/20 13:41:24.166] - eth_sendTransaction
[2025/09/20 13:41:24.166] - eth_getBalance
[2025/09/20 13:41:24.171] - eth_getTransactionCount
[2025/09/20 13:41:24.174] - eth_getBalance
[2025/09/20 13:41:24.178] - eth_getTransactionCount
[2025/09/20 13:41:24.182] - eth_getBalance
[2025/09/20 13:41:24.187] - eth_getTransactionCount
[2025/09/20 13:41:24.189] - 
  Transaction: 0x58e7dba608a1112ee737fbb6971186a3e1c68e5e82f9f0ba9ef18fb1cf73f574
  Gas usage: 210269
  Block number: 31
  Block time: Sat Sep 20 2025 13:41:24 GMT+0100 (heure normale d’Afrique de l’Ouest)

[2025/09/20 13:41:24.191] - eth_getBalance
[2025/09/20 13:41:24.191] - eth_getBlockByNumber
[2025/09/20 13:41:24.192] - eth_getTransactionReceipt
[2025/09/20 13:41:24.195] - eth_getTransactionCount
[2025/09/20 13:41:24.196] - eth_getBlockByNumber
[2025/09/20 13:41:24.198] - eth_sendTransaction
[2025/09/20 13:41:24.199] - eth_getBalance
[2025/09/20 13:41:24.205] - eth_getTransactionCount
[2025/09/20 13:41:24.205] - 
  Transaction: 0x00b4f7a8858472823fe279688c27c1ab5d4c1b68df3443521b4e509c5b15663e
  Gas usage: 25925
  Block number: 32
  Block time: Sat Sep 20 2025 13:41:24 GMT+0100 (heure normale d’Afrique de l’Ouest)
  Runtime error: revert
  Revert reason: Bien non disponible a la vente

[2025/09/20 13:41:24.207] - eth_getBlockByNumber
[2025/09/20 13:41:24.208] - eth_getBalance
[2025/09/20 13:41:24.213] - eth_getTransactionCount
[2025/09/20 13:41:24.217] - eth_call
[2025/09/20 13:41:24.224] - eth_blockNumber
[2025/09/20 13:41:24.227] - eth_getBlockByNumber
[2025/09/20 13:41:24.229] - eth_sendTransaction
[2025/09/20 13:41:24.235] - 
  Transaction: 0x689c642667ab0af82b5f089eadf2d036f1aec04524d5097db4d576af81a0a09b
  Gas usage: 23743
  Block number: 33
  Block time: Sat Sep 20 2025 13:41:24 GMT+0100 (heure normale d’Afrique de l’Ouest)
  Runtime error: revert
  Revert reason: Property does not exist

[2025/09/20 13:41:24.237] - eth_getBlockByNumber
[2025/09/20 13:41:24.242] - eth_getTransactionCount
[2025/09/20 13:41:24.245] - eth_getBalance
[2025/09/20 13:41:24.249] - eth_call
[2025/09/20 13:41:24.251] - eth_getTransactionCount
[2025/09/20 13:41:24.254] - eth_getBalance
[2025/09/20 13:41:24.257] - eth_getTransactionCount
[2025/09/20 13:41:24.260] - eth_getBalance
[2025/09/20 13:41:24.265] - eth_getTransactionCount
[2025/09/20 13:41:24.268] - eth_getBalance
[2025/09/20 13:41:24.271] - eth_getTransactionCount
[2025/09/20 13:41:24.274] - eth_getBalance
[2025/09/20 13:41:24.277] - eth_getTransactionCount
[2025/09/20 13:41:24.281] - eth_getBalance
[2025/09/20 13:41:24.284] - eth_getTransactionCount
[2025/09/20 13:41:24.289] - eth_getBalance
[2025/09/20 13:41:24.291] - eth_getTransactionCount
[2025/09/20 13:41:24.294] - eth_getBalance
[2025/09/20 13:41:24.298] - eth_getTransactionCount
[2025/09/20 13:41:24.360] - eth_getBalance
[2025/09/20 13:41:24.363] - eth_getTransactionCount
[2025/09/20 13:41:24.365] - eth_getBalance
[2025/09/20 13:41:24.368] - eth_getTransactionCount
[2025/09/20 13:41:24.371] - eth_getBalance
[2025/09/20 13:41:24.374] - eth_getTransactionCount
[2025/09/20 13:41:24.378] - eth_getBalance
[2025/09/20 13:41:24.381] - eth_getTransactionCount
[2025/09/20 13:41:24.384] - eth_getBalance
[2025/09/20 13:41:24.387] - eth_getTransactionCount
[2025/09/20 13:41:24.390] - eth_getBalance
[2025/09/20 13:41:24.393] - eth_getTransactionCount
[2025/09/20 13:41:24.396] - eth_getBalance
[2025/09/20 13:41:24.400] - eth_getTransactionCount
[2025/09/20 13:41:24.403] - eth_getBalance
[2025/09/20 13:41:24.406] - eth_getTransactionCount
[2025/09/20 13:41:24.409] - eth_getBalance
[2025/09/20 13:41:24.412] - eth_getTransactionCount
[2025/09/20 13:41:24.415] - eth_getBalance
[2025/09/20 13:41:24.418] - eth_getTransactionCount
[2025/09/20 13:41:24.427] - eth_getBalance
[2025/09/20 13:41:24.430] - eth_getTransactionCount
[2025/09/20 13:41:24.433] - eth_getBalance
[2025/09/20 13:41:24.436] - eth_getTransactionCount
[2025/09/20 13:41:24.439] - eth_getBalance
[2025/09/20 13:41:24.446] - eth_getTransactionCount
[2025/09/20 13:41:24.456] - eth_getBalance
[2025/09/20 13:41:24.460] - eth_getTransactionCount
[2025/09/20 13:41:24.463] - eth_getBalance
[2025/09/20 13:41:24.467] - eth_getTransactionCount
[2025/09/20 13:41:24.470] - eth_getBalance
[2025/09/20 13:41:24.472] - eth_getTransactionCount
[2025/09/20 13:41:24.476] - eth_getBalance
[2025/09/20 13:41:24.479] - eth_getTransactionCount
[2025/09/20 13:41:24.482] - eth_getBalance
[2025/09/20 13:41:24.485] - eth_getTransactionCount
[2025/09/20 13:41:24.488] - eth_getBalance
[2025/09/20 13:41:24.491] - eth_getTransactionCount
[2025/09/20 13:41:24.494] - eth_getBalance
[2025/09/20 13:41:24.497] - eth_getTransactionCount
[2025/09/20 13:41:24.540] - eth_getBalance
[2025/09/20 13:41:24.543] - eth_getTransactionCount
[2025/09/20 13:41:24.546] - eth_getBalance
[2025/09/20 13:41:24.549] - eth_getTransactionCount
[2025/09/20 13:41:24.553] - eth_getBalance
[2025/09/20 13:41:24.556] - eth_getTransactionCount
[2025/09/20 13:41:24.559] - eth_getBalance
[2025/09/20 13:41:24.561] - eth_getTransactionCount
[2025/09/20 13:41:24.564] - eth_getBalance
[2025/09/20 13:41:24.567] - eth_getTransactionCount
[2025/09/20 13:41:24.570] - eth_getBalance
[2025/09/20 13:41:24.573] - eth_getTransactionCount
[2025/09/20 13:41:24.578] - eth_getBalance
[2025/09/20 13:41:24.581] - eth_getTransactionCount
[2025/09/20 13:41:24.584] - eth_getBalance
[2025/09/20 13:41:24.587] - eth_getTransactionCount
[2025/09/20 13:41:24.590] - eth_getBalance
[2025/09/20 13:41:24.593] - eth_getTransactionCount
[2025/09/20 13:41:24.596] - eth_getBalance
[2025/09/20 13:41:24.601] - eth_getTransactionCount
[2025/09/20 13:41:24.650] - eth_getBalance
[2025/09/20 13:41:24.653] - eth_getTransactionCount
[2025/09/20 13:41:24.656] - eth_getBalance
[2025/09/20 13:41:24.659] - eth_getTransactionCount
[2025/09/20 13:41:24.662] - eth_getTransactionCount
[2025/09/20 13:41:24.667] - eth_getBalance
[2025/09/20 13:41:24.670] - eth_getTransactionCount
[2025/09/20 13:41:24.673] - eth_getBalance
[2025/09/20 13:41:24.676] - eth_getTransactionCount
[2025/09/20 13:41:24.679] - eth_getBalance
[2025/09/20 13:41:24.683] - eth_getTransactionCount
[2025/09/20 13:41:24.686] - eth_getBalance
[2025/09/20 13:41:24.691] - eth_getTransactionCount
[2025/09/20 13:41:24.694] - eth_getBalance
[2025/09/20 13:41:24.697] - eth_getTransactionCount
[2025/09/20 13:41:24.700] - eth_getBalance
[2025/09/20 13:41:24.703] - eth_getTransactionCount
[2025/09/20 13:41:24.707] - eth_getBalance
[2025/09/20 13:41:24.710] - eth_getTransactionCount
[2025/09/20 13:41:24.776] - eth_getBalance
[2025/09/20 13:41:24.780] - eth_getTransactionCount
[2025/09/20 13:41:24.783] - eth_getBalance
[2025/09/20 13:41:24.788] - eth_getTransactionCount
[2025/09/20 13:41:24.792] - eth_getBalance
[2025/09/20 13:41:24.796] - eth_getTransactionCount
[2025/09/20 13:41:24.799] - eth_getBalance
[2025/09/20 13:41:24.805] - eth_getTransactionCount
[2025/09/20 13:41:24.808] - eth_getBalance
[2025/09/20 13:41:24.811] - eth_getTransactionCount
[2025/09/20 13:41:24.815] - eth_getBalance
[2025/09/20 13:41:24.818] - eth_getTransactionCount
[2025/09/20 13:41:24.821] - eth_getBalance
[2025/09/20 13:41:24.824] - eth_getTransactionCount
[2025/09/20 13:41:24.827] - eth_getBalance
[2025/09/20 13:41:24.830] - eth_getTransactionCount
[2025/09/20 13:41:24.833] - eth_getBalance
[2025/09/20 13:41:24.837] - eth_getTransactionCount
[2025/09/20 13:41:24.840] - eth_getBalance
[2025/09/20 13:41:24.843] - eth_getTransactionCount
[2025/09/20 13:41:24.845] - eth_getBalance
[2025/09/20 13:41:24.849] - eth_getTransactionCount
[2025/09/20 13:41:24.852] - eth_getBalance
[2025/09/20 13:41:24.855] - eth_getTransactionCount
[2025/09/20 13:41:24.859] - eth_getBalance
[2025/09/20 13:41:24.861] - eth_getTransactionCount
[2025/09/20 13:41:24.864] - eth_getBalance
[2025/09/20 13:41:24.867] - eth_getTransactionCount
[2025/09/20 13:41:24.870] - eth_getBalance
[2025/09/20 13:41:24.873] - eth_getTransactionCount
[2025/09/20 13:41:24.876] - eth_getBalance
[2025/09/20 13:41:24.880] - eth_getTransactionCount
[2025/09/20 13:41:24.884] - eth_getBalance
[2025/09/20 13:41:24.886] - eth_getTransactionCount
[2025/09/20 13:41:24.889] - eth_getBalance
[2025/09/20 13:41:24.892] - eth_getTransactionCount
[2025/09/20 13:41:24.974] - eth_getTransactionCount
[2025/09/20 13:41:24.977] - eth_getBalance
[2025/09/20 13:41:24.980] - eth_getTransactionCount
[2025/09/20 13:41:24.983] - eth_getBalance
[2025/09/20 13:41:24.985] - eth_getTransactionCount
[2025/09/20 13:41:24.988] - eth_getBalance
[2025/09/20 13:41:24.991] - eth_getTransactionCount
[2025/09/20 13:41:24.995] - eth_getBalance
[2025/09/20 13:41:24.998] - eth_getTransactionCount
[2025/09/20 13:41:25.001] - eth_getBalance
[2025/09/20 13:41:25.004] - eth_getTransactionCount
[2025/09/20 13:41:25.006] - eth_getBalance
[2025/09/20 13:41:25.009] - eth_getTransactionCount
[2025/09/20 13:41:25.077] - eth_getBalance
[2025/09/20 13:41:25.080] - eth_getTransactionCount
[2025/09/20 13:41:25.084] - eth_getBalance
[2025/09/20 13:41:25.086] - eth_getTransactionCount
[2025/09/20 13:41:25.089] - eth_getBalance
[2025/09/20 13:41:25.093] - eth_getTransactionCount
[2025/09/20 13:41:25.095] - eth_getBalance
[2025/09/20 13:41:25.098] - eth_getTransactionCount
[2025/09/20 13:41:25.101] - eth_getBalance
[2025/09/20 13:41:25.105] - eth_getTransactionCount
[2025/09/20 13:41:25.107] - eth_getBalance
[2025/09/20 13:41:25.110] - eth_getTransactionCount
[2025/09/20 13:41:25.114] - eth_getBalance
[2025/09/20 13:41:25.116] - eth_getTransactionCount
[2025/09/20 13:41:25.119] - eth_getBalance
[2025/09/20 13:41:25.122] - eth_getTransactionCount
[2025/09/20 13:41:25.126] - eth_getBalance
[2025/09/20 13:41:25.128] - eth_getTransactionCount
[2025/09/20 13:41:25.131] - eth_getBalance
[2025/09/20 13:41:25.134] - eth_getTransactionCount
[2025/09/20 13:41:25.186] - eth_getBalance
[2025/09/20 13:41:25.189] - eth_getTransactionCount
[2025/09/20 13:41:25.192] - eth_getBalance
[2025/09/20 13:41:25.195] - eth_getTransactionCount
[2025/09/20 13:41:25.198] - eth_getBalance
[2025/09/20 13:41:25.201] - eth_getTransactionCount
[2025/09/20 13:41:25.205] - eth_getBalance
[2025/09/20 13:41:25.208] - eth_getTransactionCount
[2025/09/20 13:41:25.211] - eth_getBalance
[2025/09/20 13:41:25.213] - eth_getTransactionCount
[2025/09/20 13:41:25.216] - eth_getBalance
[2025/09/20 13:41:25.219] - eth_getTransactionCount
[2025/09/20 13:41:25.222] - eth_getBalance
[2025/09/20 13:41:25.226] - eth_getTransactionCount
[2025/09/20 13:41:25.228] - eth_getBalance
[2025/09/20 13:41:25.231] - eth_getTransactionCount
[2025/09/20 13:41:25.234] - eth_getBalance
[2025/09/20 13:41:25.237] - eth_getTransactionCount
[2025/09/20 13:41:25.239] - eth_getBalance
[2025/09/20 13:41:25.242] - eth_getTransactionCount
[2025/09/20 13:41:25.246] - eth_getBalance
[2025/09/20 13:41:25.249] - eth_getTransactionCount
[2025/09/20 13:41:25.252] - eth_getBalance
[2025/09/20 13:41:25.254] - eth_getTransactionCount
[2025/09/20 13:41:25.257] - eth_getBalance
[2025/09/20 13:41:25.260] - eth_getTransactionCount
[2025/09/20 13:41:25.262] - eth_getBalance
[2025/09/20 13:41:25.266] - eth_getTransactionCount
[2025/09/20 13:41:25.269] - eth_getBalance
[2025/09/20 13:41:25.272] - eth_getTransactionCount
[2025/09/20 13:41:25.274] - eth_getBalance
[2025/09/20 13:41:25.277] - eth_getTransactionCount
[2025/09/20 13:41:25.280] - eth_getBalance
[2025/09/20 13:41:25.283] - eth_getTransactionCount
[2025/09/20 13:41:25.290] - eth_getBalance
[2025/09/20 13:41:25.299] - eth_getTransactionCount
[2025/09/20 13:42:23.177] - eth_getBlockByNumber
[2025/09/20 13:42:23.199] - eth_getBlockTransactionCountByHash
[2025/09/20 13:42:23.210] - eth_getBlockByNumber
[2025/09/20 13:42:23.226] - eth_getBlockTransactionCountByHash
[2025/09/20 13:42:23.238] - eth_getBlockByNumber
[2025/09/20 13:42:23.257] - eth_getBlockTransactionCountByHash
[2025/09/20 13:42:23.270] - eth_getBlockByNumber
[2025/09/20 13:42:23.280] - eth_getBlockTransactionCountByHash
[2025/09/20 13:42:23.291] - eth_getBlockByNumber
[2025/09/20 13:42:23.299] - eth_getBlockTransactionCountByHash
[2025/09/20 13:42:23.308] - eth_getBlockByNumber
[2025/09/20 13:42:23.317] - eth_getBlockTransactionCountByHash
[2025/09/20 13:42:23.328] - eth_getBlockByNumber
[2025/09/20 13:42:23.335] - eth_getBlockTransactionCountByHash
[2025/09/20 13:42:23.344] - eth_getBlockByNumber
[2025/09/20 13:42:23.354] - eth_getBlockTransactionCountByHash
[2025/09/20 13:42:23.367] - eth_getBlockByNumber
[2025/09/20 13:42:23.383] - eth_getBlockTransactionCountByHash
[2025/09/20 13:42:23.391] - eth_getBlockByNumber
[2025/09/20 13:42:23.400] - eth_getBlockTransactionCountByHash
[2025/09/20 13:42:23.408] - eth_getBlockByNumber
[2025/09/20 13:42:23.416] - eth_getBlockTransactionCountByHash
[2025/09/20 13:42:23.425] - eth_getBlockByNumber
[2025/09/20 13:42:23.435] - eth_getBlockTransactionCountByHash
[2025/09/20 13:42:23.446] - eth_getBlockByNumber
[2025/09/20 13:42:23.456] - eth_getBlockTransactionCountByHash
[2025/09/20 13:42:23.462] - eth_getBlockByNumber
[2025/09/20 13:42:23.471] - eth_getBlockTransactionCountByHash
[2025/09/20 13:42:23.478] - eth_getBlockByNumber
[2025/09/20 13:42:23.484] - eth_getBlockTransactionCountByHash
[2025/09/20 13:42:23.492] - eth_getBlockByNumber
[2025/09/20 13:42:23.499] - eth_getBlockTransactionCountByHash
[2025/09/20 13:45:17.910] - eth_blockNumber
[2025/09/20 13:45:17.922] - net_version
[2025/09/20 13:45:17.926] - eth_accounts
[2025/09/20 13:45:18.190] - eth_getBlockByNumber
[2025/09/20 13:45:18.195] - eth_accounts
[2025/09/20 13:45:18.209] - eth_getBlockByNumber
[2025/09/20 13:45:18.212] - eth_getBlockByNumber
[2025/09/20 13:45:18.215] - eth_getBlockByNumber
[2025/09/20 13:45:18.223] - eth_estimateGas
[2025/09/20 13:45:18.254] - eth_getBlockByNumber
[2025/09/20 13:45:18.255] - eth_blockNumber
[2025/09/20 13:45:18.259] - eth_sendTransaction
[2025/09/20 13:45:18.266] - 
  Transaction: 0xb9a430cb014d22fd27d65f73d1663d28522a8b7828790ca9aab2990f023c513a
  Contract created: 0x13fb37cf96f37323e28e43028cc700e96006a6dc
  Gas usage: 852594
  Block number: 34
  Block time: Sat Sep 20 2025 13:45:18 GMT+0100 (heure normale d’Afrique de l’Ouest)

[2025/09/20 13:45:18.268] - eth_getBlockByNumber
[2025/09/20 13:45:18.270] - eth_getTransactionReceipt
[2025/09/20 13:45:18.273] - eth_getCode
[2025/09/20 13:45:18.278] - eth_getTransactionByHash
[2025/09/20 13:45:18.279] - eth_getBalance
[2025/09/20 13:45:18.283] - eth_getBlockByNumber
[2025/09/20 13:45:18.284] - eth_getTransactionCount
[2025/09/20 13:45:18.285] - eth_getBalance
[2025/09/20 13:45:18.290] - eth_getBalance
[2025/09/20 13:45:18.296] - eth_getTransactionCount
[2025/09/20 13:45:18.301] - eth_getBalance
[2025/09/20 13:45:18.306] - eth_getTransactionCount
[2025/09/20 13:45:18.311] - eth_getBalance
[2025/09/20 13:45:18.316] - eth_getTransactionCount
[2025/09/20 13:45:18.322] - eth_getBalance
[2025/09/20 13:45:18.328] - eth_getTransactionCount
[2025/09/20 13:45:18.338] - eth_getBalance
[2025/09/20 13:45:18.347] - eth_getTransactionCount
[2025/09/20 13:45:18.353] - eth_getBalance
[2025/09/20 13:45:18.360] - eth_getTransactionCount
[2025/09/20 13:45:18.365] - eth_getBalance
[2025/09/20 13:45:18.370] - eth_getTransactionCount
[2025/09/20 13:45:18.374] - eth_getBalance
[2025/09/20 13:45:18.377] - eth_getTransactionCount
[2025/09/20 13:45:18.381] - eth_getBalance
[2025/09/20 13:45:18.384] - eth_getTransactionCount
[2025/09/20 13:45:27.728] - eth_blockNumber
[2025/09/20 13:45:27.740] - net_version
[2025/09/20 13:45:27.743] - eth_accounts
[2025/09/20 13:45:27.760] - eth_blockNumber
[2025/09/20 13:45:27.763] - net_version
[2025/09/20 13:45:28.993] - eth_accounts
[2025/09/20 13:45:30.097] - eth_getBlockByNumber
[2025/09/20 13:45:30.101] - eth_accounts
[2025/09/20 13:45:30.115] - eth_getBlockByNumber
[2025/09/20 13:45:30.119] - eth_getBlockByNumber
[2025/09/20 13:45:30.122] - eth_getBlockByNumber
[2025/09/20 13:45:30.131] - eth_estimateGas
[2025/09/20 13:45:30.161] - eth_getBlockByNumber
[2025/09/20 13:45:30.162] - eth_blockNumber
[2025/09/20 13:45:30.166] - eth_sendTransaction
[2025/09/20 13:45:30.173] - 
  Transaction: 0xbd90ab308e2706f88df4a5059a0cfc6dba965edadbf6d19598e0bdb210d42bdb
  Contract created: 0x2aebf1036c6865a11858f444ef1570d4eecdf816
  Gas usage: 852594
  Block number: 35
  Block time: Sat Sep 20 2025 13:45:30 GMT+0100 (heure normale d’Afrique de l’Ouest)

[2025/09/20 13:45:30.175] - eth_getBlockByNumber
[2025/09/20 13:45:30.176] - eth_getTransactionReceipt
[2025/09/20 13:45:30.180] - eth_getCode
[2025/09/20 13:45:30.187] - eth_getBalance
[2025/09/20 13:45:30.194] - eth_getTransactionCount
[2025/09/20 13:45:30.201] - eth_getBalance
[2025/09/20 13:45:30.208] - eth_getTransactionCount
[2025/09/20 13:45:30.213] - eth_getBalance
[2025/09/20 13:45:30.220] - evm_snapshot
[2025/09/20 13:45:30.220] - Saved snapshot #4
[2025/09/20 13:45:30.221] - eth_getTransactionCount
[2025/09/20 13:45:30.225] - eth_getBalance
[2025/09/20 13:45:30.231] - eth_getTransactionCount
[2025/09/20 13:45:30.237] - eth_getBalance
[2025/09/20 13:45:30.242] - eth_getTransactionCount
[2025/09/20 13:45:30.252] - net_version
[2025/09/20 13:45:30.258] - eth_getBalance
[2025/09/20 13:45:30.262] - eth_getBlockByNumber
[2025/09/20 13:45:30.266] - eth_blockNumber
[2025/09/20 13:45:30.267] - eth_getTransactionCount
[2025/09/20 13:45:30.269] - eth_blockNumber
[2025/09/20 13:45:30.274] - eth_call
[2025/09/20 13:45:30.279] - eth_getBalance
[2025/09/20 13:45:30.280] - eth_blockNumber
[2025/09/20 13:45:30.283] - eth_call
[2025/09/20 13:45:30.287] - eth_getTransactionCount
[2025/09/20 13:45:30.290] - eth_blockNumber
[2025/09/20 13:45:30.293] - eth_getBalance
[2025/09/20 13:45:30.294] - eth_getBlockByNumber
[2025/09/20 13:45:30.298] - eth_sendTransaction
[2025/09/20 13:45:30.301] - eth_getTransactionCount
[2025/09/20 13:45:30.306] - eth_getBalance
[2025/09/20 13:45:30.310] - eth_getTransactionCount
[2025/09/20 13:45:30.316] - 
  Transaction: 0xc2b93d368d24645b1a45536d5209129195718aac03102871600a34e09d0a0c2b
  Gas usage: 227393
  Block number: 36
  Block time: Sat Sep 20 2025 13:45:30 GMT+0100 (heure normale d’Afrique de l’Ouest)

[2025/09/20 13:45:30.317] - eth_getBalance
[2025/09/20 13:45:30.319] - eth_getBlockByNumber
[2025/09/20 13:45:30.319] - eth_getTransactionReceipt
[2025/09/20 13:45:30.321] - eth_getTransactionCount
[2025/09/20 13:45:30.324] - eth_call
[2025/09/20 13:45:30.329] - eth_call
[2025/09/20 13:45:30.338] - eth_blockNumber
[2025/09/20 13:45:30.340] - eth_getBlockByNumber
[2025/09/20 13:45:30.343] - eth_sendTransaction
[2025/09/20 13:45:30.348] - 
  Transaction: 0x8a08fc2cb66cbc12b2c0f27045d415e8b724ec17c82798bd44e00d7fc34a186d
  Gas usage: 24660
  Block number: 37
  Block time: Sat Sep 20 2025 13:45:30 GMT+0100 (heure normale d’Afrique de l’Ouest)
  Runtime error: revert
  Revert reason: Seul le notaire peut executer cette action

[2025/09/20 13:45:30.350] - eth_getBlockByNumber
[2025/09/20 13:45:30.358] - eth_call
[2025/09/20 13:45:30.370] - eth_getBalance
[2025/09/20 13:45:30.374] - eth_getBalance
[2025/09/20 13:45:30.379] - eth_getTransactionCount
[2025/09/20 13:45:30.386] - eth_getBalance
[2025/09/20 13:45:30.393] - eth_getTransactionCount
[2025/09/20 13:45:30.399] - eth_getBalance
[2025/09/20 13:45:30.404] - eth_getTransactionCount
[2025/09/20 13:45:30.410] - eth_getBalance
[2025/09/20 13:45:30.418] - eth_getTransactionCount
[2025/09/20 13:45:30.430] - eth_getBalance
[2025/09/20 13:45:30.436] - eth_getTransactionCount
[2025/09/20 13:45:30.443] - eth_getBalance
[2025/09/20 13:45:30.449] - eth_getTransactionCount
[2025/09/20 13:45:30.454] - eth_getBalance
[2025/09/20 13:45:30.460] - eth_getTransactionCount
[2025/09/20 13:45:30.464] - eth_getBalance
[2025/09/20 13:45:30.469] - eth_getTransactionCount
[2025/09/20 13:45:30.474] - eth_getBalance
[2025/09/20 13:45:30.479] - eth_getTransactionCount
[2025/09/20 13:45:30.495] - eth_blockNumber
[2025/09/20 13:45:30.497] - eth_getBlockByNumber
[2025/09/20 13:45:30.500] - eth_sendTransaction
[2025/09/20 13:45:30.507] - 
  Transaction: 0x21eab6631c4ff6eab62a470e7f93459ad50ebc4c0e0e55cb4239bfb3081d5c8c
  Gas usage: 32744
  Block number: 38
  Block time: Sat Sep 20 2025 13:45:30 GMT+0100 (heure normale d’Afrique de l’Ouest)

[2025/09/20 13:45:30.509] - eth_getBlockByNumber
[2025/09/20 13:45:30.509] - eth_getTransactionReceipt
[2025/09/20 13:45:30.513] - eth_call
[2025/09/20 13:45:30.522] - eth_blockNumber
[2025/09/20 13:45:30.525] - eth_getBlockByNumber
[2025/09/20 13:45:30.528] - eth_sendTransaction
[2025/09/20 13:45:30.532] - eth_getBalance
[2025/09/20 13:45:30.538] - eth_getTransactionCount
[2025/09/20 13:45:30.542] - 
  Transaction: 0xd2b9e337fe3b9c37857f1602fb2483cff4c57f2876cc40e123c11bab5c2fe92b
  Gas usage: 114399
  Block number: 39
  Block time: Sat Sep 20 2025 13:45:30 GMT+0100 (heure normale d’Afrique de l’Ouest)

[2025/09/20 13:45:30.543] - eth_getTransactionCount
[2025/09/20 13:45:30.544] - eth_getBlockByNumber
[2025/09/20 13:45:30.545] - eth_getTransactionReceipt
[2025/09/20 13:45:30.548] - eth_call
[2025/09/20 13:45:30.551] - eth_getBalance
[2025/09/20 13:45:30.556] - eth_getTransactionCount
[2025/09/20 13:45:30.557] - eth_blockNumber
[2025/09/20 13:45:30.560] - eth_call
[2025/09/20 13:45:30.563] - eth_getBalance
[2025/09/20 13:45:30.569] - eth_getTransactionCount
[2025/09/20 13:45:30.570] - eth_blockNumber
[2025/09/20 13:45:30.573] - eth_getBlockByNumber
[2025/09/20 13:45:30.575] - eth_sendTransaction
[2025/09/20 13:45:30.576] - eth_getBalance
[2025/09/20 13:45:30.582] - eth_getTransactionCount
[2025/09/20 13:45:30.587] - eth_getBalance
[2025/09/20 13:45:30.591] - eth_getTransactionCount
[2025/09/20 13:45:30.598] - eth_getBalance
[2025/09/20 13:45:30.600] - 
  Transaction: 0xeaf313958426e87b5213794232d8498707bce2da1cd35824fd8975850dace16c
  Gas usage: 210269
  Block number: 40
  Block time: Sat Sep 20 2025 13:45:30 GMT+0100 (heure normale d’Afrique de l’Ouest)

[2025/09/20 13:45:30.602] - eth_getTransactionCount
[2025/09/20 13:45:30.603] - eth_getBlockByNumber
[2025/09/20 13:45:30.604] - eth_getTransactionReceipt
[2025/09/20 13:45:30.607] - eth_getBalance
[2025/09/20 13:45:30.607] - eth_getBlockByNumber
[2025/09/20 13:45:30.611] - eth_sendTransaction
[2025/09/20 13:45:30.611] - eth_getTransactionCount
[2025/09/20 13:45:30.616] - 
  Transaction: 0x724899046082545eedf65157f17b60fccb149238faae05c9eacb71f41c4f01c9
  Gas usage: 25925
  Block number: 41
  Block time: Sat Sep 20 2025 13:45:30 GMT+0100 (heure normale d’Afrique de l’Ouest)
  Runtime error: revert
  Revert reason: Bien non disponible a la vente

[2025/09/20 13:45:30.617] - eth_getBlockByNumber
[2025/09/20 13:45:30.618] - eth_getBalance
[2025/09/20 13:45:30.624] - eth_getTransactionCount
[2025/09/20 13:45:30.625] - eth_call
[2025/09/20 13:45:30.631] - eth_blockNumber
[2025/09/20 13:45:30.634] - eth_getBlockByNumber
[2025/09/20 13:45:30.637] - eth_sendTransaction
[2025/09/20 13:45:30.643] - 
  Transaction: 0xfed123ab8722d23d7d4d78d128930705421e0351301bb7bbef6c8b4069982ded
  Gas usage: 23743
  Block number: 42
  Block time: Sat Sep 20 2025 13:45:30 GMT+0100 (heure normale d’Afrique de l’Ouest)
  Runtime error: revert
  Revert reason: Property does not exist

[2025/09/20 13:45:30.645] - eth_getBlockByNumber
[2025/09/20 13:45:30.656] - eth_call
[2025/09/20 13:45:30.771] - eth_getBalance
[2025/09/20 13:45:30.778] - eth_getTransactionCount
[2025/09/20 13:45:30.786] - eth_getBalance
[2025/09/20 13:45:30.791] - eth_getTransactionCount
[2025/09/20 13:45:30.796] - eth_getBalance
[2025/09/20 13:45:30.800] - eth_getTransactionCount
[2025/09/20 13:45:30.805] - eth_getBalance
[2025/09/20 13:45:30.809] - eth_getTransactionCount
[2025/09/20 13:45:30.815] - eth_getBalance
[2025/09/20 13:45:30.819] - eth_getTransactionCount
[2025/09/20 13:45:30.824] - eth_getTransactionCount
[2025/09/20 13:45:30.830] - eth_getBalance
[2025/09/20 13:45:30.839] - eth_getTransactionCount
[2025/09/20 13:45:30.844] - eth_getBalance
[2025/09/20 13:45:30.849] - eth_getTransactionCount
[2025/09/20 13:45:30.854] - eth_getBalance
[2025/09/20 13:45:30.861] - eth_getTransactionCount
[2025/09/20 13:45:30.866] - eth_getBalance
[2025/09/20 13:45:30.870] - eth_getTransactionCount
[2025/09/20 13:45:30.874] - eth_getBalance
[2025/09/20 13:45:30.881] - eth_getTransactionCount
[2025/09/20 13:45:30.885] - eth_getBalance
[2025/09/20 13:45:30.889] - eth_getTransactionCount
[2025/09/20 13:45:30.894] - eth_getBalance
[2025/09/20 13:45:30.901] - eth_getTransactionCount
[2025/09/20 13:45:30.907] - eth_getBalance
[2025/09/20 13:45:30.914] - eth_getTransactionCount
[2025/09/20 13:45:30.919] - eth_getBalance
[2025/09/20 13:45:30.925] - eth_getTransactionCount
[2025/09/20 13:45:30.929] - eth_getTransactionCount
[2025/09/20 13:45:30.933] - eth_getBalance
[2025/09/20 13:45:30.938] - eth_getTransactionCount
[2025/09/20 13:45:30.943] - eth_getBalance
[2025/09/20 13:45:30.947] - eth_getTransactionCount
[2025/09/20 13:45:30.952] - eth_getBalance
[2025/09/20 13:45:30.956] - eth_getTransactionCount
[2025/09/20 13:45:30.973] - eth_getBalance
[2025/09/20 13:45:30.982] - eth_getTransactionCount
[2025/09/20 13:45:31.044] - eth_getBalance
[2025/09/20 13:45:31.049] - eth_getTransactionCount
[2025/09/20 13:45:31.054] - eth_getBalance
[2025/09/20 13:45:31.058] - eth_getTransactionCount
[2025/09/20 13:45:31.063] - eth_getBalance
[2025/09/20 13:45:31.067] - eth_getTransactionCount
[2025/09/20 13:45:31.074] - eth_getBalance
[2025/09/20 13:45:31.081] - eth_getTransactionCount
[2025/09/20 13:45:31.086] - eth_getBalance
[2025/09/20 13:45:31.091] - eth_getTransactionCount
[2025/09/20 13:45:31.095] - eth_getBalance
[2025/09/20 13:45:31.102] - eth_getTransactionCount
[2025/09/20 13:45:31.108] - eth_getBalance
[2025/09/20 13:45:31.113] - eth_getBalance
[2025/09/20 13:45:31.120] - eth_getTransactionCount
[2025/09/20 13:45:31.125] - eth_getBalance
[2025/09/20 13:45:31.131] - eth_getTransactionCount
[2025/09/20 13:45:31.136] - eth_getBalance
[2025/09/20 13:45:31.141] - eth_getTransactionCount
[2025/09/20 13:45:31.195] - eth_getBalance
[2025/09/20 13:45:31.200] - eth_getTransactionCount
[2025/09/20 13:45:31.206] - eth_getBalance
[2025/09/20 13:45:31.212] - eth_getTransactionCount
[2025/09/20 13:45:31.217] - eth_getBalance
[2025/09/20 13:45:31.223] - eth_getTransactionCount
[2025/09/20 13:45:31.233] - eth_getBalance
[2025/09/20 13:45:31.243] - eth_getTransactionCount
[2025/09/20 13:45:31.249] - eth_getBalance
[2025/09/20 13:45:31.253] - eth_getTransactionCount
[2025/09/20 13:45:31.258] - eth_getBalance
[2025/09/20 13:45:31.262] - eth_getTransactionCount
[2025/09/20 13:45:31.266] - eth_getBalance
[2025/09/20 13:45:31.271] - eth_getTransactionCount
[2025/09/20 13:45:31.276] - eth_getBalance
[2025/09/20 13:45:31.280] - eth_getTransactionCount
[2025/09/20 13:45:31.285] - eth_getBalance
[2025/09/20 13:45:31.288] - eth_getTransactionCount
[2025/09/20 13:45:31.293] - eth_getBalance
[2025/09/20 13:45:31.297] - eth_getTransactionCount
[2025/09/20 13:45:31.302] - eth_getBalance
[2025/09/20 13:45:31.306] - eth_getTransactionCount
[2025/09/20 13:45:31.310] - eth_getBalance
[2025/09/20 13:45:31.314] - eth_getTransactionCount
[2025/09/20 13:45:31.319] - eth_getBalance
[2025/09/20 13:45:31.323] - eth_getTransactionCount
[2025/09/20 13:45:31.327] - eth_getBalance
[2025/09/20 13:45:31.332] - eth_getTransactionCount
[2025/09/20 13:45:31.337] - eth_getBalance
[2025/09/20 13:45:31.341] - eth_getTransactionCount
[2025/09/20 13:45:31.345] - eth_getBalance
[2025/09/20 13:45:31.352] - eth_getTransactionCount
[2025/09/20 13:45:31.358] - eth_getBalance
[2025/09/20 13:45:31.362] - eth_getTransactionCount
[2025/09/20 13:45:31.366] - eth_getBalance
[2025/09/20 13:45:31.370] - eth_getTransactionCount
[2025/09/20 13:45:31.375] - eth_getBalance
[2025/09/20 13:45:31.379] - eth_getTransactionCount
[2025/09/20 13:45:31.383] - eth_getBalance
[2025/09/20 13:45:31.387] - eth_getTransactionCount
[2025/09/20 13:45:31.456] - eth_getTransactionCount
[2025/09/20 13:45:31.461] - eth_getBalance
[2025/09/20 13:45:31.466] - eth_getTransactionCount
[2025/09/20 13:45:31.470] - eth_getBalance
[2025/09/20 13:45:31.474] - eth_getTransactionCount
[2025/09/20 13:45:31.479] - eth_getBalance
[2025/09/20 13:45:31.485] - eth_getTransactionCount
[2025/09/20 13:45:31.490] - eth_getBalance
[2025/09/20 13:45:31.494] - eth_getTransactionCount
[2025/09/20 13:45:31.499] - eth_getBalance
[2025/09/20 13:45:31.503] - eth_getTransactionCount
[2025/09/20 13:45:31.508] - eth_getBalance
[2025/09/20 13:45:31.512] - eth_getTransactionCount
[2025/09/20 13:45:31.517] - eth_getBalance
[2025/09/20 13:45:31.521] - eth_getTransactionCount
[2025/09/20 13:45:31.527] - eth_getBalance
[2025/09/20 13:45:31.532] - eth_getTransactionCount
[2025/09/20 13:45:31.536] - eth_getTransactionCount
[2025/09/20 13:45:31.540] - eth_getBalance
[2025/09/20 13:45:31.544] - eth_getTransactionCount
[2025/09/20 13:45:31.548] - eth_getBalance
[2025/09/20 13:45:31.553] - eth_getTransactionCount
[2025/09/20 13:45:31.557] - eth_getBalance
[2025/09/20 13:45:31.562] - eth_getTransactionCount
[2025/09/20 13:45:31.566] - eth_getBalance
[2025/09/20 13:45:31.571] - eth_getTransactionCount
[2025/09/20 13:45:31.576] - eth_getBalance
[2025/09/20 13:45:31.580] - eth_getTransactionCount
[2025/09/20 13:45:31.585] - eth_getBalance
[2025/09/20 13:45:31.588] - eth_getTransactionCount
[2025/09/20 13:45:31.592] - eth_getBalance
[2025/09/20 13:45:31.596] - eth_getTransactionCount
[2025/09/20 13:45:31.601] - eth_getBalance
[2025/09/20 13:45:31.605] - eth_getTransactionCount
[2025/09/20 13:45:31.792] - eth_getTransactionCount
[2025/09/20 13:45:31.798] - eth_getBalance
[2025/09/20 13:45:31.801] - eth_getTransactionCount
[2025/09/20 13:45:31.805] - eth_getBalance
[2025/09/20 13:45:31.811] - eth_getTransactionCount
[2025/09/20 13:45:31.815] - eth_getBalance
[2025/09/20 13:45:31.819] - eth_getTransactionCount
[2025/09/20 13:45:31.823] - eth_getBalance
[2025/09/20 13:45:31.828] - eth_getTransactionCount
[2025/09/20 13:45:31.832] - eth_getBalance
[2025/09/20 13:45:31.836] - eth_getTransactionCount
[2025/09/20 13:45:31.840] - eth_getBalance
[2025/09/20 13:45:31.845] - eth_getTransactionCount
[2025/09/20 13:45:31.849] - eth_getBalance
[2025/09/20 13:45:31.853] - eth_getTransactionCount
[2025/09/20 13:45:31.857] - eth_getBalance
[2025/09/20 13:45:31.865] - eth_getTransactionCount
[2025/09/20 13:45:31.876] - eth_getBalance
[2025/09/20 13:45:31.881] - eth_getTransactionCount
[2025/09/20 13:45:31.934] - eth_getBalance
[2025/09/20 13:45:31.938] - eth_getTransactionCount
[2025/09/20 13:45:31.943] - eth_getBalance
[2025/09/20 13:45:31.947] - eth_getTransactionCount
[2025/09/20 13:45:31.952] - eth_getBalance
[2025/09/20 13:45:31.956] - eth_getTransactionCount
[2025/09/20 13:45:31.960] - eth_getBalance
[2025/09/20 13:45:31.965] - eth_getTransactionCount
[2025/09/20 13:45:31.970] - eth_getBalance
[2025/09/20 13:45:31.974] - eth_getTransactionCount
[2025/09/20 13:45:31.978] - eth_getBalance
[2025/09/20 13:45:31.982] - eth_getTransactionCount
[2025/09/20 13:45:31.988] - eth_getBalance
[2025/09/20 13:45:31.991] - eth_getTransactionCount
[2025/09/20 13:45:31.995] - eth_getBalance
[2025/09/20 13:45:31.999] - eth_getTransactionCount
[2025/09/20 13:45:32.080] - eth_getBalance
[2025/09/20 13:45:32.086] - eth_getTransactionCount
[2025/09/20 13:45:32.090] - eth_getBalance
[2025/09/20 13:45:32.094] - eth_getTransactionCount
[2025/09/20 13:45:32.098] - eth_getBalance
[2025/09/20 13:45:32.103] - eth_getTransactionCount
[2025/09/20 13:45:32.107] - eth_getBalance
[2025/09/20 13:45:32.112] - eth_getTransactionCount
[2025/09/20 13:45:32.116] - eth_getBalance
[2025/09/20 13:45:32.121] - eth_getTransactionCount
[2025/09/20 13:45:32.124] - eth_getBalance
[2025/09/20 13:45:32.129] - eth_getTransactionCount
[2025/09/20 13:45:32.133] - eth_getBalance
[2025/09/20 13:45:32.137] - eth_getTransactionCount
[2025/09/20 13:45:32.141] - eth_getBalance
[2025/09/20 13:45:32.146] - eth_getBalance
[2025/09/20 13:45:32.150] - eth_getTransactionCount
[2025/09/20 13:45:32.155] - eth_getBalance
[2025/09/20 13:45:32.158] - eth_getTransactionCount
[2025/09/20 13:45:32.214] - eth_getTransactionCount
[2025/09/20 13:45:32.218] - eth_getBalance
[2025/09/20 13:45:32.223] - eth_getTransactionCount
[2025/09/20 13:45:32.227] - eth_getBalance
[2025/09/20 13:45:32.231] - eth_getTransactionCount
[2025/09/20 13:45:32.236] - eth_getBalance
[2025/09/20 13:45:32.240] - eth_getTransactionCount
[2025/09/20 13:45:32.244] - eth_getBalance
[2025/09/20 13:45:32.247] - eth_getTransactionCount
[2025/09/20 13:45:32.252] - eth_getBalance
[2025/09/20 13:45:32.256] - eth_getTransactionCount
[2025/09/20 13:45:32.260] - eth_getBalance
[2025/09/20 13:45:32.263] - eth_getTransactionCount
[2025/09/20 13:45:32.271] - eth_getBalance
[2025/09/20 13:45:32.282] - eth_getTransactionCount
[2025/09/20 13:45:32.287] - eth_getBalance
[2025/09/20 13:45:32.292] - eth_getTransactionCount
[2025/09/20 13:45:32.296] - eth_getBalance
[2025/09/20 13:45:32.300] - eth_getTransactionCount
[2025/09/20 13:45:32.304] - eth_getTransactionCount
[2025/09/20 13:45:32.308] - eth_getBalance
[2025/09/20 13:45:32.313] - eth_getTransactionCount
[2025/09/20 13:45:32.317] - eth_getBalance
[2025/09/20 13:45:32.322] - eth_getTransactionCount
[2025/09/20 13:45:32.326] - eth_getBalance
[2025/09/20 13:45:32.330] - eth_getTransactionCount
[2025/09/20 13:45:32.334] - eth_getBalance
[2025/09/20 13:45:32.339] - eth_getTransactionCount
[2025/09/20 13:45:32.342] - eth_getBalance
[2025/09/20 13:45:32.347] - eth_getTransactionCount
[2025/09/20 13:45:32.351] - eth_getBalance
[2025/09/20 13:45:32.355] - eth_getTransactionCount
[2025/09/20 13:45:32.359] - eth_getBalance
[2025/09/20 13:45:32.363] - eth_getTransactionCount
[2025/09/20 13:45:32.367] - eth_getBalance
[2025/09/20 13:45:32.372] - eth_getTransactionCount
[2025/09/20 13:45:32.376] - eth_getBalance
[2025/09/20 13:45:32.381] - eth_getTransactionCount
